
═══════════════════════════════════════════════════════════════
Task 0: label=bd6_nr1_nk30 bd=6 nr=1 nk=30
  Status: FAILED
  Exit code: 1
  End: 2026-07-21T10:24:35+00:00
═══════════════════════════════════════════════════════════════

═══════════════════════════════════════════════════════════════
Task 0: label=bd6_nr1_nk30 bd=6 nr=1 nk=30
  Status: FAILED
  Exit code: 1
  End: 2026-07-22T05:45:02+00:00
═══════════════════════════════════════════════════════════════

═══════════════════════════════════════════════════════════════
Task 1: label=bd6_nr6_nk30 bd=6 nr=6 nk=30
  Status: FAILED
  Exit code: 1
  End: 2026-07-22T13:36:41+00:00
═══════════════════════════════════════════════════════════════

═══════════════════════════════════════════════════════════════
Task 2: label=bd6_nr6_nk20 bd=6 nr=6 nk=20
  Status: FAILED
  Exit code: 1
  End: 2026-07-22T21:22:11+00:00
═══════════════════════════════════════════════════════════════

═══════════════════════════════════════════════════════════════
Task 2: label=bd6_nr6_nk20 bd=6 nr=6 nk=20
  Status: FAILED
  Exit code: 1
  End: 2026-07-26T08:40:51+00:00
═══════════════════════════════════════════════════════════════

═══════════════════════════════════════════════════════════════
Task 0: label=bd6_nr1_nk30 bd=6 nr=1 nk=30
  Status: FAILED
  Exit code: 1
  End: 2026-07-26T08:40:51+00:00
═══════════════════════════════════════════════════════════════

═══════════════════════════════════════════════════════════════
Task 1: label=bd6_nr6_nk30 bd=6 nr=6 nk=30
  Status: FAILED
  Exit code: 1
  End: 2026-07-26T08:40:51+00:00
═══════════════════════════════════════════════════════════════



═══════════════════════════════════════════════════════════════
═══════════════════════════════════════════════════════════════
Task 2: label=bd6_nr6_nk20 bd=6 nr=6 nk=20
Task 0: label=bd6_nr1_nk30 bd=6 nr=1 nk=30
═══════════════════════════════════════════════════════════════
  Status: DONE
  Status: DONE
Task 1: label=bd6_nr6_nk30 bd=6 nr=6 nk=30
  Status: DONE
  End: 2026-07-26T08:45:47+00:00
  End: 2026-07-26T08:45:47+00:00
  End: 2026-07-26T08:45:47+00:00
═══════════════════════════════════════════════════════════════
═══════════════════════════════════════════════════════════════
═══════════════════════════════════════════════════════════════
