[17:12:13] Can't kekulize mol.  Unkekulized atoms: 0 1 2 3 4
[17:12:13] SMILES Parse Error: syntax error while parsing: *C(=O)NHOH
[17:12:13] SMILES Parse Error: check for mistakes around position 8:
[17:12:13] *C(=O)NHOH
[17:12:13] ~~~~~~~^
[17:12:13] SMILES Parse Error: Failed parsing SMILES '*C(=O)NHOH' for input: '*C(=O)NHOH'
[17:12:14] Can't kekulize mol.  Unkekulized atoms: 25 26 28
[17:12:15] Can't kekulize mol.  Unkekulized atoms: 22 23 25
[17:12:15] Can't kekulize mol.  Unkekulized atoms: 31 32 33 34 35 36 38
[17:12:17] Can't kekulize mol.  Unkekulized atoms: 16 17 19
[17:12:21] SMILES Parse Error: syntax error while parsing: *C(=O)NH2
[17:12:21] SMILES Parse Error: check for mistakes around position 8:
[17:12:21] *C(=O)NH2
[17:12:21] ~~~~~~~^
[17:12:21] SMILES Parse Error: Failed parsing SMILES '*C(=O)NH2' for input: '*C(=O)NH2'
[17:12:21] Can't kekulize mol.  Unkekulized atoms: 19 20 22
[17:12:21] Can't kekulize mol.  Unkekulized atoms: 31 32 34
[17:12:23] Can't kekulize mol.  Unkekulized atoms: 15 16 18
[17:12:26] Can't kekulize mol.  Unkekulized atoms: 13 14 16
[17:12:26] Can't kekulize mol.  Unkekulized atoms: 13 14 15 16 17 18 20
[17:12:27] Can't kekulize mol.  Unkekulized atoms: 19 20 21 22 23
[17:12:29] Can't kekulize mol.  Unkekulized atoms: 30 31 33
[17:12:29] SMILES Parse Error: syntax error while parsing: *C(=O)NHOH
[17:12:29] SMILES Parse Error: check for mistakes around position 8:
[17:12:29] *C(=O)NHOH
[17:12:29] ~~~~~~~^
[17:12:29] SMILES Parse Error: Failed parsing SMILES '*C(=O)NHOH' for input: '*C(=O)NHOH'
[17:12:29] Can't kekulize mol.  Unkekulized atoms: 14 15 17
[17:12:32] SMILES Parse Error: syntax error while parsing: *C(=O)NH2
[17:12:32] SMILES Parse Error: check for mistakes around position 8:
[17:12:32] *C(=O)NH2
[17:12:32] ~~~~~~~^
[17:12:32] SMILES Parse Error: Failed parsing SMILES '*C(=O)NH2' for input: '*C(=O)NH2'
[17:12:33] Can't kekulize mol.  Unkekulized atoms: 15 16 18
[17:12:34] SMILES Parse Error: syntax error while parsing: *C(=O)NHOH
[17:12:34] SMILES Parse Error: check for mistakes around position 8:
[17:12:34] *C(=O)NHOH
[17:12:34] ~~~~~~~^
[17:12:34] SMILES Parse Error: Failed parsing SMILES '*C(=O)NHOH' for input: '*C(=O)NHOH'
[17:12:36] SMILES Parse Error: syntax error while parsing: *C(=O)NH2
[17:12:36] SMILES Parse Error: check for mistakes around position 8:
[17:12:36] *C(=O)NH2
[17:12:36] ~~~~~~~^
[17:12:36] SMILES Parse Error: Failed parsing SMILES '*C(=O)NH2' for input: '*C(=O)NH2'
[17:12:38] SMILES Parse Error: syntax error while parsing: *C(=O)NH2
[17:12:38] SMILES Parse Error: check for mistakes around position 8:
[17:12:38] *C(=O)NH2
[17:12:38] ~~~~~~~^
[17:12:38] SMILES Parse Error: Failed parsing SMILES '*C(=O)NH2' for input: '*C(=O)NH2'
[17:12:38] Can't kekulize mol.  Unkekulized atoms: 11 12 14
[17:12:38] Can't kekulize mol.  Unkekulized atoms: 11 12 14
[17:12:39] Can't kekulize mol.  Unkekulized atoms: 21 22 23 24 25
[17:12:40] Can't kekulize mol.  Unkekulized atoms: 25 26 27 28 29 30 32
[17:12:41] SMILES Parse Error: syntax error while parsing: *C(=O)NH2
[17:12:41] SMILES Parse Error: check for mistakes around position 8:
[17:12:41] *C(=O)NH2
[17:12:41] ~~~~~~~^
[17:12:41] SMILES Parse Error: Failed parsing SMILES '*C(=O)NH2' for input: '*C(=O)NH2'
[17:12:41] Can't kekulize mol.  Unkekulized atoms: 16 17 18 19 20 21 23
[17:12:42] SMILES Parse Error: syntax error while parsing: *C(=O)NHOH
[17:12:42] SMILES Parse Error: check for mistakes around position 8:
[17:12:42] *C(=O)NHOH
[17:12:42] ~~~~~~~^
[17:12:42] SMILES Parse Error: Failed parsing SMILES '*C(=O)NHOH' for input: '*C(=O)NHOH'
[17:12:42] Can't kekulize mol.  Unkekulized atoms: 11 12 13 14 15 16 18
[17:12:44] Can't kekulize mol.  Unkekulized atoms: 9 10 12
[17:12:44] Can't kekulize mol.  Unkekulized atoms: 28 29 30 31 32 33 35
[17:12:47] Can't kekulize mol.  Unkekulized atoms: 26 27 29
[17:12:48] Can't kekulize mol.  Unkekulized atoms: 27 28 29 30 31 32 34
[17:12:51] Can't kekulize mol.  Unkekulized atoms: 41 42 44
[17:12:51] Can't kekulize mol.  Unkekulized atoms: 20 21 23
[17:12:52] Can't kekulize mol.  Unkekulized atoms: 23 24 26
[17:12:53] Can't kekulize mol.  Unkekulized atoms: 23 24 25 26 27 28 29 30 31
[17:12:55] SMILES Parse Error: syntax error while parsing: *C(=O)NHOH
[17:12:55] SMILES Parse Error: check for mistakes around position 8:
[17:12:55] *C(=O)NHOH
[17:12:55] ~~~~~~~^
[17:12:55] SMILES Parse Error: Failed parsing SMILES '*C(=O)NHOH' for input: '*C(=O)NHOH'
[17:12:57] SMILES Parse Error: syntax error while parsing: *C(=O)NHOH
[17:12:57] SMILES Parse Error: check for mistakes around position 8:
[17:12:57] *C(=O)NHOH
[17:12:57] ~~~~~~~^
[17:12:57] SMILES Parse Error: Failed parsing SMILES '*C(=O)NHOH' for input: '*C(=O)NHOH'
[17:12:57] SMILES Parse Error: syntax error while parsing: *C(=O)NH2
[17:12:57] SMILES Parse Error: check for mistakes around position 8:
[17:12:57] *C(=O)NH2
[17:12:57] ~~~~~~~^
[17:12:57] SMILES Parse Error: Failed parsing SMILES '*C(=O)NH2' for input: '*C(=O)NH2'
[17:12:57] Can't kekulize mol.  Unkekulized atoms: 16 17 19
[17:12:58] Can't kekulize mol.  Unkekulized atoms: 15 16 18
[17:13:00] Can't kekulize mol.  Unkekulized atoms: 10 11 13
[17:13:03] Can't kekulize mol.  Unkekulized atoms: 9 10 12
[17:13:03] Can't kekulize mol.  Unkekulized atoms: 9 10 12
[17:13:03] Can't kekulize mol.  Unkekulized atoms: 13 14 16
[17:13:06] SMILES Parse Error: syntax error while parsing: *C(=O)NHOH
[17:13:06] SMILES Parse Error: check for mistakes around position 8:
[17:13:06] *C(=O)NHOH
[17:13:06] ~~~~~~~^
[17:13:06] SMILES Parse Error: Failed parsing SMILES '*C(=O)NHOH' for input: '*C(=O)NHOH'
[17:13:06] Can't kekulize mol.  Unkekulized atoms: 25 26 28
[17:13:08] Can't kekulize mol.  Unkekulized atoms: 21 22 23 24 25 26 27 28 29
[17:13:08] Can't kekulize mol.  Unkekulized atoms: 25 26 28
[17:13:09] Can't kekulize mol.  Unkekulized atoms: 30 31 33
[17:13:09] Can't kekulize mol.  Unkekulized atoms: 30 31 32 33 34 35 36 37 38
[17:13:09] SMILES Parse Error: syntax error while parsing: *C(=O)NH2
[17:13:09] SMILES Parse Error: check for mistakes around position 8:
[17:13:09] *C(=O)NH2
[17:13:09] ~~~~~~~^
[17:13:09] SMILES Parse Error: Failed parsing SMILES '*C(=O)NH2' for input: '*C(=O)NH2'
[17:13:09] Can't kekulize mol.  Unkekulized atoms: 15 16 18
[17:13:09] Can't kekulize mol.  Unkekulized atoms: 27 28 30
[17:13:11] Can't kekulize mol.  Unkekulized atoms: 14 15 16 17 18 19 20 21 22
[17:13:12] Can't kekulize mol.  Unkekulized atoms: 15 16 18
[17:13:15] Can't kekulize mol.  Unkekulized atoms: 27 28 30
[17:13:15] Can't kekulize mol.  Unkekulized atoms: 19 20 22
[17:13:18] Can't kekulize mol.  Unkekulized atoms: 27 28 29 30 31 32 34
[17:13:18] Can't kekulize mol.  Unkekulized atoms: 27 28 30
[17:13:19] Can't kekulize mol.  Unkekulized atoms: 22 23 24 25 26
[17:13:20] SMILES Parse Error: syntax error while parsing: *C(=O)NHOH
[17:13:20] SMILES Parse Error: check for mistakes around position 8:
[17:13:20] *C(=O)NHOH
[17:13:20] ~~~~~~~^
[17:13:20] SMILES Parse Error: Failed parsing SMILES '*C(=O)NHOH' for input: '*C(=O)NHOH'
[17:13:22] SMILES Parse Error: syntax error while parsing: *C(=O)NH2
[17:13:22] SMILES Parse Error: check for mistakes around position 8:
[17:13:22] *C(=O)NH2
[17:13:22] ~~~~~~~^
[17:13:22] SMILES Parse Error: Failed parsing SMILES '*C(=O)NH2' for input: '*C(=O)NH2'
[17:13:22] Can't kekulize mol.  Unkekulized atoms: 20 21 23
[17:13:24] SMILES Parse Error: syntax error while parsing: *C(=O)NH2
[17:13:24] SMILES Parse Error: check for mistakes around position 8:
[17:13:24] *C(=O)NH2
[17:13:24] ~~~~~~~^
[17:13:24] SMILES Parse Error: Failed parsing SMILES '*C(=O)NH2' for input: '*C(=O)NH2'
[17:13:26] Can't kekulize mol.  Unkekulized atoms: 15 16 18
[17:13:27] SMILES Parse Error: syntax error while parsing: *C(=O)NH2
[17:13:27] SMILES Parse Error: check for mistakes around position 8:
[17:13:27] *C(=O)NH2
[17:13:27] ~~~~~~~^
[17:13:27] SMILES Parse Error: Failed parsing SMILES '*C(=O)NH2' for input: '*C(=O)NH2'
[17:13:27] SMILES Parse Error: syntax error while parsing: *C(=O)NH2
[17:13:27] SMILES Parse Error: check for mistakes around position 8:
[17:13:27] *C(=O)NH2
[17:13:27] ~~~~~~~^
[17:13:27] SMILES Parse Error: Failed parsing SMILES '*C(=O)NH2' for input: '*C(=O)NH2'
[17:13:28] SMILES Parse Error: syntax error while parsing: *C(=O)NH2
[17:13:28] SMILES Parse Error: check for mistakes around position 8:
[17:13:28] *C(=O)NH2
[17:13:28] ~~~~~~~^
[17:13:28] SMILES Parse Error: Failed parsing SMILES '*C(=O)NH2' for input: '*C(=O)NH2'
[17:13:28] Can't kekulize mol.  Unkekulized atoms: 21 22 24
[17:13:28] Can't kekulize mol.  Unkekulized atoms: 16 17 19
[17:13:32] Can't kekulize mol.  Unkekulized atoms: 5 6 7 8 9 10 12
[17:13:32] Can't kekulize mol.  Unkekulized atoms: 19 20 21 22 23 24 25 26 27
[17:13:33] Can't kekulize mol.  Unkekulized atoms: 12 13 15
[17:13:35] Can't kekulize mol.  Unkekulized atoms: 21 22 23 24 25
[17:13:35] Can't kekulize mol.  Unkekulized atoms: 11 12 13 14 15 16 18
[17:13:36] Can't kekulize mol.  Unkekulized atoms: 12 13 15
[17:13:36] Can't kekulize mol.  Unkekulized atoms: 12 13 14 15 16 17 18 19 20
[17:13:37] SMILES Parse Error: syntax error while parsing: *C(=O)NHOH
[17:13:37] SMILES Parse Error: check for mistakes around position 8:
[17:13:37] *C(=O)NHOH
[17:13:37] ~~~~~~~^
[17:13:37] SMILES Parse Error: Failed parsing SMILES '*C(=O)NHOH' for input: '*C(=O)NHOH'
[17:13:39] Can't kekulize mol.  Unkekulized atoms: 25 26 28
[17:13:46] Can't kekulize mol.  Unkekulized atoms: 20 21 23
[17:13:46] SMILES Parse Error: syntax error while parsing: *C(=O)NHOH
[17:13:46] SMILES Parse Error: check for mistakes around position 8:
[17:13:46] *C(=O)NHOH
[17:13:46] ~~~~~~~^
[17:13:46] SMILES Parse Error: Failed parsing SMILES '*C(=O)NHOH' for input: '*C(=O)NHOH'
[17:13:47] Can't kekulize mol.  Unkekulized atoms: 10 11 12 13 14 15 17
[17:13:48] Can't kekulize mol.  Unkekulized atoms: 9 10 12
[17:13:50] Can't kekulize mol.  Unkekulized atoms: 16 17 19
[17:13:50] Can't kekulize mol.  Unkekulized atoms: 16 17 18 19 20 21 23
[17:13:51] Can't kekulize mol.  Unkekulized atoms: 25 26 27 28 29 30 32
[17:13:53] SMILES Parse Error: syntax error while parsing: *C(=O)NHOH
[17:13:53] SMILES Parse Error: check for mistakes around position 8:
[17:13:53] *C(=O)NHOH
[17:13:53] ~~~~~~~^
[17:13:53] SMILES Parse Error: Failed parsing SMILES '*C(=O)NHOH' for input: '*C(=O)NHOH'
[17:13:54] SMILES Parse Error: syntax error while parsing: *C(=O)NH2
[17:13:54] SMILES Parse Error: check for mistakes around position 8:
[17:13:54] *C(=O)NH2
[17:13:54] ~~~~~~~^
[17:13:54] SMILES Parse Error: Failed parsing SMILES '*C(=O)NH2' for input: '*C(=O)NH2'
[17:13:55] Can't kekulize mol.  Unkekulized atoms: 22 23 25
[17:13:55] Can't kekulize mol.  Unkekulized atoms: 6 7 8 9 10
[17:13:55] Can't kekulize mol.  Unkekulized atoms: 15 16 17 18 19
[17:13:56] Can't kekulize mol.  Unkekulized atoms: 11 12 13 14 15 16 18
[17:13:56] Can't kekulize mol.  Unkekulized atoms: 14 15 17
[17:13:57] Can't kekulize mol.  Unkekulized atoms: 20 21 23
[17:13:58] Can't kekulize mol.  Unkekulized atoms: 11 12 14
[17:13:59] Can't kekulize mol.  Unkekulized atoms: 7 8 10
[17:14:02] Can't kekulize mol.  Unkekulized atoms: 25 26 27 28 29
[17:14:04] Can't kekulize mol.  Unkekulized atoms: 21 22 23 24 25
[17:14:04] SMILES Parse Error: syntax error while parsing: *C(=O)NH2
[17:14:04] SMILES Parse Error: check for mistakes around position 8:
[17:14:04] *C(=O)NH2
[17:14:04] ~~~~~~~^
[17:14:04] SMILES Parse Error: Failed parsing SMILES '*C(=O)NH2' for input: '*C(=O)NH2'
[17:14:05] SMILES Parse Error: syntax error while parsing: *C(=O)NHOH
[17:14:05] SMILES Parse Error: check for mistakes around position 8:
[17:14:05] *C(=O)NHOH
[17:14:05] ~~~~~~~^
[17:14:05] SMILES Parse Error: Failed parsing SMILES '*C(=O)NHOH' for input: '*C(=O)NHOH'
[17:14:06] SMILES Parse Error: syntax error while parsing: *C(=O)NHOH
[17:14:06] SMILES Parse Error: check for mistakes around position 8:
[17:14:06] *C(=O)NHOH
[17:14:06] ~~~~~~~^
[17:14:06] SMILES Parse Error: Failed parsing SMILES '*C(=O)NHOH' for input: '*C(=O)NHOH'
[17:14:07] Can't kekulize mol.  Unkekulized atoms: 16 17 19
[17:14:07] Can't kekulize mol.  Unkekulized atoms: 16 17 18 19 20 21 22 23 24
[17:14:07] Can't kekulize mol.  Unkekulized atoms: 16 17 18 19 20 21 23
[17:14:08] Can't kekulize mol.  Unkekulized atoms: 16 17 19
[17:14:09] Can't kekulize mol.  Unkekulized atoms: 18 19 20 21 22 23 24 25 26
[17:14:11] Can't kekulize mol.  Unkekulized atoms: 12 13 15
[17:14:13] Can't kekulize mol.  Unkekulized atoms: 14 15 17
[17:14:13] Can't kekulize mol.  Unkekulized atoms: 22 23 24 25 26
[17:14:15] Can't kekulize mol.  Unkekulized atoms: 18 19 20 21 22 23 24 25 26
[17:14:16] Can't kekulize mol.  Unkekulized atoms: 18 19 20 21 22 23 24 25 26
[17:14:18] Can't kekulize mol.  Unkekulized atoms: 11 12 13 14 15 16 18
[17:14:19] SMILES Parse Error: syntax error while parsing: *C(=O)NHOH
[17:14:19] SMILES Parse Error: check for mistakes around position 8:
[17:14:19] *C(=O)NHOH
[17:14:19] ~~~~~~~^
[17:14:19] SMILES Parse Error: Failed parsing SMILES '*C(=O)NHOH' for input: '*C(=O)NHOH'
[17:14:20] Can't kekulize mol.  Unkekulized atoms: 12 13 15
[17:14:22] Can't kekulize mol.  Unkekulized atoms: 26 27 29
[17:14:23] Can't kekulize mol.  Unkekulized atoms: 13 14 15 16 17
[17:14:24] SMILES Parse Error: syntax error while parsing: *C(=O)NHOH
[17:14:24] SMILES Parse Error: check for mistakes around position 8:
[17:14:24] *C(=O)NHOH
[17:14:24] ~~~~~~~^
[17:14:24] SMILES Parse Error: Failed parsing SMILES '*C(=O)NHOH' for input: '*C(=O)NHOH'
[17:14:26] Can't kekulize mol.  Unkekulized atoms: 20 21 22 23 24 25 27
[17:14:27] Can't kekulize mol.  Unkekulized atoms: 14 15 17
[17:14:27] SMILES Parse Error: syntax error while parsing: *C(=O)NH2
[17:14:27] SMILES Parse Error: check for mistakes around position 8:
[17:14:27] *C(=O)NH2
[17:14:27] ~~~~~~~^
[17:14:27] SMILES Parse Error: Failed parsing SMILES '*C(=O)NH2' for input: '*C(=O)NH2'
[17:14:32] SMILES Parse Error: syntax error while parsing: *C(=O)NH2
[17:14:32] SMILES Parse Error: check for mistakes around position 8:
[17:14:32] *C(=O)NH2
[17:14:32] ~~~~~~~^
[17:14:32] SMILES Parse Error: Failed parsing SMILES '*C(=O)NH2' for input: '*C(=O)NH2'
[17:14:36] Can't kekulize mol.  Unkekulized atoms: 21 22 24
[17:14:37] Can't kekulize mol.  Unkekulized atoms: 18 19 21
[17:14:38] Can't kekulize mol.  Unkekulized atoms: 13 14 15 16 17 18 20
[17:14:38] Can't kekulize mol.  Unkekulized atoms: 13 14 15 16 17 18 19 20 21
[17:14:38] Can't kekulize mol.  Unkekulized atoms: 13 14 16
[17:14:45] Can't kekulize mol.  Unkekulized atoms: 18 19 21
[17:14:46] Can't kekulize mol.  Unkekulized atoms: 18 19 20 21 22
[17:14:47] Can't kekulize mol.  Unkekulized atoms: 28 29 31
[17:14:48] SMILES Parse Error: syntax error while parsing: *C(=O)NHOH
[17:14:48] SMILES Parse Error: check for mistakes around position 8:
[17:14:48] *C(=O)NHOH
[17:14:48] ~~~~~~~^
[17:14:48] SMILES Parse Error: Failed parsing SMILES '*C(=O)NHOH' for input: '*C(=O)NHOH'
[17:14:51] Can't kekulize mol.  Unkekulized atoms: 25 26 28
[17:14:53] SMILES Parse Error: syntax error while parsing: *C(=O)NH2
[17:14:53] SMILES Parse Error: check for mistakes around position 8:
[17:14:53] *C(=O)NH2
[17:14:53] ~~~~~~~^
[17:14:53] SMILES Parse Error: Failed parsing SMILES '*C(=O)NH2' for input: '*C(=O)NH2'
[17:14:53] Can't kekulize mol.  Unkekulized atoms: 28 29 31
[17:14:53] Can't kekulize mol.  Unkekulized atoms: 28 29 31
[17:14:57] Can't kekulize mol.  Unkekulized atoms: 18 19 20 21 22
[17:15:01] Can't kekulize mol.  Unkekulized atoms: 14 15 17
[17:15:02] SMILES Parse Error: syntax error while parsing: *C(=O)NH2
[17:15:02] SMILES Parse Error: check for mistakes around position 8:
[17:15:02] *C(=O)NH2
[17:15:02] ~~~~~~~^
[17:15:02] SMILES Parse Error: Failed parsing SMILES '*C(=O)NH2' for input: '*C(=O)NH2'
[17:15:04] Can't kekulize mol.  Unkekulized atoms: 26 27 28 29 30 31 32 33 34
[17:15:06] SMILES Parse Error: syntax error while parsing: *C(=O)NHOH
[17:15:06] SMILES Parse Error: check for mistakes around position 8:
[17:15:06] *C(=O)NHOH
[17:15:06] ~~~~~~~^
[17:15:06] SMILES Parse Error: Failed parsing SMILES '*C(=O)NHOH' for input: '*C(=O)NHOH'
[17:15:09] Can't kekulize mol.  Unkekulized atoms: 22 23 25
[17:15:11] SMILES Parse Error: syntax error while parsing: *C(=O)NH2
[17:15:11] SMILES Parse Error: check for mistakes around position 8:
[17:15:11] *C(=O)NH2
[17:15:11] ~~~~~~~^
[17:15:11] SMILES Parse Error: Failed parsing SMILES '*C(=O)NH2' for input: '*C(=O)NH2'
[17:15:14] Can't kekulize mol.  Unkekulized atoms: 25 26 28
[17:15:15] Can't kekulize mol.  Unkekulized atoms: 11 12 14
[17:15:16] SMILES Parse Error: syntax error while parsing: *C(=O)NHOH
[17:15:16] SMILES Parse Error: check for mistakes around position 8:
[17:15:16] *C(=O)NHOH
[17:15:16] ~~~~~~~^
[17:15:16] SMILES Parse Error: Failed parsing SMILES '*C(=O)NHOH' for input: '*C(=O)NHOH'
[17:15:16] Can't kekulize mol.  Unkekulized atoms: 24 25 26 27 28 29 31
[17:15:18] Can't kekulize mol.  Unkekulized atoms: 14 15 17
[17:15:19] Can't kekulize mol.  Unkekulized atoms: 24 25 27
[17:15:22] Can't kekulize mol.  Unkekulized atoms: 20 21 23
[17:15:22] Can't kekulize mol.  Unkekulized atoms: 25 26 28
[17:15:25] Can't kekulize mol.  Unkekulized atoms: 19 20 21 22 23 24 25 26 27
[17:15:26] Can't kekulize mol.  Unkekulized atoms: 16 17 19
[17:15:32] SMILES Parse Error: syntax error while parsing: *C(=O)NHOH
[17:15:32] SMILES Parse Error: check for mistakes around position 8:
[17:15:32] *C(=O)NHOH
[17:15:32] ~~~~~~~^
[17:15:32] SMILES Parse Error: Failed parsing SMILES '*C(=O)NHOH' for input: '*C(=O)NHOH'
═══ P4 MCTS+RL — seed=9 ═══
  Initial SMILES:  C
  Max steps:       8
  Iterations:      1000
  Fragment set:    all (108 fragments)
  Policy:          ScafVAE
  PUCT c:          1.414
  Host:            penavoraserver
\n═══ Results ═══
  Best state:      COC(C)C(C)(O)c1ccccc1-c1ccccc1F
  Best reward:     0.621440
  Output CSV:      /home/nanaengo/Malaria_codesV2/Project4_Advanced_Monte_CarloV2607/results/mcts/p4_mcts_seed_9.csv
