[17:15:02] Can't kekulize mol.  Unkekulized atoms: 0 1 2 3 4
[17:15:02] Can't kekulize mol.  Unkekulized atoms: 27 28 29 30 31 32 34
[17:15:03] SMILES Parse Error: syntax error while parsing: *C(=O)NH2
[17:15:03] SMILES Parse Error: check for mistakes around position 8:
[17:15:03] *C(=O)NH2
[17:15:03] ~~~~~~~^
[17:15:03] SMILES Parse Error: Failed parsing SMILES '*C(=O)NH2' for input: '*C(=O)NH2'
[17:15:05] Can't kekulize mol.  Unkekulized atoms: 11 12 13 14 15
[17:15:07] Can't kekulize mol.  Unkekulized atoms: 35 36 38
[17:15:08] Can't kekulize mol.  Unkekulized atoms: 30 31 33
[17:15:08] Can't kekulize mol.  Unkekulized atoms: 9 10 12
[17:15:09] SMILES Parse Error: syntax error while parsing: *C(=O)NH2
[17:15:09] SMILES Parse Error: check for mistakes around position 8:
[17:15:09] *C(=O)NH2
[17:15:09] ~~~~~~~^
[17:15:09] SMILES Parse Error: Failed parsing SMILES '*C(=O)NH2' for input: '*C(=O)NH2'
[17:15:11] SMILES Parse Error: syntax error while parsing: *C(=O)NH2
[17:15:11] SMILES Parse Error: check for mistakes around position 8:
[17:15:11] *C(=O)NH2
[17:15:11] ~~~~~~~^
[17:15:11] SMILES Parse Error: Failed parsing SMILES '*C(=O)NH2' for input: '*C(=O)NH2'
[17:15:12] Can't kekulize mol.  Unkekulized atoms: 18 19 21
[17:15:13] Can't kekulize mol.  Unkekulized atoms: 21 22 24
[17:15:15] Can't kekulize mol.  Unkekulized atoms: 9 10 12
[17:15:16] Can't kekulize mol.  Unkekulized atoms: 23 24 26
[17:15:16] Can't kekulize mol.  Unkekulized atoms: 4 5 6 7 8 9 11
[17:15:16] Can't kekulize mol.  Unkekulized atoms: 9 10 11 12 13 14 15 16 17
[17:15:16] Can't kekulize mol.  Unkekulized atoms: 27 28 29 30 31 32 34
[17:15:17] Can't kekulize mol.  Unkekulized atoms: 5 6 7 8 9 10 12
[17:15:17] Can't kekulize mol.  Unkekulized atoms: 13 14 16
[17:15:17] Can't kekulize mol.  Unkekulized atoms: 28 29 31
[17:15:17] Can't kekulize mol.  Unkekulized atoms: 21 22 24
[17:15:18] SMILES Parse Error: syntax error while parsing: *C(=O)NH2
[17:15:18] SMILES Parse Error: check for mistakes around position 8:
[17:15:18] *C(=O)NH2
[17:15:18] ~~~~~~~^
[17:15:18] SMILES Parse Error: Failed parsing SMILES '*C(=O)NH2' for input: '*C(=O)NH2'
[17:15:18] SMILES Parse Error: syntax error while parsing: *C(=O)NH2
[17:15:18] SMILES Parse Error: check for mistakes around position 8:
[17:15:18] *C(=O)NH2
[17:15:18] ~~~~~~~^
[17:15:18] SMILES Parse Error: Failed parsing SMILES '*C(=O)NH2' for input: '*C(=O)NH2'
[17:15:18] Can't kekulize mol.  Unkekulized atoms: 5 6 8
[17:15:19] Can't kekulize mol.  Unkekulized atoms: 16 17 19
[17:15:20] Can't kekulize mol.  Unkekulized atoms: 13 14 15 16 17
[17:15:26] Can't kekulize mol.  Unkekulized atoms: 16 17 19
[17:15:26] Can't kekulize mol.  Unkekulized atoms: 15 16 17 18 19
[17:15:26] Can't kekulize mol.  Unkekulized atoms: 18 19 20 21 22 23 25
[17:15:29] Can't kekulize mol.  Unkekulized atoms: 11 12 13 14 15 16 17 18 19
[17:15:31] Can't kekulize mol.  Unkekulized atoms: 25 26 28
[17:15:32] SMILES Parse Error: syntax error while parsing: *C(=O)NH2
[17:15:32] SMILES Parse Error: check for mistakes around position 8:
[17:15:32] *C(=O)NH2
[17:15:32] ~~~~~~~^
[17:15:32] SMILES Parse Error: Failed parsing SMILES '*C(=O)NH2' for input: '*C(=O)NH2'
[17:15:35] SMILES Parse Error: syntax error while parsing: *C(=O)NHOH
[17:15:35] SMILES Parse Error: check for mistakes around position 8:
[17:15:35] *C(=O)NHOH
[17:15:35] ~~~~~~~^
[17:15:35] SMILES Parse Error: Failed parsing SMILES '*C(=O)NHOH' for input: '*C(=O)NHOH'
[17:15:38] Can't kekulize mol.  Unkekulized atoms: 14 15 16 17 18 19 20 21 22
[17:15:41] Can't kekulize mol.  Unkekulized atoms: 21 22 23 24 25 26 28
[17:15:42] Can't kekulize mol.  Unkekulized atoms: 28 29 31
[17:15:42] Can't kekulize mol.  Unkekulized atoms: 24 25 27
[17:15:43] Can't kekulize mol.  Unkekulized atoms: 6 7 9
[17:15:44] Can't kekulize mol.  Unkekulized atoms: 10 11 12 13 14 15 16 17 18
[17:15:44] Can't kekulize mol.  Unkekulized atoms: 12 13 15
[17:15:44] Can't kekulize mol.  Unkekulized atoms: 18 19 20 21 22 23 24 25 26
[17:15:46] Can't kekulize mol.  Unkekulized atoms: 26 27 29
[17:15:46] SMILES Parse Error: syntax error while parsing: *C(=O)NH2
[17:15:46] SMILES Parse Error: check for mistakes around position 8:
[17:15:46] *C(=O)NH2
[17:15:46] ~~~~~~~^
[17:15:46] SMILES Parse Error: Failed parsing SMILES '*C(=O)NH2' for input: '*C(=O)NH2'
[17:15:47] SMILES Parse Error: syntax error while parsing: *C(=O)NH2
[17:15:47] SMILES Parse Error: check for mistakes around position 8:
[17:15:47] *C(=O)NH2
[17:15:47] ~~~~~~~^
[17:15:47] SMILES Parse Error: Failed parsing SMILES '*C(=O)NH2' for input: '*C(=O)NH2'
[17:15:47] SMILES Parse Error: syntax error while parsing: *C(=O)NHOH
[17:15:47] SMILES Parse Error: check for mistakes around position 8:
[17:15:47] *C(=O)NHOH
[17:15:47] ~~~~~~~^
[17:15:47] SMILES Parse Error: Failed parsing SMILES '*C(=O)NHOH' for input: '*C(=O)NHOH'
[17:15:47] Can't kekulize mol.  Unkekulized atoms: 21 22 24
[17:15:48] Can't kekulize mol.  Unkekulized atoms: 26 27 29
[17:15:49] SMILES Parse Error: syntax error while parsing: *C(=O)NHOH
[17:15:49] SMILES Parse Error: check for mistakes around position 8:
[17:15:49] *C(=O)NHOH
[17:15:49] ~~~~~~~^
[17:15:49] SMILES Parse Error: Failed parsing SMILES '*C(=O)NHOH' for input: '*C(=O)NHOH'
[17:15:50] Can't kekulize mol.  Unkekulized atoms: 27 28 30
[17:15:54] Can't kekulize mol.  Unkekulized atoms: 27 28 30
[17:15:56] Can't kekulize mol.  Unkekulized atoms: 22 23 24 25 26 27 28 29 30
[17:15:58] Can't kekulize mol.  Unkekulized atoms: 13 14 16
[17:15:59] Can't kekulize mol.  Unkekulized atoms: 17 18 20
[17:16:00] Can't kekulize mol.  Unkekulized atoms: 16 17 18 19 20 21 22 23 24
[17:16:02] Can't kekulize mol.  Unkekulized atoms: 24 25 27
[17:16:03] Can't kekulize mol.  Unkekulized atoms: 20 21 22 23 24 25 27
[17:16:04] Can't kekulize mol.  Unkekulized atoms: 20 21 22 23 24
[17:16:04] Can't kekulize mol.  Unkekulized atoms: 16 17 18 19 20
[17:16:05] SMILES Parse Error: syntax error while parsing: *C(=O)NHOH
[17:16:05] SMILES Parse Error: check for mistakes around position 8:
[17:16:05] *C(=O)NHOH
[17:16:05] ~~~~~~~^
[17:16:05] SMILES Parse Error: Failed parsing SMILES '*C(=O)NHOH' for input: '*C(=O)NHOH'
[17:16:06] Can't kekulize mol.  Unkekulized atoms: 17 18 19 20 21
[17:16:11] SMILES Parse Error: syntax error while parsing: *C(=O)NH2
[17:16:11] SMILES Parse Error: check for mistakes around position 8:
[17:16:11] *C(=O)NH2
[17:16:11] ~~~~~~~^
[17:16:11] SMILES Parse Error: Failed parsing SMILES '*C(=O)NH2' for input: '*C(=O)NH2'
[17:16:14] Can't kekulize mol.  Unkekulized atoms: 12 13 14 15 16 17 19
[17:16:14] Can't kekulize mol.  Unkekulized atoms: 22 23 25
[17:16:15] Can't kekulize mol.  Unkekulized atoms: 25 26 28
[17:16:18] Can't kekulize mol.  Unkekulized atoms: 18 19 21
[17:16:18] Can't kekulize mol.  Unkekulized atoms: 21 22 24
[17:16:18] Can't kekulize mol.  Unkekulized atoms: 22 23 24 25 26 27 29
[17:16:19] SMILES Parse Error: syntax error while parsing: *C(=O)NH2
[17:16:19] SMILES Parse Error: check for mistakes around position 8:
[17:16:19] *C(=O)NH2
[17:16:19] ~~~~~~~^
[17:16:19] SMILES Parse Error: Failed parsing SMILES '*C(=O)NH2' for input: '*C(=O)NH2'
[17:16:20] SMILES Parse Error: syntax error while parsing: *C(=O)NHOH
[17:16:20] SMILES Parse Error: check for mistakes around position 8:
[17:16:20] *C(=O)NHOH
[17:16:20] ~~~~~~~^
[17:16:20] SMILES Parse Error: Failed parsing SMILES '*C(=O)NHOH' for input: '*C(=O)NHOH'
[17:16:23] SMILES Parse Error: syntax error while parsing: *C(=O)NH2
[17:16:23] SMILES Parse Error: check for mistakes around position 8:
[17:16:23] *C(=O)NH2
[17:16:23] ~~~~~~~^
[17:16:23] SMILES Parse Error: Failed parsing SMILES '*C(=O)NH2' for input: '*C(=O)NH2'
[17:16:23] Can't kekulize mol.  Unkekulized atoms: 25 26 28
[17:16:24] Can't kekulize mol.  Unkekulized atoms: 7 8 9 10 11 12 13 14 15
[17:16:25] Can't kekulize mol.  Unkekulized atoms: 17 18 19 20 21 22 23 24 25
[17:16:26] Can't kekulize mol.  Unkekulized atoms: 25 26 28
[17:16:29] Can't kekulize mol.  Unkekulized atoms: 17 18 20
[17:16:30] Can't kekulize mol.  Unkekulized atoms: 14 15 17
[17:16:30] Can't kekulize mol.  Unkekulized atoms: 18 19 21
[17:16:31] Can't kekulize mol.  Unkekulized atoms: 18 19 21
[17:16:32] Can't kekulize mol.  Unkekulized atoms: 22 23 24 25 26 27 28 29 30
[17:16:32] Can't kekulize mol.  Unkekulized atoms: 19 20 22
[17:16:38] Can't kekulize mol.  Unkekulized atoms: 24 25 27
[17:16:38] Can't kekulize mol.  Unkekulized atoms: 19 20 22
[17:16:38] Can't kekulize mol.  Unkekulized atoms: 19 20 22
[17:16:43] Can't kekulize mol.  Unkekulized atoms: 21 22 24
[17:16:44] Can't kekulize mol.  Unkekulized atoms: 19 20 21 22 23 24 25 26 27
[17:16:44] Can't kekulize mol.  Unkekulized atoms: 18 19 21
[17:16:45] SMILES Parse Error: syntax error while parsing: *C(=O)NH2
[17:16:45] SMILES Parse Error: check for mistakes around position 8:
[17:16:45] *C(=O)NH2
[17:16:45] ~~~~~~~^
[17:16:45] SMILES Parse Error: Failed parsing SMILES '*C(=O)NH2' for input: '*C(=O)NH2'
[17:16:47] Can't kekulize mol.  Unkekulized atoms: 28 29 31
[17:16:48] SMILES Parse Error: syntax error while parsing: *C(=O)NHOH
[17:16:48] SMILES Parse Error: check for mistakes around position 8:
[17:16:48] *C(=O)NHOH
[17:16:48] ~~~~~~~^
[17:16:48] SMILES Parse Error: Failed parsing SMILES '*C(=O)NHOH' for input: '*C(=O)NHOH'
[17:16:49] Can't kekulize mol.  Unkekulized atoms: 20 21 23
[17:16:51] Can't kekulize mol.  Unkekulized atoms: 20 21 23
[17:16:51] Can't kekulize mol.  Unkekulized atoms: 19 20 21 22 23 24 26
[17:16:53] Can't kekulize mol.  Unkekulized atoms: 18 19 21
[17:16:55] Can't kekulize mol.  Unkekulized atoms: 20 21 23
[17:16:55] SMILES Parse Error: syntax error while parsing: *C(=O)NHOH
[17:16:55] SMILES Parse Error: check for mistakes around position 8:
[17:16:55] *C(=O)NHOH
[17:16:55] ~~~~~~~^
[17:16:55] SMILES Parse Error: Failed parsing SMILES '*C(=O)NHOH' for input: '*C(=O)NHOH'
[17:16:57] Can't kekulize mol.  Unkekulized atoms: 18 19 21
[17:17:02] Can't kekulize mol.  Unkekulized atoms: 28 29 31
[17:17:09] Can't kekulize mol.  Unkekulized atoms: 23 24 26
[17:17:10] Can't kekulize mol.  Unkekulized atoms: 24 25 27
[17:17:12] Can't kekulize mol.  Unkekulized atoms: 24 25 26 27 28
[17:17:14] Can't kekulize mol.  Unkekulized atoms: 19 20 22
[17:17:15] Can't kekulize mol.  Unkekulized atoms: 9 10 11 12 13 14 15 16 17
[17:17:19] Can't kekulize mol.  Unkekulized atoms: 21 22 24
[17:17:23] Can't kekulize mol.  Unkekulized atoms: 28 29 30 31 32
[17:17:34] Can't kekulize mol.  Unkekulized atoms: 22 23 25
[17:17:41] SMILES Parse Error: syntax error while parsing: *C(=O)NH2
[17:17:41] SMILES Parse Error: check for mistakes around position 8:
[17:17:41] *C(=O)NH2
[17:17:41] ~~~~~~~^
[17:17:41] SMILES Parse Error: Failed parsing SMILES '*C(=O)NH2' for input: '*C(=O)NH2'
[17:17:48] Can't kekulize mol.  Unkekulized atoms: 19 20 22
═══ P4 MCTS+RL — seed=16 ═══
  Initial SMILES:  C
  Max steps:       8
  Iterations:      1000
  Fragment set:    all (108 fragments)
  Policy:          ScafVAE
  PUCT c:          1.414
  Host:            penavoraserver
\n═══ Results ═══
  Best state:      COC(c1ccccc1)(c1cc(O)ccc1C)C(C)O
  Best reward:     0.620049
  Output CSV:      /home/nanaengo/Malaria_codesV2/Project4_Advanced_Monte_CarloV2607/results/mcts/p4_mcts_seed_16.csv
