[17:12:13] Can't kekulize mol.  Unkekulized atoms: 0 1 2 3 4
[17:12:13] Can't kekulize mol.  Unkekulized atoms: 15 16 18
[17:12:15] Can't kekulize mol.  Unkekulized atoms: 3 4 6
[17:12:18] Can't kekulize mol.  Unkekulized atoms: 10 11 13
[17:12:20] Can't kekulize mol.  Unkekulized atoms: 25 26 27 28 29 30 32
[17:12:20] Can't kekulize mol.  Unkekulized atoms: 16 17 19
[17:12:20] Can't kekulize mol.  Unkekulized atoms: 16 17 19
[17:12:20] SMILES Parse Error: syntax error while parsing: *C(=O)NH2
[17:12:20] SMILES Parse Error: check for mistakes around position 8:
[17:12:20] *C(=O)NH2
[17:12:20] ~~~~~~~^
[17:12:20] SMILES Parse Error: Failed parsing SMILES '*C(=O)NH2' for input: '*C(=O)NH2'
[17:12:21] Can't kekulize mol.  Unkekulized atoms: 13 14 16
[17:12:21] Can't kekulize mol.  Unkekulized atoms: 26 27 29
[17:12:22] Can't kekulize mol.  Unkekulized atoms: 26 27 29
[17:12:25] Can't kekulize mol.  Unkekulized atoms: 10 11 13
[17:12:26] Can't kekulize mol.  Unkekulized atoms: 23 24 25 26 27
[17:12:27] Can't kekulize mol.  Unkekulized atoms: 24 25 26 27 28 29 30 31 32
[17:12:27] Can't kekulize mol.  Unkekulized atoms: 17 18 19 20 21
[17:12:28] Can't kekulize mol.  Unkekulized atoms: 23 24 25 26 27 28 30
[17:12:29] Can't kekulize mol.  Unkekulized atoms: 10 11 12 13 14
[17:12:29] Can't kekulize mol.  Unkekulized atoms: 13 14 16
[17:12:30] Can't kekulize mol.  Unkekulized atoms: 10 11 12 13 14
[17:12:30] SMILES Parse Error: syntax error while parsing: *C(=O)NHOH
[17:12:30] SMILES Parse Error: check for mistakes around position 8:
[17:12:30] *C(=O)NHOH
[17:12:30] ~~~~~~~^
[17:12:30] SMILES Parse Error: Failed parsing SMILES '*C(=O)NHOH' for input: '*C(=O)NHOH'
[17:12:30] SMILES Parse Error: syntax error while parsing: *C(=O)NH2
[17:12:30] SMILES Parse Error: check for mistakes around position 8:
[17:12:30] *C(=O)NH2
[17:12:30] ~~~~~~~^
[17:12:30] SMILES Parse Error: Failed parsing SMILES '*C(=O)NH2' for input: '*C(=O)NH2'
[17:12:31] Can't kekulize mol.  Unkekulized atoms: 23 24 25 26 27 28 29 30 31
[17:12:32] Can't kekulize mol.  Unkekulized atoms: 15 16 17 18 19 20 22
[17:12:34] Can't kekulize mol.  Unkekulized atoms: 27 28 30
[17:12:35] Can't kekulize mol.  Unkekulized atoms: 25 26 27 28 29
[17:12:35] Can't kekulize mol.  Unkekulized atoms: 15 16 18
[17:12:36] Can't kekulize mol.  Unkekulized atoms: 24 25 27
[17:12:39] Can't kekulize mol.  Unkekulized atoms: 19 20 21 22 23
[17:12:39] Can't kekulize mol.  Unkekulized atoms: 29 30 32
[17:12:40] Can't kekulize mol.  Unkekulized atoms: 32 33 35
[17:12:41] Can't kekulize mol.  Unkekulized atoms: 14 15 17
[17:12:42] Can't kekulize mol.  Unkekulized atoms: 12 13 14 15 16 17 19
[17:12:42] Can't kekulize mol.  Unkekulized atoms: 12 13 15
[17:12:43] SMILES Parse Error: syntax error while parsing: *C(=O)NH2
[17:12:43] SMILES Parse Error: check for mistakes around position 8:
[17:12:43] *C(=O)NH2
[17:12:43] ~~~~~~~^
[17:12:43] SMILES Parse Error: Failed parsing SMILES '*C(=O)NH2' for input: '*C(=O)NH2'
[17:12:43] Can't kekulize mol.  Unkekulized atoms: 19 20 21 22 23 24 25 26 27
[17:12:44] Can't kekulize mol.  Unkekulized atoms: 37 38 39 40 41 42 44
[17:12:48] Can't kekulize mol.  Unkekulized atoms: 20 21 23
[17:12:48] Can't kekulize mol.  Unkekulized atoms: 17 18 19 20 21 22 23 24 25
[17:12:50] Can't kekulize mol.  Unkekulized atoms: 14 15 17
[17:12:53] SMILES Parse Error: syntax error while parsing: *C(=O)NHOH
[17:12:53] SMILES Parse Error: check for mistakes around position 8:
[17:12:53] *C(=O)NHOH
[17:12:53] ~~~~~~~^
[17:12:53] SMILES Parse Error: Failed parsing SMILES '*C(=O)NHOH' for input: '*C(=O)NHOH'
[17:12:53] SMILES Parse Error: syntax error while parsing: *C(=O)NHOH
[17:12:53] SMILES Parse Error: check for mistakes around position 8:
[17:12:53] *C(=O)NHOH
[17:12:53] ~~~~~~~^
[17:12:53] SMILES Parse Error: Failed parsing SMILES '*C(=O)NHOH' for input: '*C(=O)NHOH'
[17:12:53] Can't kekulize mol.  Unkekulized atoms: 8 9 10 11 12 13 14 15 16
[17:12:54] Can't kekulize mol.  Unkekulized atoms: 16 17 18 19 20 21 22 23 24
[17:12:55] SMILES Parse Error: syntax error while parsing: *C(=O)NH2
[17:12:55] SMILES Parse Error: check for mistakes around position 8:
[17:12:55] *C(=O)NH2
[17:12:55] ~~~~~~~^
[17:12:55] SMILES Parse Error: Failed parsing SMILES '*C(=O)NH2' for input: '*C(=O)NH2'
[17:12:55] SMILES Parse Error: syntax error while parsing: *C(=O)NH2
[17:12:55] SMILES Parse Error: check for mistakes around position 8:
[17:12:55] *C(=O)NH2
[17:12:55] ~~~~~~~^
[17:12:55] SMILES Parse Error: Failed parsing SMILES '*C(=O)NH2' for input: '*C(=O)NH2'
[17:12:56] Can't kekulize mol.  Unkekulized atoms: 11 12 14
[17:12:59] Can't kekulize mol.  Unkekulized atoms: 24 25 26 27 28
[17:12:59] Can't kekulize mol.  Unkekulized atoms: 11 12 14
[17:13:00] Can't kekulize mol.  Unkekulized atoms: 23 24 25 26 27 28 29 30 31
[17:13:00] Can't kekulize mol.  Unkekulized atoms: 28 29 31
[17:13:01] Can't kekulize mol.  Unkekulized atoms: 28 29 31
[17:13:02] Can't kekulize mol.  Unkekulized atoms: 15 16 18
[17:13:02] SMILES Parse Error: syntax error while parsing: *C(=O)NH2
[17:13:02] SMILES Parse Error: check for mistakes around position 8:
[17:13:02] *C(=O)NH2
[17:13:02] ~~~~~~~^
[17:13:02] SMILES Parse Error: Failed parsing SMILES '*C(=O)NH2' for input: '*C(=O)NH2'
[17:13:04] Can't kekulize mol.  Unkekulized atoms: 21 22 24
[17:13:07] Can't kekulize mol.  Unkekulized atoms: 24 25 27
[17:13:07] Can't kekulize mol.  Unkekulized atoms: 24 25 27
[17:13:07] Can't kekulize mol.  Unkekulized atoms: 24 25 26 27 28 29 31
[17:13:07] SMILES Parse Error: syntax error while parsing: *C(=O)NH2
[17:13:07] SMILES Parse Error: check for mistakes around position 8:
[17:13:07] *C(=O)NH2
[17:13:07] ~~~~~~~^
[17:13:07] SMILES Parse Error: Failed parsing SMILES '*C(=O)NH2' for input: '*C(=O)NH2'
[17:13:07] Can't kekulize mol.  Unkekulized atoms: 20 21 22 23 24 25 27
[17:13:08] SMILES Parse Error: syntax error while parsing: *C(=O)NH2
[17:13:08] SMILES Parse Error: check for mistakes around position 8:
[17:13:08] *C(=O)NH2
[17:13:08] ~~~~~~~^
[17:13:08] SMILES Parse Error: Failed parsing SMILES '*C(=O)NH2' for input: '*C(=O)NH2'
[17:13:08] Can't kekulize mol.  Unkekulized atoms: 10 11 13
[17:13:08] Can't kekulize mol.  Unkekulized atoms: 10 11 12 13 14 15 17
[17:13:10] Can't kekulize mol.  Unkekulized atoms: 22 23 25
[17:13:11] Can't kekulize mol.  Unkekulized atoms: 40 41 43
[17:13:12] Can't kekulize mol.  Unkekulized atoms: 39 40 42
[17:13:13] Can't kekulize mol.  Unkekulized atoms: 10 11 13
[17:13:13] Can't kekulize mol.  Unkekulized atoms: 13 14 16
[17:13:13] Can't kekulize mol.  Unkekulized atoms: 24 25 26 27 28 29 30 31 32
[17:13:13] Can't kekulize mol.  Unkekulized atoms: 24 25 27
[17:13:15] Can't kekulize mol.  Unkekulized atoms: 25 26 28
[17:13:15] Can't kekulize mol.  Unkekulized atoms: 13 14 16
[17:13:16] Can't kekulize mol.  Unkekulized atoms: 17 18 19 20 21
[17:13:17] Can't kekulize mol.  Unkekulized atoms: 20 21 22 23 24 25 27
[17:13:19] Can't kekulize mol.  Unkekulized atoms: 22 23 25
[17:13:19] SMILES Parse Error: syntax error while parsing: *C(=O)NHOH
[17:13:19] SMILES Parse Error: check for mistakes around position 8:
[17:13:19] *C(=O)NHOH
[17:13:19] ~~~~~~~^
[17:13:19] SMILES Parse Error: Failed parsing SMILES '*C(=O)NHOH' for input: '*C(=O)NHOH'
[17:13:20] Can't kekulize mol.  Unkekulized atoms: 19 20 22
[17:13:21] Can't kekulize mol.  Unkekulized atoms: 25 26 28
[17:13:22] Can't kekulize mol.  Unkekulized atoms: 17 18 20
[17:13:25] Can't kekulize mol.  Unkekulized atoms: 31 32 34
[17:13:25] SMILES Parse Error: syntax error while parsing: *C(=O)NHOH
[17:13:25] SMILES Parse Error: check for mistakes around position 8:
[17:13:25] *C(=O)NHOH
[17:13:25] ~~~~~~~^
[17:13:25] SMILES Parse Error: Failed parsing SMILES '*C(=O)NHOH' for input: '*C(=O)NHOH'
[17:13:25] Can't kekulize mol.  Unkekulized atoms: 17 18 20
[17:13:25] Can't kekulize mol.  Unkekulized atoms: 17 18 20
[17:13:25] Can't kekulize mol.  Unkekulized atoms: 29 30 31 32 33 34 36
[17:13:26] SMILES Parse Error: syntax error while parsing: *C(=O)NHOH
[17:13:26] SMILES Parse Error: check for mistakes around position 8:
[17:13:26] *C(=O)NHOH
[17:13:26] ~~~~~~~^
[17:13:26] SMILES Parse Error: Failed parsing SMILES '*C(=O)NHOH' for input: '*C(=O)NHOH'
[17:13:27] SMILES Parse Error: syntax error while parsing: *C(=O)NHOH
[17:13:27] SMILES Parse Error: check for mistakes around position 8:
[17:13:27] *C(=O)NHOH
[17:13:27] ~~~~~~~^
[17:13:27] SMILES Parse Error: Failed parsing SMILES '*C(=O)NHOH' for input: '*C(=O)NHOH'
[17:13:29] SMILES Parse Error: syntax error while parsing: *C(=O)NH2
[17:13:29] SMILES Parse Error: check for mistakes around position 8:
[17:13:29] *C(=O)NH2
[17:13:29] ~~~~~~~^
[17:13:29] SMILES Parse Error: Failed parsing SMILES '*C(=O)NH2' for input: '*C(=O)NH2'
[17:13:31] Can't kekulize mol.  Unkekulized atoms: 41 42 44
[17:13:33] Can't kekulize mol.  Unkekulized atoms: 28 29 31
[17:13:33] SMILES Parse Error: syntax error while parsing: *C(=O)NH2
[17:13:33] SMILES Parse Error: check for mistakes around position 8:
[17:13:33] *C(=O)NH2
[17:13:33] ~~~~~~~^
[17:13:33] SMILES Parse Error: Failed parsing SMILES '*C(=O)NH2' for input: '*C(=O)NH2'
[17:13:33] Can't kekulize mol.  Unkekulized atoms: 20 21 22 23 24 25 26 27 28
[17:13:33] Can't kekulize mol.  Unkekulized atoms: 31 32 34
[17:13:34] SMILES Parse Error: syntax error while parsing: *C(=O)NH2
[17:13:34] SMILES Parse Error: check for mistakes around position 8:
[17:13:34] *C(=O)NH2
[17:13:34] ~~~~~~~^
[17:13:34] SMILES Parse Error: Failed parsing SMILES '*C(=O)NH2' for input: '*C(=O)NH2'
[17:13:34] Can't kekulize mol.  Unkekulized atoms: 27 28 30
[17:13:36] SMILES Parse Error: syntax error while parsing: *C(=O)NHOH
[17:13:36] SMILES Parse Error: check for mistakes around position 8:
[17:13:36] *C(=O)NHOH
[17:13:36] ~~~~~~~^
[17:13:36] SMILES Parse Error: Failed parsing SMILES '*C(=O)NHOH' for input: '*C(=O)NHOH'
[17:13:37] Can't kekulize mol.  Unkekulized atoms: 22 23 24 25 26 27 29
[17:13:37] Can't kekulize mol.  Unkekulized atoms: 16 17 19
[17:13:39] Can't kekulize mol.  Unkekulized atoms: 9 10 11 12 13 14 15 16 17
[17:13:40] Can't kekulize mol.  Unkekulized atoms: 23 24 25 26 27 28 30
[17:13:40] Can't kekulize mol.  Unkekulized atoms: 12 13 15
[17:13:41] Can't kekulize mol.  Unkekulized atoms: 20 21 23
[17:13:41] Can't kekulize mol.  Unkekulized atoms: 7 8 9 10 11
[17:13:42] Can't kekulize mol.  Unkekulized atoms: 20 21 22 23 24
[17:13:43] SMILES Parse Error: syntax error while parsing: *C(=O)NHOH
[17:13:43] SMILES Parse Error: check for mistakes around position 8:
[17:13:43] *C(=O)NHOH
[17:13:43] ~~~~~~~^
[17:13:43] SMILES Parse Error: Failed parsing SMILES '*C(=O)NHOH' for input: '*C(=O)NHOH'
[17:13:43] Can't kekulize mol.  Unkekulized atoms: 18 19 21
[17:13:46] Can't kekulize mol.  Unkekulized atoms: 13 14 15 16 17
[17:13:48] Can't kekulize mol.  Unkekulized atoms: 34 35 37
[17:13:50] SMILES Parse Error: syntax error while parsing: *C(=O)NH2
[17:13:50] SMILES Parse Error: check for mistakes around position 8:
[17:13:50] *C(=O)NH2
[17:13:50] ~~~~~~~^
[17:13:50] SMILES Parse Error: Failed parsing SMILES '*C(=O)NH2' for input: '*C(=O)NH2'
[17:13:50] SMILES Parse Error: syntax error while parsing: *C(=O)NH2
[17:13:50] SMILES Parse Error: check for mistakes around position 8:
[17:13:50] *C(=O)NH2
[17:13:50] ~~~~~~~^
[17:13:50] SMILES Parse Error: Failed parsing SMILES '*C(=O)NH2' for input: '*C(=O)NH2'
[17:13:52] Can't kekulize mol.  Unkekulized atoms: 11 12 13 14 15 16 18
[17:13:52] Can't kekulize mol.  Unkekulized atoms: 13 14 15 16 17 18 19 20 21
[17:13:53] SMILES Parse Error: syntax error while parsing: *C(=O)NH2
[17:13:53] SMILES Parse Error: check for mistakes around position 8:
[17:13:53] *C(=O)NH2
[17:13:53] ~~~~~~~^
[17:13:53] SMILES Parse Error: Failed parsing SMILES '*C(=O)NH2' for input: '*C(=O)NH2'
[17:13:53] Can't kekulize mol.  Unkekulized atoms: 35 36 38
[17:13:54] Can't kekulize mol.  Unkekulized atoms: 29 30 32
[17:13:55] SMILES Parse Error: syntax error while parsing: *C(=O)NH2
[17:13:55] SMILES Parse Error: check for mistakes around position 8:
[17:13:55] *C(=O)NH2
[17:13:55] ~~~~~~~^
[17:13:55] SMILES Parse Error: Failed parsing SMILES '*C(=O)NH2' for input: '*C(=O)NH2'
[17:13:57] Can't kekulize mol.  Unkekulized atoms: 22 23 24 25 26
[17:13:58] Can't kekulize mol.  Unkekulized atoms: 13 14 16
[17:14:00] Can't kekulize mol.  Unkekulized atoms: 21 22 24
[17:14:03] Can't kekulize mol.  Unkekulized atoms: 21 22 23 24 25 26 27 28 29
[17:14:04] Can't kekulize mol.  Unkekulized atoms: 22 23 24 25 26 27 28 29 30
[17:14:04] SMILES Parse Error: syntax error while parsing: *C(=O)NHOH
[17:14:04] SMILES Parse Error: check for mistakes around position 8:
[17:14:04] *C(=O)NHOH
[17:14:04] ~~~~~~~^
[17:14:04] SMILES Parse Error: Failed parsing SMILES '*C(=O)NHOH' for input: '*C(=O)NHOH'
[17:14:04] Can't kekulize mol.  Unkekulized atoms: 17 18 20
[17:14:05] Can't kekulize mol.  Unkekulized atoms: 12 13 14 15 16
[17:14:06] Can't kekulize mol.  Unkekulized atoms: 13 14 15 16 17 18 20
[17:14:06] Can't kekulize mol.  Unkekulized atoms: 16 17 19
[17:14:08] Can't kekulize mol.  Unkekulized atoms: 18 19 21
[17:14:09] Can't kekulize mol.  Unkekulized atoms: 26 27 28 29 30
[17:14:09] Can't kekulize mol.  Unkekulized atoms: 26 27 28 29 30
[17:14:13] Can't kekulize mol.  Unkekulized atoms: 32 33 35
[17:14:13] Can't kekulize mol.  Unkekulized atoms: 32 33 35
[17:14:13] Can't kekulize mol.  Unkekulized atoms: 17 18 20
[17:14:18] SMILES Parse Error: syntax error while parsing: *C(=O)NHOH
[17:14:18] SMILES Parse Error: check for mistakes around position 8:
[17:14:18] *C(=O)NHOH
[17:14:18] ~~~~~~~^
[17:14:18] SMILES Parse Error: Failed parsing SMILES '*C(=O)NHOH' for input: '*C(=O)NHOH'
[17:14:19] Can't kekulize mol.  Unkekulized atoms: 24 25 26 27 28 29 30 31 32
[17:14:20] Can't kekulize mol.  Unkekulized atoms: 24 25 27
[17:14:20] Can't kekulize mol.  Unkekulized atoms: 15 16 17 18 19
[17:14:21] Can't kekulize mol.  Unkekulized atoms: 20 21 23
[17:14:22] Can't kekulize mol.  Unkekulized atoms: 14 15 17
[17:14:24] Can't kekulize mol.  Unkekulized atoms: 16 17 18 19 20 21 23
[17:14:24] Can't kekulize mol.  Unkekulized atoms: 30 31 32 33 34 35 37
[17:14:25] Can't kekulize mol.  Unkekulized atoms: 29 30 32
[17:14:28] SMILES Parse Error: syntax error while parsing: *C(=O)NH2
[17:14:28] SMILES Parse Error: check for mistakes around position 8:
[17:14:28] *C(=O)NH2
[17:14:28] ~~~~~~~^
[17:14:28] SMILES Parse Error: Failed parsing SMILES '*C(=O)NH2' for input: '*C(=O)NH2'
[17:14:29] Can't kekulize mol.  Unkekulized atoms: 17 18 20
[17:14:32] Can't kekulize mol.  Unkekulized atoms: 27 28 30
[17:14:33] Can't kekulize mol.  Unkekulized atoms: 20 21 23
[17:14:33] Can't kekulize mol.  Unkekulized atoms: 14 15 17
[17:14:35] Can't kekulize mol.  Unkekulized atoms: 22 23 25
[17:14:38] Can't kekulize mol.  Unkekulized atoms: 15 16 18
[17:14:40] Can't kekulize mol.  Unkekulized atoms: 23 24 26
[17:14:40] Can't kekulize mol.  Unkekulized atoms: 23 24 25 26 27
[17:14:43] SMILES Parse Error: syntax error while parsing: *C(=O)NHOH
[17:14:43] SMILES Parse Error: check for mistakes around position 8:
[17:14:43] *C(=O)NHOH
[17:14:43] ~~~~~~~^
[17:14:43] SMILES Parse Error: Failed parsing SMILES '*C(=O)NHOH' for input: '*C(=O)NHOH'
[17:14:46] Can't kekulize mol.  Unkekulized atoms: 21 22 24
[17:14:47] SMILES Parse Error: syntax error while parsing: *C(=O)NH2
[17:14:47] SMILES Parse Error: check for mistakes around position 8:
[17:14:47] *C(=O)NH2
[17:14:47] ~~~~~~~^
[17:14:47] SMILES Parse Error: Failed parsing SMILES '*C(=O)NH2' for input: '*C(=O)NH2'
[17:14:48] Can't kekulize mol.  Unkekulized atoms: 15 16 18
[17:14:52] Can't kekulize mol.  Unkekulized atoms: 21 22 23 24 25 26 27 28 29
[17:14:53] Can't kekulize mol.  Unkekulized atoms: 18 19 21
[17:14:54] Can't kekulize mol.  Unkekulized atoms: 23 24 25 26 27
[17:14:57] Can't kekulize mol.  Unkekulized atoms: 23 24 26
[17:14:58] Can't kekulize mol.  Unkekulized atoms: 14 15 17
[17:15:04] SMILES Parse Error: syntax error while parsing: *C(=O)NH2
[17:15:04] SMILES Parse Error: check for mistakes around position 8:
[17:15:04] *C(=O)NH2
[17:15:04] ~~~~~~~^
[17:15:04] SMILES Parse Error: Failed parsing SMILES '*C(=O)NH2' for input: '*C(=O)NH2'
[17:15:04] SMILES Parse Error: syntax error while parsing: *C(=O)NH2
[17:15:04] SMILES Parse Error: check for mistakes around position 8:
[17:15:04] *C(=O)NH2
[17:15:04] ~~~~~~~^
[17:15:04] SMILES Parse Error: Failed parsing SMILES '*C(=O)NH2' for input: '*C(=O)NH2'
[17:15:05] Can't kekulize mol.  Unkekulized atoms: 22 23 25
[17:15:06] SMILES Parse Error: syntax error while parsing: *C(=O)NH2
[17:15:06] SMILES Parse Error: check for mistakes around position 8:
[17:15:06] *C(=O)NH2
[17:15:06] ~~~~~~~^
[17:15:06] SMILES Parse Error: Failed parsing SMILES '*C(=O)NH2' for input: '*C(=O)NH2'
[17:15:06] Can't kekulize mol.  Unkekulized atoms: 23 24 25 26 27 28 30
[17:15:07] Can't kekulize mol.  Unkekulized atoms: 29 30 31 32 33
[17:15:07] Can't kekulize mol.  Unkekulized atoms: 16 17 18 19 20
[17:15:09] Can't kekulize mol.  Unkekulized atoms: 30 31 33
[17:15:09] SMILES Parse Error: syntax error while parsing: *C(=O)NHOH
[17:15:09] SMILES Parse Error: check for mistakes around position 8:
[17:15:09] *C(=O)NHOH
[17:15:09] ~~~~~~~^
[17:15:09] SMILES Parse Error: Failed parsing SMILES '*C(=O)NHOH' for input: '*C(=O)NHOH'
[17:15:10] Can't kekulize mol.  Unkekulized atoms: 14 15 16 17 18 19 20 21 22
[17:15:11] Can't kekulize mol.  Unkekulized atoms: 16 17 19
[17:15:13] SMILES Parse Error: syntax error while parsing: *C(=O)NHOH
[17:15:13] SMILES Parse Error: check for mistakes around position 8:
[17:15:13] *C(=O)NHOH
[17:15:13] ~~~~~~~^
[17:15:13] SMILES Parse Error: Failed parsing SMILES '*C(=O)NHOH' for input: '*C(=O)NHOH'
[17:15:14] Can't kekulize mol.  Unkekulized atoms: 28 29 30 31 32 33 34 35 36
[17:15:21] Can't kekulize mol.  Unkekulized atoms: 15 16 18
[17:15:22] Can't kekulize mol.  Unkekulized atoms: 16 17 19
[17:15:26] Can't kekulize mol.  Unkekulized atoms: 20 21 22 23 24 25 26 27 28
[17:15:29] Can't kekulize mol.  Unkekulized atoms: 14 15 17
[17:15:29] Can't kekulize mol.  Unkekulized atoms: 14 15 16 17 18
[17:15:33] Can't kekulize mol.  Unkekulized atoms: 18 19 21
[17:15:33] SMILES Parse Error: syntax error while parsing: *C(=O)NHOH
[17:15:33] SMILES Parse Error: check for mistakes around position 8:
[17:15:33] *C(=O)NHOH
[17:15:33] ~~~~~~~^
[17:15:33] SMILES Parse Error: Failed parsing SMILES '*C(=O)NHOH' for input: '*C(=O)NHOH'
[17:15:40] Can't kekulize mol.  Unkekulized atoms: 17 18 19 20 21 22 24
[17:15:42] SMILES Parse Error: syntax error while parsing: *C(=O)NHOH
[17:15:42] SMILES Parse Error: check for mistakes around position 8:
[17:15:42] *C(=O)NHOH
[17:15:42] ~~~~~~~^
[17:15:42] SMILES Parse Error: Failed parsing SMILES '*C(=O)NHOH' for input: '*C(=O)NHOH'
[17:15:48] Can't kekulize mol.  Unkekulized atoms: 22 23 24 25 26 27 28 29 30
═══ P4 MCTS+RL — seed=13 ═══
  Initial SMILES:  C
  Max steps:       8
  Iterations:      1000
  Fragment set:    all (108 fragments)
  Policy:          ScafVAE
  PUCT c:          1.414
  Host:            penavoraserver
\n═══ Results ═══
  Best state:      Oc1ccc(CCC2CCCO2)c(-c2ccccc2O)c1
  Best reward:     0.631642
  Output CSV:      /home/nanaengo/Malaria_codesV2/Project4_Advanced_Monte_CarloV2607/results/mcts/p4_mcts_seed_13.csv
