[17:12:13] Can't kekulize mol.  Unkekulized atoms: 0 1 2 3 4
[17:12:13] Can't kekulize mol.  Unkekulized atoms: 17 18 20
[17:12:14] Can't kekulize mol.  Unkekulized atoms: 2 3 4 5 6
[17:12:14] Can't kekulize mol.  Unkekulized atoms: 7 8 10
[17:12:18] Can't kekulize mol.  Unkekulized atoms: 21 22 23 24 25 26 27 28 29
[17:12:21] Can't kekulize mol.  Unkekulized atoms: 20 21 23
[17:12:22] Can't kekulize mol.  Unkekulized atoms: 17 18 20
[17:12:22] Can't kekulize mol.  Unkekulized atoms: 15 16 17 18 19 20 22
[17:12:22] Can't kekulize mol.  Unkekulized atoms: 18 19 21
[17:12:24] Can't kekulize mol.  Unkekulized atoms: 15 16 17 18 19 20 21 22 23
[17:12:25] Can't kekulize mol.  Unkekulized atoms: 16 17 18 19 20
[17:12:27] Can't kekulize mol.  Unkekulized atoms: 5 6 7 8 9 10 11 12 13
[17:12:28] Can't kekulize mol.  Unkekulized atoms: 9 10 11 12 13 14 15 16 17
[17:12:28] SMILES Parse Error: syntax error while parsing: *C(=O)NH2
[17:12:28] SMILES Parse Error: check for mistakes around position 8:
[17:12:28] *C(=O)NH2
[17:12:28] ~~~~~~~^
[17:12:28] SMILES Parse Error: Failed parsing SMILES '*C(=O)NH2' for input: '*C(=O)NH2'
[17:12:28] Can't kekulize mol.  Unkekulized atoms: 30 31 33
[17:12:30] Can't kekulize mol.  Unkekulized atoms: 21 22 24
[17:12:30] Can't kekulize mol.  Unkekulized atoms: 26 27 28 29 30 31 33
[17:12:33] Can't kekulize mol.  Unkekulized atoms: 24 25 26 27 28
[17:12:34] Can't kekulize mol.  Unkekulized atoms: 10 11 12 13 14 15 17
[17:12:40] SMILES Parse Error: syntax error while parsing: *C(=O)NHOH
[17:12:40] SMILES Parse Error: check for mistakes around position 8:
[17:12:40] *C(=O)NHOH
[17:12:40] ~~~~~~~^
[17:12:40] SMILES Parse Error: Failed parsing SMILES '*C(=O)NHOH' for input: '*C(=O)NHOH'
[17:12:41] Can't kekulize mol.  Unkekulized atoms: 28 29 31
[17:12:44] Can't kekulize mol.  Unkekulized atoms: 22 23 24 25 26 27 28 29 30
[17:12:44] Can't kekulize mol.  Unkekulized atoms: 30 31 33
[17:12:47] Can't kekulize mol.  Unkekulized atoms: 24 25 27
[17:12:47] Can't kekulize mol.  Unkekulized atoms: 19 20 22
[17:12:47] Can't kekulize mol.  Unkekulized atoms: 16 17 19
[17:12:48] Can't kekulize mol.  Unkekulized atoms: 18 19 20 21 22 23 25
[17:12:50] Can't kekulize mol.  Unkekulized atoms: 31 32 34
[17:12:51] SMILES Parse Error: syntax error while parsing: *C(=O)NHOH
[17:12:51] SMILES Parse Error: check for mistakes around position 8:
[17:12:51] *C(=O)NHOH
[17:12:51] ~~~~~~~^
[17:12:51] SMILES Parse Error: Failed parsing SMILES '*C(=O)NHOH' for input: '*C(=O)NHOH'
[17:12:51] Can't kekulize mol.  Unkekulized atoms: 28 29 30 31 32
[17:12:54] Can't kekulize mol.  Unkekulized atoms: 20 21 22 23 24
[17:12:55] Can't kekulize mol.  Unkekulized atoms: 16 17 19
[17:12:57] Can't kekulize mol.  Unkekulized atoms: 26 27 29
[17:12:57] Can't kekulize mol.  Unkekulized atoms: 20 21 22 23 24
[17:12:58] Can't kekulize mol.  Unkekulized atoms: 22 23 24 25 26 27 28 29 30
[17:12:59] Can't kekulize mol.  Unkekulized atoms: 21 22 24
[17:13:00] Can't kekulize mol.  Unkekulized atoms: 21 22 24
[17:13:00] Can't kekulize mol.  Unkekulized atoms: 20 21 23
[17:13:02] Can't kekulize mol.  Unkekulized atoms: 11 12 13 14 15 16 18
[17:13:03] Can't kekulize mol.  Unkekulized atoms: 15 16 17 18 19
[17:13:04] Can't kekulize mol.  Unkekulized atoms: 12 13 15
[17:13:06] SMILES Parse Error: syntax error while parsing: *C(=O)NHOH
[17:13:06] SMILES Parse Error: check for mistakes around position 8:
[17:13:06] *C(=O)NHOH
[17:13:06] ~~~~~~~^
[17:13:06] SMILES Parse Error: Failed parsing SMILES '*C(=O)NHOH' for input: '*C(=O)NHOH'
[17:13:06] Can't kekulize mol.  Unkekulized atoms: 32 33 34 35 36
[17:13:07] Can't kekulize mol.  Unkekulized atoms: 29 30 31 32 33 34 35 36 37
[17:13:12] Can't kekulize mol.  Unkekulized atoms: 25 26 27 28 29 30 31 32 33
[17:13:13] Can't kekulize mol.  Unkekulized atoms: 31 32 33 34 35
[17:13:13] Can't kekulize mol.  Unkekulized atoms: 31 32 34
[17:13:14] Can't kekulize mol.  Unkekulized atoms: 22 23 25
[17:13:17] Can't kekulize mol.  Unkekulized atoms: 13 14 15 16 17
[17:13:18] Can't kekulize mol.  Unkekulized atoms: 12 13 15
[17:13:22] Can't kekulize mol.  Unkekulized atoms: 28 29 31
[17:13:23] SMILES Parse Error: syntax error while parsing: *C(=O)NH2
[17:13:23] SMILES Parse Error: check for mistakes around position 8:
[17:13:23] *C(=O)NH2
[17:13:23] ~~~~~~~^
[17:13:23] SMILES Parse Error: Failed parsing SMILES '*C(=O)NH2' for input: '*C(=O)NH2'
[17:13:24] Can't kekulize mol.  Unkekulized atoms: 17 18 20
[17:13:25] Can't kekulize mol.  Unkekulized atoms: 12 13 15
[17:13:27] Can't kekulize mol.  Unkekulized atoms: 19 20 21 22 23 24 25 26 27
[17:13:28] Can't kekulize mol.  Unkekulized atoms: 24 25 27
[17:13:29] SMILES Parse Error: syntax error while parsing: *C(=O)NHOH
[17:13:29] SMILES Parse Error: check for mistakes around position 8:
[17:13:29] *C(=O)NHOH
[17:13:29] ~~~~~~~^
[17:13:29] SMILES Parse Error: Failed parsing SMILES '*C(=O)NHOH' for input: '*C(=O)NHOH'
[17:13:30] Can't kekulize mol.  Unkekulized atoms: 17 18 19 20 21 22 24
[17:13:30] Can't kekulize mol.  Unkekulized atoms: 17 18 20
[17:13:31] Can't kekulize mol.  Unkekulized atoms: 23 24 25 26 27 28 29 30 31
[17:13:31] Can't kekulize mol.  Unkekulized atoms: 22 23 25
[17:13:32] Can't kekulize mol.  Unkekulized atoms: 22 23 24 25 26 27 28 29 30
[17:13:33] Can't kekulize mol.  Unkekulized atoms: 25 26 28
[17:13:35] Can't kekulize mol.  Unkekulized atoms: 7 8 10
[17:13:36] SMILES Parse Error: syntax error while parsing: *C(=O)NH2
[17:13:36] SMILES Parse Error: check for mistakes around position 8:
[17:13:36] *C(=O)NH2
[17:13:36] ~~~~~~~^
[17:13:36] SMILES Parse Error: Failed parsing SMILES '*C(=O)NH2' for input: '*C(=O)NH2'
[17:13:39] Can't kekulize mol.  Unkekulized atoms: 6 7 8 9 10 11 13
[17:13:39] SMILES Parse Error: syntax error while parsing: *C(=O)NH2
[17:13:39] SMILES Parse Error: check for mistakes around position 8:
[17:13:39] *C(=O)NH2
[17:13:39] ~~~~~~~^
[17:13:39] SMILES Parse Error: Failed parsing SMILES '*C(=O)NH2' for input: '*C(=O)NH2'
[17:13:40] Can't kekulize mol.  Unkekulized atoms: 24 25 27
[17:13:41] Can't kekulize mol.  Unkekulized atoms: 20 21 22 23 24 25 26 27 28
[17:13:44] Can't kekulize mol.  Unkekulized atoms: 31 32 33 34 35
[17:13:44] Can't kekulize mol.  Unkekulized atoms: 19 20 21 22 23 24 25 26 27
[17:13:44] Can't kekulize mol.  Unkekulized atoms: 25 26 27 28 29
[17:13:45] SMILES Parse Error: syntax error while parsing: *C(=O)NH2
[17:13:45] SMILES Parse Error: check for mistakes around position 8:
[17:13:45] *C(=O)NH2
[17:13:45] ~~~~~~~^
[17:13:45] SMILES Parse Error: Failed parsing SMILES '*C(=O)NH2' for input: '*C(=O)NH2'
[17:13:47] Can't kekulize mol.  Unkekulized atoms: 28 29 31
[17:13:47] SMILES Parse Error: syntax error while parsing: *C(=O)NH2
[17:13:47] SMILES Parse Error: check for mistakes around position 8:
[17:13:47] *C(=O)NH2
[17:13:47] ~~~~~~~^
[17:13:47] SMILES Parse Error: Failed parsing SMILES '*C(=O)NH2' for input: '*C(=O)NH2'
[17:13:47] Can't kekulize mol.  Unkekulized atoms: 11 12 14
[17:13:49] Can't kekulize mol.  Unkekulized atoms: 17 18 20
[17:13:51] SMILES Parse Error: syntax error while parsing: *C(=O)NHOH
[17:13:51] SMILES Parse Error: check for mistakes around position 8:
[17:13:51] *C(=O)NHOH
[17:13:51] ~~~~~~~^
[17:13:51] SMILES Parse Error: Failed parsing SMILES '*C(=O)NHOH' for input: '*C(=O)NHOH'
[17:13:52] Can't kekulize mol.  Unkekulized atoms: 15 16 18
[17:13:52] Can't kekulize mol.  Unkekulized atoms: 7 8 9 10 11
[17:13:52] Can't kekulize mol.  Unkekulized atoms: 11 12 13 14 15
[17:13:54] Can't kekulize mol.  Unkekulized atoms: 13 14 15 16 17
[17:13:56] Can't kekulize mol.  Unkekulized atoms: 24 25 26 27 28 29 30 31 32
[17:13:59] SMILES Parse Error: syntax error while parsing: *C(=O)NH2
[17:13:59] SMILES Parse Error: check for mistakes around position 8:
[17:13:59] *C(=O)NH2
[17:13:59] ~~~~~~~^
[17:13:59] SMILES Parse Error: Failed parsing SMILES '*C(=O)NH2' for input: '*C(=O)NH2'
[17:13:59] Can't kekulize mol.  Unkekulized atoms: 12 13 14 15 16 17 19
[17:14:03] Can't kekulize mol.  Unkekulized atoms: 19 20 22
[17:14:06] Can't kekulize mol.  Unkekulized atoms: 24 25 26 27 28 29 31
[17:14:06] Can't kekulize mol.  Unkekulized atoms: 19 20 21 22 23 24 25 26 27
[17:14:07] Can't kekulize mol.  Unkekulized atoms: 48 49 51
[17:14:07] Can't kekulize mol.  Unkekulized atoms: 22 23 24 25 26 27 28 29 30
[17:14:09] Can't kekulize mol.  Unkekulized atoms: 12 13 15
[17:14:09] Can't kekulize mol.  Unkekulized atoms: 9 10 11 12 13 14 15 16 17
[17:14:10] Can't kekulize mol.  Unkekulized atoms: 16 17 19
[17:14:10] Can't kekulize mol.  Unkekulized atoms: 25 26 28
[17:14:10] Can't kekulize mol.  Unkekulized atoms: 15 16 17 18 19 20 22
[17:14:10] SMILES Parse Error: syntax error while parsing: *C(=O)NHOH
[17:14:10] SMILES Parse Error: check for mistakes around position 8:
[17:14:10] *C(=O)NHOH
[17:14:10] ~~~~~~~^
[17:14:10] SMILES Parse Error: Failed parsing SMILES '*C(=O)NHOH' for input: '*C(=O)NHOH'
[17:14:12] Can't kekulize mol.  Unkekulized atoms: 25 26 27 28 29
[17:14:14] Can't kekulize mol.  Unkekulized atoms: 29 30 31 32 33 34 35 36 37
[17:14:18] Can't kekulize mol.  Unkekulized atoms: 18 19 21
[17:14:27] SMILES Parse Error: syntax error while parsing: *C(=O)NH2
[17:14:27] SMILES Parse Error: check for mistakes around position 8:
[17:14:27] *C(=O)NH2
[17:14:27] ~~~~~~~^
[17:14:27] SMILES Parse Error: Failed parsing SMILES '*C(=O)NH2' for input: '*C(=O)NH2'
[17:14:28] Can't kekulize mol.  Unkekulized atoms: 23 24 25 26 27 28 29 30 31
[17:14:32] Can't kekulize mol.  Unkekulized atoms: 15 16 18
[17:14:32] Can't kekulize mol.  Unkekulized atoms: 21 22 23 24 25 26 27 28 29
[17:14:32] Can't kekulize mol.  Unkekulized atoms: 16 17 19
[17:14:32] Can't kekulize mol.  Unkekulized atoms: 13 14 16
[17:14:37] Can't kekulize mol.  Unkekulized atoms: 24 25 26 27 28 29 30 31 32
[17:14:37] SMILES Parse Error: syntax error while parsing: *C(=O)NHOH
[17:14:37] SMILES Parse Error: check for mistakes around position 8:
[17:14:37] *C(=O)NHOH
[17:14:37] ~~~~~~~^
[17:14:37] SMILES Parse Error: Failed parsing SMILES '*C(=O)NHOH' for input: '*C(=O)NHOH'
[17:14:39] Can't kekulize mol.  Unkekulized atoms: 18 19 21
[17:14:39] Can't kekulize mol.  Unkekulized atoms: 19 20 22
[17:14:42] Can't kekulize mol.  Unkekulized atoms: 15 16 17 18 19
[17:14:44] SMILES Parse Error: syntax error while parsing: *C(=O)NHOH
[17:14:44] SMILES Parse Error: check for mistakes around position 8:
[17:14:44] *C(=O)NHOH
[17:14:44] ~~~~~~~^
[17:14:44] SMILES Parse Error: Failed parsing SMILES '*C(=O)NHOH' for input: '*C(=O)NHOH'
[17:14:48] Can't kekulize mol.  Unkekulized atoms: 19 20 22
[17:14:48] Can't kekulize mol.  Unkekulized atoms: 24 25 27
[17:14:49] SMILES Parse Error: syntax error while parsing: *C(=O)NHOH
[17:14:49] SMILES Parse Error: check for mistakes around position 8:
[17:14:49] *C(=O)NHOH
[17:14:49] ~~~~~~~^
[17:14:49] SMILES Parse Error: Failed parsing SMILES '*C(=O)NHOH' for input: '*C(=O)NHOH'
[17:14:52] Can't kekulize mol.  Unkekulized atoms: 14 15 17
[17:15:05] Can't kekulize mol.  Unkekulized atoms: 20 21 23
[17:15:08] SMILES Parse Error: syntax error while parsing: *C(=O)NHOH
[17:15:08] SMILES Parse Error: check for mistakes around position 8:
[17:15:08] *C(=O)NHOH
[17:15:08] ~~~~~~~^
[17:15:08] SMILES Parse Error: Failed parsing SMILES '*C(=O)NHOH' for input: '*C(=O)NHOH'
[17:15:08] SMILES Parse Error: syntax error while parsing: *C(=O)NHOH
[17:15:08] SMILES Parse Error: check for mistakes around position 8:
[17:15:08] *C(=O)NHOH
[17:15:08] ~~~~~~~^
[17:15:08] SMILES Parse Error: Failed parsing SMILES '*C(=O)NHOH' for input: '*C(=O)NHOH'
[17:15:14] SMILES Parse Error: syntax error while parsing: *C(=O)NH2
[17:15:14] SMILES Parse Error: check for mistakes around position 8:
[17:15:14] *C(=O)NH2
[17:15:14] ~~~~~~~^
[17:15:14] SMILES Parse Error: Failed parsing SMILES '*C(=O)NH2' for input: '*C(=O)NH2'
[17:15:15] Can't kekulize mol.  Unkekulized atoms: 20 21 22 23 24 25 27
[17:15:15] Can't kekulize mol.  Unkekulized atoms: 18 19 21
[17:15:17] Can't kekulize mol.  Unkekulized atoms: 18 19 21
[17:15:27] Can't kekulize mol.  Unkekulized atoms: 24 25 27
[17:15:28] SMILES Parse Error: syntax error while parsing: *C(=O)NH2
[17:15:28] SMILES Parse Error: check for mistakes around position 8:
[17:15:28] *C(=O)NH2
[17:15:28] ~~~~~~~^
[17:15:28] SMILES Parse Error: Failed parsing SMILES '*C(=O)NH2' for input: '*C(=O)NH2'
[17:15:28] Can't kekulize mol.  Unkekulized atoms: 25 26 28
[17:15:33] Can't kekulize mol.  Unkekulized atoms: 24 25 26 27 28 29 31
[17:15:33] Can't kekulize mol.  Unkekulized atoms: 10 11 13
═══ P4 MCTS+RL — seed=11 ═══
  Initial SMILES:  C
  Max steps:       8
  Iterations:      1000
  Fragment set:    all (108 fragments)
  Policy:          ScafVAE
  PUCT c:          1.414
  Host:            penavoraserver
\n═══ Results ═══
  Best state:      CCC(C)(c1cccc(C(N)=O)c1S(=O)(=O)CF)N(C)C
  Best reward:     0.628167
  Output CSV:      /home/nanaengo/Malaria_codesV2/Project4_Advanced_Monte_CarloV2607/results/mcts/p4_mcts_seed_11.csv
