[17:15:04] Can't kekulize mol.  Unkekulized atoms: 0 1 2 3 4
[17:15:08] Can't kekulize mol.  Unkekulized atoms: 27 28 30
[17:15:11] Can't kekulize mol.  Unkekulized atoms: 13 14 16
[17:15:12] Can't kekulize mol.  Unkekulized atoms: 29 30 31 32 33
[17:15:12] Can't kekulize mol.  Unkekulized atoms: 14 15 17
[17:15:13] Can't kekulize mol.  Unkekulized atoms: 17 18 20
[17:15:13] Can't kekulize mol.  Unkekulized atoms: 17 18 19 20 21
[17:15:16] Can't kekulize mol.  Unkekulized atoms: 31 32 34
[17:15:17] Can't kekulize mol.  Unkekulized atoms: 13 14 16
[17:15:23] Can't kekulize mol.  Unkekulized atoms: 20 21 22 23 24
[17:15:23] SMILES Parse Error: syntax error while parsing: *C(=O)NHOH
[17:15:23] SMILES Parse Error: check for mistakes around position 8:
[17:15:23] *C(=O)NHOH
[17:15:23] ~~~~~~~^
[17:15:23] SMILES Parse Error: Failed parsing SMILES '*C(=O)NHOH' for input: '*C(=O)NHOH'
[17:15:26] Can't kekulize mol.  Unkekulized atoms: 18 19 21
[17:15:27] Can't kekulize mol.  Unkekulized atoms: 24 25 27
[17:15:29] Can't kekulize mol.  Unkekulized atoms: 20 21 23
[17:15:30] Can't kekulize mol.  Unkekulized atoms: 13 14 16
[17:15:31] Can't kekulize mol.  Unkekulized atoms: 32 33 34 35 36 37 38 39 40
[17:15:32] SMILES Parse Error: syntax error while parsing: *C(=O)NHOH
[17:15:32] SMILES Parse Error: check for mistakes around position 8:
[17:15:32] *C(=O)NHOH
[17:15:32] ~~~~~~~^
[17:15:32] SMILES Parse Error: Failed parsing SMILES '*C(=O)NHOH' for input: '*C(=O)NHOH'
[17:15:32] SMILES Parse Error: syntax error while parsing: *C(=O)NHOH
[17:15:32] SMILES Parse Error: check for mistakes around position 8:
[17:15:32] *C(=O)NHOH
[17:15:32] ~~~~~~~^
[17:15:32] SMILES Parse Error: Failed parsing SMILES '*C(=O)NHOH' for input: '*C(=O)NHOH'
[17:15:32] Can't kekulize mol.  Unkekulized atoms: 11 12 14
[17:15:32] Can't kekulize mol.  Unkekulized atoms: 24 25 26 27 28 29 31
[17:15:34] Can't kekulize mol.  Unkekulized atoms: 20 21 22 23 24 25 26 27 28
[17:15:34] Can't kekulize mol.  Unkekulized atoms: 20 21 23
[17:15:36] Can't kekulize mol.  Unkekulized atoms: 27 28 29 30 31 32 33 34 35
[17:15:38] Can't kekulize mol.  Unkekulized atoms: 23 24 26
[17:15:38] Can't kekulize mol.  Unkekulized atoms: 14 15 17
[17:15:38] Can't kekulize mol.  Unkekulized atoms: 31 32 33 34 35 36 38
[17:15:39] Can't kekulize mol.  Unkekulized atoms: 23 24 26
[17:15:44] Can't kekulize mol.  Unkekulized atoms: 24 25 26 27 28 29 30 31 32
[17:15:44] SMILES Parse Error: syntax error while parsing: *C(=O)NHOH
[17:15:44] SMILES Parse Error: check for mistakes around position 8:
[17:15:44] *C(=O)NHOH
[17:15:44] ~~~~~~~^
[17:15:44] SMILES Parse Error: Failed parsing SMILES '*C(=O)NHOH' for input: '*C(=O)NHOH'
[17:15:44] Can't kekulize mol.  Unkekulized atoms: 29 30 32
[17:15:46] SMILES Parse Error: syntax error while parsing: *C(=O)NHOH
[17:15:46] SMILES Parse Error: check for mistakes around position 8:
[17:15:46] *C(=O)NHOH
[17:15:46] ~~~~~~~^
[17:15:46] SMILES Parse Error: Failed parsing SMILES '*C(=O)NHOH' for input: '*C(=O)NHOH'
[17:15:46] Can't kekulize mol.  Unkekulized atoms: 14 15 17
[17:15:48] Can't kekulize mol.  Unkekulized atoms: 27 28 30
[17:15:51] Can't kekulize mol.  Unkekulized atoms: 28 29 30 31 32 33 34 35 36
[17:15:51] Can't kekulize mol.  Unkekulized atoms: 15 16 17 18 19
[17:15:51] SMILES Parse Error: syntax error while parsing: *C(=O)NH2
[17:15:51] SMILES Parse Error: check for mistakes around position 8:
[17:15:51] *C(=O)NH2
[17:15:51] ~~~~~~~^
[17:15:51] SMILES Parse Error: Failed parsing SMILES '*C(=O)NH2' for input: '*C(=O)NH2'
[17:15:53] SMILES Parse Error: syntax error while parsing: *C(=O)NHOH
[17:15:53] SMILES Parse Error: check for mistakes around position 8:
[17:15:53] *C(=O)NHOH
[17:15:53] ~~~~~~~^
[17:15:53] SMILES Parse Error: Failed parsing SMILES '*C(=O)NHOH' for input: '*C(=O)NHOH'
[17:15:54] SMILES Parse Error: syntax error while parsing: *C(=O)NHOH
[17:15:54] SMILES Parse Error: check for mistakes around position 8:
[17:15:54] *C(=O)NHOH
[17:15:54] ~~~~~~~^
[17:15:54] SMILES Parse Error: Failed parsing SMILES '*C(=O)NHOH' for input: '*C(=O)NHOH'
[17:15:54] Can't kekulize mol.  Unkekulized atoms: 13 14 16
[17:15:54] Can't kekulize mol.  Unkekulized atoms: 29 30 31 32 33 34 36
[17:15:55] Can't kekulize mol.  Unkekulized atoms: 29 30 32
[17:15:56] SMILES Parse Error: syntax error while parsing: *C(=O)NHOH
[17:15:56] SMILES Parse Error: check for mistakes around position 8:
[17:15:56] *C(=O)NHOH
[17:15:56] ~~~~~~~^
[17:15:56] SMILES Parse Error: Failed parsing SMILES '*C(=O)NHOH' for input: '*C(=O)NHOH'
[17:15:56] Can't kekulize mol.  Unkekulized atoms: 32 33 35
[17:15:57] Can't kekulize mol.  Unkekulized atoms: 24 25 27
[17:15:57] Can't kekulize mol.  Unkekulized atoms: 24 25 27
[17:15:59] SMILES Parse Error: syntax error while parsing: *C(=O)NHOH
[17:15:59] SMILES Parse Error: check for mistakes around position 8:
[17:15:59] *C(=O)NHOH
[17:15:59] ~~~~~~~^
[17:15:59] SMILES Parse Error: Failed parsing SMILES '*C(=O)NHOH' for input: '*C(=O)NHOH'
[17:15:59] Can't kekulize mol.  Unkekulized atoms: 20 21 23
[17:16:01] Can't kekulize mol.  Unkekulized atoms: 18 19 21
[17:16:01] Can't kekulize mol.  Unkekulized atoms: 15 16 18
[17:16:02] Can't kekulize mol.  Unkekulized atoms: 13 14 15 16 17 18 19 20 21
[17:16:04] Can't kekulize mol.  Unkekulized atoms: 29 30 32
[17:16:05] Can't kekulize mol.  Unkekulized atoms: 21 22 24
[17:16:06] SMILES Parse Error: syntax error while parsing: *C(=O)NH2
[17:16:06] SMILES Parse Error: check for mistakes around position 8:
[17:16:06] *C(=O)NH2
[17:16:06] ~~~~~~~^
[17:16:06] SMILES Parse Error: Failed parsing SMILES '*C(=O)NH2' for input: '*C(=O)NH2'
[17:16:06] Can't kekulize mol.  Unkekulized atoms: 16 17 19
[17:16:06] SMILES Parse Error: syntax error while parsing: *C(=O)NH2
[17:16:06] SMILES Parse Error: check for mistakes around position 8:
[17:16:06] *C(=O)NH2
[17:16:06] ~~~~~~~^
[17:16:06] SMILES Parse Error: Failed parsing SMILES '*C(=O)NH2' for input: '*C(=O)NH2'
[17:16:07] Can't kekulize mol.  Unkekulized atoms: 10 11 12 13 14
[17:16:07] Can't kekulize mol.  Unkekulized atoms: 11 12 13 14 15 16 18
[17:16:08] Can't kekulize mol.  Unkekulized atoms: 11 12 13 14 15
[17:16:11] Can't kekulize mol.  Unkekulized atoms: 19 20 21 22 23 24 26
[17:16:12] Can't kekulize mol.  Unkekulized atoms: 27 28 30
[17:16:12] SMILES Parse Error: syntax error while parsing: *C(=O)NH2
[17:16:12] SMILES Parse Error: check for mistakes around position 8:
[17:16:12] *C(=O)NH2
[17:16:12] ~~~~~~~^
[17:16:12] SMILES Parse Error: Failed parsing SMILES '*C(=O)NH2' for input: '*C(=O)NH2'
[17:16:14] Can't kekulize mol.  Unkekulized atoms: 9 10 11 12 13 14 16
[17:16:14] Can't kekulize mol.  Unkekulized atoms: 20 21 23
[17:16:14] Can't kekulize mol.  Unkekulized atoms: 7 8 10
[17:16:14] SMILES Parse Error: syntax error while parsing: *C(=O)NH2
[17:16:14] SMILES Parse Error: check for mistakes around position 8:
[17:16:14] *C(=O)NH2
[17:16:14] ~~~~~~~^
[17:16:14] SMILES Parse Error: Failed parsing SMILES '*C(=O)NH2' for input: '*C(=O)NH2'
[17:16:16] Can't kekulize mol.  Unkekulized atoms: 27 28 30
[17:16:16] Can't kekulize mol.  Unkekulized atoms: 7 8 9 10 11 12 14
[17:16:16] Can't kekulize mol.  Unkekulized atoms: 12 13 14 15 16 17 19
[17:16:18] Can't kekulize mol.  Unkekulized atoms: 22 23 24 25 26 27 29
[17:16:19] Can't kekulize mol.  Unkekulized atoms: 13 14 16
[17:16:19] SMILES Parse Error: syntax error while parsing: *C(=O)NH2
[17:16:19] SMILES Parse Error: check for mistakes around position 8:
[17:16:19] *C(=O)NH2
[17:16:19] ~~~~~~~^
[17:16:19] SMILES Parse Error: Failed parsing SMILES '*C(=O)NH2' for input: '*C(=O)NH2'
[17:16:19] SMILES Parse Error: syntax error while parsing: *C(=O)NH2
[17:16:19] SMILES Parse Error: check for mistakes around position 8:
[17:16:19] *C(=O)NH2
[17:16:19] ~~~~~~~^
[17:16:19] SMILES Parse Error: Failed parsing SMILES '*C(=O)NH2' for input: '*C(=O)NH2'
[17:16:25] Can't kekulize mol.  Unkekulized atoms: 26 27 28 29 30
[17:16:30] Can't kekulize mol.  Unkekulized atoms: 29 30 32
[17:16:31] Can't kekulize mol.  Unkekulized atoms: 15 16 18
[17:16:33] SMILES Parse Error: syntax error while parsing: *C(=O)NH2
[17:16:33] SMILES Parse Error: check for mistakes around position 8:
[17:16:33] *C(=O)NH2
[17:16:33] ~~~~~~~^
[17:16:33] SMILES Parse Error: Failed parsing SMILES '*C(=O)NH2' for input: '*C(=O)NH2'
[17:16:33] Can't kekulize mol.  Unkekulized atoms: 18 19 21
[17:16:34] SMILES Parse Error: syntax error while parsing: *C(=O)NH2
[17:16:34] SMILES Parse Error: check for mistakes around position 8:
[17:16:34] *C(=O)NH2
[17:16:34] ~~~~~~~^
[17:16:34] SMILES Parse Error: Failed parsing SMILES '*C(=O)NH2' for input: '*C(=O)NH2'
[17:16:39] Can't kekulize mol.  Unkekulized atoms: 24 25 26 27 28
[17:16:39] Can't kekulize mol.  Unkekulized atoms: 22 23 24 25 26 27 28 29 30
[17:16:40] Can't kekulize mol.  Unkekulized atoms: 18 19 21
[17:16:40] SMILES Parse Error: syntax error while parsing: *C(=O)NH2
[17:16:40] SMILES Parse Error: check for mistakes around position 8:
[17:16:40] *C(=O)NH2
[17:16:40] ~~~~~~~^
[17:16:40] SMILES Parse Error: Failed parsing SMILES '*C(=O)NH2' for input: '*C(=O)NH2'
[17:16:45] Can't kekulize mol.  Unkekulized atoms: 9 10 11 12 13 14 15 16 17
[17:16:45] Can't kekulize mol.  Unkekulized atoms: 9 10 12
[17:16:47] Can't kekulize mol.  Unkekulized atoms: 12 13 15
[17:16:47] Can't kekulize mol.  Unkekulized atoms: 17 18 20
[17:16:49] Can't kekulize mol.  Unkekulized atoms: 28 29 30 31 32 33 34 35 36
[17:16:49] SMILES Parse Error: syntax error while parsing: *C(=O)NHOH
[17:16:49] SMILES Parse Error: check for mistakes around position 8:
[17:16:49] *C(=O)NHOH
[17:16:49] ~~~~~~~^
[17:16:49] SMILES Parse Error: Failed parsing SMILES '*C(=O)NHOH' for input: '*C(=O)NHOH'
[17:16:51] Can't kekulize mol.  Unkekulized atoms: 15 16 18
[17:16:53] Can't kekulize mol.  Unkekulized atoms: 11 12 14
[17:16:53] Can't kekulize mol.  Unkekulized atoms: 17 18 19 20 21 22 24
[17:16:54] Can't kekulize mol.  Unkekulized atoms: 37 38 40
[17:16:55] SMILES Parse Error: syntax error while parsing: *C(=O)NHOH
[17:16:55] SMILES Parse Error: check for mistakes around position 8:
[17:16:55] *C(=O)NHOH
[17:16:55] ~~~~~~~^
[17:16:55] SMILES Parse Error: Failed parsing SMILES '*C(=O)NHOH' for input: '*C(=O)NHOH'
[17:16:57] SMILES Parse Error: syntax error while parsing: *C(=O)NHOH
[17:16:57] SMILES Parse Error: check for mistakes around position 8:
[17:16:57] *C(=O)NHOH
[17:16:57] ~~~~~~~^
[17:16:57] SMILES Parse Error: Failed parsing SMILES '*C(=O)NHOH' for input: '*C(=O)NHOH'
[17:16:57] SMILES Parse Error: syntax error while parsing: *C(=O)NHOH
[17:16:57] SMILES Parse Error: check for mistakes around position 8:
[17:16:57] *C(=O)NHOH
[17:16:57] ~~~~~~~^
[17:16:57] SMILES Parse Error: Failed parsing SMILES '*C(=O)NHOH' for input: '*C(=O)NHOH'
[17:16:59] SMILES Parse Error: syntax error while parsing: *C(=O)NHOH
[17:16:59] SMILES Parse Error: check for mistakes around position 8:
[17:16:59] *C(=O)NHOH
[17:16:59] ~~~~~~~^
[17:16:59] SMILES Parse Error: Failed parsing SMILES '*C(=O)NHOH' for input: '*C(=O)NHOH'
[17:17:00] Can't kekulize mol.  Unkekulized atoms: 27 28 29 30 31 32 33 34 35
[17:17:05] Can't kekulize mol.  Unkekulized atoms: 16 17 19
[17:17:06] Can't kekulize mol.  Unkekulized atoms: 14 15 16 17 18 19 21
[17:17:08] Can't kekulize mol.  Unkekulized atoms: 20 21 23
[17:17:08] Can't kekulize mol.  Unkekulized atoms: 11 12 14
[17:17:08] Can't kekulize mol.  Unkekulized atoms: 19 20 22
[17:17:11] SMILES Parse Error: syntax error while parsing: *C(=O)NH2
[17:17:11] SMILES Parse Error: check for mistakes around position 8:
[17:17:11] *C(=O)NH2
[17:17:11] ~~~~~~~^
[17:17:11] SMILES Parse Error: Failed parsing SMILES '*C(=O)NH2' for input: '*C(=O)NH2'
[17:17:12] Can't kekulize mol.  Unkekulized atoms: 10 11 13
[17:17:12] SMILES Parse Error: syntax error while parsing: *C(=O)NHOH
[17:17:12] SMILES Parse Error: check for mistakes around position 8:
[17:17:12] *C(=O)NHOH
[17:17:12] ~~~~~~~^
[17:17:12] SMILES Parse Error: Failed parsing SMILES '*C(=O)NHOH' for input: '*C(=O)NHOH'
[17:17:13] Can't kekulize mol.  Unkekulized atoms: 16 17 18 19 20
[17:17:14] Can't kekulize mol.  Unkekulized atoms: 27 28 29 30 31
[17:17:14] Can't kekulize mol.  Unkekulized atoms: 10 11 13
[17:17:15] Can't kekulize mol.  Unkekulized atoms: 15 16 17 18 19 20 21 22 23
[17:17:17] Can't kekulize mol.  Unkekulized atoms: 27 28 30
[17:17:19] Can't kekulize mol.  Unkekulized atoms: 31 32 34
[17:17:21] SMILES Parse Error: syntax error while parsing: *C(=O)NH2
[17:17:21] SMILES Parse Error: check for mistakes around position 8:
[17:17:21] *C(=O)NH2
[17:17:21] ~~~~~~~^
[17:17:21] SMILES Parse Error: Failed parsing SMILES '*C(=O)NH2' for input: '*C(=O)NH2'
[17:17:22] SMILES Parse Error: syntax error while parsing: *C(=O)NHOH
[17:17:22] SMILES Parse Error: check for mistakes around position 8:
[17:17:22] *C(=O)NHOH
[17:17:22] ~~~~~~~^
[17:17:22] SMILES Parse Error: Failed parsing SMILES '*C(=O)NHOH' for input: '*C(=O)NHOH'
[17:17:23] SMILES Parse Error: syntax error while parsing: *C(=O)NHOH
[17:17:23] SMILES Parse Error: check for mistakes around position 8:
[17:17:23] *C(=O)NHOH
[17:17:23] ~~~~~~~^
[17:17:23] SMILES Parse Error: Failed parsing SMILES '*C(=O)NHOH' for input: '*C(=O)NHOH'
[17:17:24] Can't kekulize mol.  Unkekulized atoms: 26 27 28 29 30 31 32 33 34
[17:17:26] Can't kekulize mol.  Unkekulized atoms: 21 22 24
[17:17:26] Can't kekulize mol.  Unkekulized atoms: 33 34 36
[17:17:26] Can't kekulize mol.  Unkekulized atoms: 18 19 21
[17:17:26] Can't kekulize mol.  Unkekulized atoms: 26 27 29
[17:17:29] Can't kekulize mol.  Unkekulized atoms: 18 19 20 21 22 23 24 25 26
[17:17:30] SMILES Parse Error: syntax error while parsing: *C(=O)NHOH
[17:17:30] SMILES Parse Error: check for mistakes around position 8:
[17:17:30] *C(=O)NHOH
[17:17:30] ~~~~~~~^
[17:17:30] SMILES Parse Error: Failed parsing SMILES '*C(=O)NHOH' for input: '*C(=O)NHOH'
[17:17:31] Can't kekulize mol.  Unkekulized atoms: 33 34 35 36 37
[17:17:31] Can't kekulize mol.  Unkekulized atoms: 28 29 31
[17:17:31] Can't kekulize mol.  Unkekulized atoms: 25 26 28
[17:17:31] Can't kekulize mol.  Unkekulized atoms: 25 26 28
[17:17:33] Can't kekulize mol.  Unkekulized atoms: 14 15 17
[17:17:33] Can't kekulize mol.  Unkekulized atoms: 18 19 21
[17:17:34] Can't kekulize mol.  Unkekulized atoms: 18 19 21
[17:17:36] Can't kekulize mol.  Unkekulized atoms: 29 30 32
[17:17:37] Can't kekulize mol.  Unkekulized atoms: 18 19 21
[17:17:39] Can't kekulize mol.  Unkekulized atoms: 25 26 28
[17:17:41] SMILES Parse Error: syntax error while parsing: *C(=O)NHOH
[17:17:41] SMILES Parse Error: check for mistakes around position 8:
[17:17:41] *C(=O)NHOH
[17:17:41] ~~~~~~~^
[17:17:41] SMILES Parse Error: Failed parsing SMILES '*C(=O)NHOH' for input: '*C(=O)NHOH'
[17:17:41] Can't kekulize mol.  Unkekulized atoms: 33 34 35 36 37
[17:17:41] Can't kekulize mol.  Unkekulized atoms: 33 34 35 36 37 38 40
[17:17:43] Can't kekulize mol.  Unkekulized atoms: 23 24 26
[17:17:45] Can't kekulize mol.  Unkekulized atoms: 17 18 20
[17:17:45] Can't kekulize mol.  Unkekulized atoms: 17 18 19 20 21 22 24
[17:17:45] Can't kekulize mol.  Unkekulized atoms: 22 23 25
[17:17:46] Can't kekulize mol.  Unkekulized atoms: 13 14 16
[17:17:46] Can't kekulize mol.  Unkekulized atoms: 35 36 37 38 39 40 42
[17:17:47] Can't kekulize mol.  Unkekulized atoms: 15 16 18
[17:17:48] Can't kekulize mol.  Unkekulized atoms: 18 19 21
[17:17:49] Can't kekulize mol.  Unkekulized atoms: 19 20 22
[17:17:50] Can't kekulize mol.  Unkekulized atoms: 27 28 30
[17:17:52] Can't kekulize mol.  Unkekulized atoms: 22 23 24 25 26
[17:17:54] Can't kekulize mol.  Unkekulized atoms: 18 19 21
[17:17:54] Can't kekulize mol.  Unkekulized atoms: 19 20 21 22 23 24 25 26 27
[17:17:55] Can't kekulize mol.  Unkekulized atoms: 19 20 21 22 23
[17:17:59] Can't kekulize mol.  Unkekulized atoms: 20 21 23
[17:18:00] Can't kekulize mol.  Unkekulized atoms: 25 26 27 28 29 30 32
[17:18:03] Can't kekulize mol.  Unkekulized atoms: 23 24 26
[17:18:05] Can't kekulize mol.  Unkekulized atoms: 21 22 23 24 25 26 28
[17:18:07] Can't kekulize mol.  Unkekulized atoms: 25 26 28
[17:18:08] SMILES Parse Error: syntax error while parsing: *C(=O)NH2
[17:18:08] SMILES Parse Error: check for mistakes around position 8:
[17:18:08] *C(=O)NH2
[17:18:08] ~~~~~~~^
[17:18:08] SMILES Parse Error: Failed parsing SMILES '*C(=O)NH2' for input: '*C(=O)NH2'
[17:18:09] Can't kekulize mol.  Unkekulized atoms: 10 11 13
[17:18:09] Can't kekulize mol.  Unkekulized atoms: 19 20 22
[17:18:09] SMILES Parse Error: syntax error while parsing: *C(=O)NHOH
[17:18:09] SMILES Parse Error: check for mistakes around position 8:
[17:18:09] *C(=O)NHOH
[17:18:09] ~~~~~~~^
[17:18:09] SMILES Parse Error: Failed parsing SMILES '*C(=O)NHOH' for input: '*C(=O)NHOH'
[17:18:10] Can't kekulize mol.  Unkekulized atoms: 26 27 28 29 30 31 33
[17:18:12] Can't kekulize mol.  Unkekulized atoms: 22 23 25
[17:18:12] Can't kekulize mol.  Unkekulized atoms: 15 16 18
[17:18:16] SMILES Parse Error: syntax error while parsing: *C(=O)NH2
[17:18:16] SMILES Parse Error: check for mistakes around position 8:
[17:18:16] *C(=O)NH2
[17:18:16] ~~~~~~~^
[17:18:16] SMILES Parse Error: Failed parsing SMILES '*C(=O)NH2' for input: '*C(=O)NH2'
[17:18:17] Can't kekulize mol.  Unkekulized atoms: 19 20 22
[17:18:20] Can't kekulize mol.  Unkekulized atoms: 16 17 19
[17:18:20] Can't kekulize mol.  Unkekulized atoms: 20 21 22 23 24
[17:18:24] Can't kekulize mol.  Unkekulized atoms: 19 20 22
[17:18:25] SMILES Parse Error: syntax error while parsing: *C(=O)NH2
[17:18:25] SMILES Parse Error: check for mistakes around position 8:
[17:18:25] *C(=O)NH2
[17:18:25] ~~~~~~~^
[17:18:25] SMILES Parse Error: Failed parsing SMILES '*C(=O)NH2' for input: '*C(=O)NH2'
[17:18:25] Can't kekulize mol.  Unkekulized atoms: 14 15 17
[17:18:25] Can't kekulize mol.  Unkekulized atoms: 14 15 17
[17:18:26] Can't kekulize mol.  Unkekulized atoms: 20 21 23
[17:18:28] Can't kekulize mol.  Unkekulized atoms: 20 21 23
[17:18:29] Can't kekulize mol.  Unkekulized atoms: 17 18 19 20 21
[17:18:33] SMILES Parse Error: syntax error while parsing: *C(=O)NH2
[17:18:33] SMILES Parse Error: check for mistakes around position 8:
[17:18:33] *C(=O)NH2
[17:18:33] ~~~~~~~^
[17:18:33] SMILES Parse Error: Failed parsing SMILES '*C(=O)NH2' for input: '*C(=O)NH2'
[17:18:33] Can't kekulize mol.  Unkekulized atoms: 8 9 10 11 12 13 14 15 16
[17:18:34] Can't kekulize mol.  Unkekulized atoms: 26 27 29
[17:18:35] Can't kekulize mol.  Unkekulized atoms: 30 31 32 33 34
[17:18:37] Can't kekulize mol.  Unkekulized atoms: 32 33 35
[17:18:38] Can't kekulize mol.  Unkekulized atoms: 23 24 26
[17:18:39] Can't kekulize mol.  Unkekulized atoms: 19 20 22
[17:18:40] Can't kekulize mol.  Unkekulized atoms: 15 16 17 18 19 20 22
[17:18:40] Can't kekulize mol.  Unkekulized atoms: 26 27 28 29 30 31 32 33 34
[17:18:41] Can't kekulize mol.  Unkekulized atoms: 20 21 23
[17:18:41] SMILES Parse Error: syntax error while parsing: *C(=O)NH2
[17:18:41] SMILES Parse Error: check for mistakes around position 8:
[17:18:41] *C(=O)NH2
[17:18:41] ~~~~~~~^
[17:18:41] SMILES Parse Error: Failed parsing SMILES '*C(=O)NH2' for input: '*C(=O)NH2'
[17:18:43] Can't kekulize mol.  Unkekulized atoms: 13 14 15 16 17 18 20
[17:18:48] Can't kekulize mol.  Unkekulized atoms: 28 29 31
[17:18:48] Can't kekulize mol.  Unkekulized atoms: 19 20 21 22 23
[17:18:50] Can't kekulize mol.  Unkekulized atoms: 25 26 27 28 29
[17:18:54] Can't kekulize mol.  Unkekulized atoms: 21 22 24
[17:18:56] SMILES Parse Error: syntax error while parsing: *C(=O)NH2
[17:18:56] SMILES Parse Error: check for mistakes around position 8:
[17:18:56] *C(=O)NH2
[17:18:56] ~~~~~~~^
[17:18:56] SMILES Parse Error: Failed parsing SMILES '*C(=O)NH2' for input: '*C(=O)NH2'
[17:18:59] Can't kekulize mol.  Unkekulized atoms: 16 17 18 19 20 21 22 23 24
[17:18:59] SMILES Parse Error: syntax error while parsing: *C(=O)NH2
[17:18:59] SMILES Parse Error: check for mistakes around position 8:
[17:18:59] *C(=O)NH2
[17:18:59] ~~~~~~~^
[17:18:59] SMILES Parse Error: Failed parsing SMILES '*C(=O)NH2' for input: '*C(=O)NH2'
[17:19:04] Can't kekulize mol.  Unkekulized atoms: 23 24 25 26 27
[17:19:05] Can't kekulize mol.  Unkekulized atoms: 18 19 20 21 22
[17:19:05] SMILES Parse Error: syntax error while parsing: *C(=O)NH2
[17:19:05] SMILES Parse Error: check for mistakes around position 8:
[17:19:05] *C(=O)NH2
[17:19:05] ~~~~~~~^
[17:19:05] SMILES Parse Error: Failed parsing SMILES '*C(=O)NH2' for input: '*C(=O)NH2'
[17:19:06] Can't kekulize mol.  Unkekulized atoms: 14 15 16 17 18 19 20 21 22
[17:19:07] Can't kekulize mol.  Unkekulized atoms: 18 19 21
[17:19:13] Can't kekulize mol.  Unkekulized atoms: 20 21 23
[17:19:15] SMILES Parse Error: syntax error while parsing: *C(=O)NHOH
[17:19:15] SMILES Parse Error: check for mistakes around position 8:
[17:19:15] *C(=O)NHOH
[17:19:15] ~~~~~~~^
[17:19:15] SMILES Parse Error: Failed parsing SMILES '*C(=O)NHOH' for input: '*C(=O)NHOH'
[17:19:16] Can't kekulize mol.  Unkekulized atoms: 27 28 30
[17:19:18] Can't kekulize mol.  Unkekulized atoms: 13 14 16
[17:19:19] SMILES Parse Error: syntax error while parsing: *C(=O)NHOH
[17:19:19] SMILES Parse Error: check for mistakes around position 8:
[17:19:19] *C(=O)NHOH
[17:19:19] ~~~~~~~^
[17:19:19] SMILES Parse Error: Failed parsing SMILES '*C(=O)NHOH' for input: '*C(=O)NHOH'
═══ P4 MCTS+RL — seed=17 ═══
  Initial SMILES:  C
  Max steps:       8
  Iterations:      1000
  Fragment set:    all (108 fragments)
  Policy:          ScafVAE
  PUCT c:          1.414
  Host:            penavoraserver
\n═══ Results ═══
  Best state:      CSCC(C)c1cc(O)cc(OCS(C)(=O)=O)c1
  Best reward:     0.613692
  Output CSV:      /home/nanaengo/Malaria_codesV2/Project4_Advanced_Monte_CarloV2607/results/mcts/p4_mcts_seed_17.csv
