[17:15:30] Can't kekulize mol.  Unkekulized atoms: 0 1 2 3 4
[17:15:31] SMILES Parse Error: syntax error while parsing: *C(=O)NHOH
[17:15:31] SMILES Parse Error: check for mistakes around position 8:
[17:15:31] *C(=O)NHOH
[17:15:31] ~~~~~~~^
[17:15:31] SMILES Parse Error: Failed parsing SMILES '*C(=O)NHOH' for input: '*C(=O)NHOH'
[17:15:31] SMILES Parse Error: syntax error while parsing: *C(=O)NHOH
[17:15:31] SMILES Parse Error: check for mistakes around position 8:
[17:15:31] *C(=O)NHOH
[17:15:31] ~~~~~~~^
[17:15:31] SMILES Parse Error: Failed parsing SMILES '*C(=O)NHOH' for input: '*C(=O)NHOH'
[17:15:31] Can't kekulize mol.  Unkekulized atoms: 26 27 28 29 30
[17:15:33] Can't kekulize mol.  Unkekulized atoms: 23 24 25 26 27 28 30
[17:15:33] Can't kekulize mol.  Unkekulized atoms: 8 9 10 11 12
[17:15:34] Can't kekulize mol.  Unkekulized atoms: 38 39 40 41 42 43 44 45 46
[17:15:35] SMILES Parse Error: syntax error while parsing: *C(=O)NHOH
[17:15:35] SMILES Parse Error: check for mistakes around position 8:
[17:15:35] *C(=O)NHOH
[17:15:35] ~~~~~~~^
[17:15:35] SMILES Parse Error: Failed parsing SMILES '*C(=O)NHOH' for input: '*C(=O)NHOH'
[17:15:36] Can't kekulize mol.  Unkekulized atoms: 20 21 22 23 24
[17:15:36] Can't kekulize mol.  Unkekulized atoms: 20 21 22 23 24
[17:15:37] Can't kekulize mol.  Unkekulized atoms: 20 21 23
[17:15:37] Can't kekulize mol.  Unkekulized atoms: 8 9 10 11 12
[17:15:39] Can't kekulize mol.  Unkekulized atoms: 20 21 22 23 24
[17:15:40] SMILES Parse Error: syntax error while parsing: *C(=O)NHOH
[17:15:40] SMILES Parse Error: check for mistakes around position 8:
[17:15:40] *C(=O)NHOH
[17:15:40] ~~~~~~~^
[17:15:40] SMILES Parse Error: Failed parsing SMILES '*C(=O)NHOH' for input: '*C(=O)NHOH'
[17:15:43] Can't kekulize mol.  Unkekulized atoms: 8 9 10 11 12 13 15
[17:15:46] Can't kekulize mol.  Unkekulized atoms: 45 46 48
[17:15:46] Can't kekulize mol.  Unkekulized atoms: 38 39 41
[17:15:46] Can't kekulize mol.  Unkekulized atoms: 19 20 22
[17:15:46] SMILES Parse Error: syntax error while parsing: *C(=O)NH2
[17:15:46] SMILES Parse Error: check for mistakes around position 8:
[17:15:46] *C(=O)NH2
[17:15:46] ~~~~~~~^
[17:15:46] SMILES Parse Error: Failed parsing SMILES '*C(=O)NH2' for input: '*C(=O)NH2'
[17:15:46] Can't kekulize mol.  Unkekulized atoms: 14 15 17
[17:15:49] SMILES Parse Error: syntax error while parsing: *C(=O)NH2
[17:15:49] SMILES Parse Error: check for mistakes around position 8:
[17:15:49] *C(=O)NH2
[17:15:49] ~~~~~~~^
[17:15:49] SMILES Parse Error: Failed parsing SMILES '*C(=O)NH2' for input: '*C(=O)NH2'
[17:15:49] Can't kekulize mol.  Unkekulized atoms: 24 25 27
[17:15:49] SMILES Parse Error: syntax error while parsing: *C(=O)NHOH
[17:15:49] SMILES Parse Error: check for mistakes around position 8:
[17:15:49] *C(=O)NHOH
[17:15:49] ~~~~~~~^
[17:15:49] SMILES Parse Error: Failed parsing SMILES '*C(=O)NHOH' for input: '*C(=O)NHOH'
[17:15:50] SMILES Parse Error: syntax error while parsing: *C(=O)NHOH
[17:15:50] SMILES Parse Error: check for mistakes around position 8:
[17:15:50] *C(=O)NHOH
[17:15:50] ~~~~~~~^
[17:15:50] SMILES Parse Error: Failed parsing SMILES '*C(=O)NHOH' for input: '*C(=O)NHOH'
[17:15:51] Can't kekulize mol.  Unkekulized atoms: 15 16 18
[17:15:52] Can't kekulize mol.  Unkekulized atoms: 21 22 23 24 25 26 28
[17:15:53] Can't kekulize mol.  Unkekulized atoms: 9 10 11 12 13
[17:15:53] Can't kekulize mol.  Unkekulized atoms: 14 15 17
[17:15:54] Can't kekulize mol.  Unkekulized atoms: 27 28 30
[17:15:55] SMILES Parse Error: syntax error while parsing: *C(=O)NH2
[17:15:55] SMILES Parse Error: check for mistakes around position 8:
[17:15:55] *C(=O)NH2
[17:15:55] ~~~~~~~^
[17:15:55] SMILES Parse Error: Failed parsing SMILES '*C(=O)NH2' for input: '*C(=O)NH2'
[17:15:56] SMILES Parse Error: syntax error while parsing: *C(=O)NHOH
[17:15:56] SMILES Parse Error: check for mistakes around position 8:
[17:15:56] *C(=O)NHOH
[17:15:56] ~~~~~~~^
[17:15:56] SMILES Parse Error: Failed parsing SMILES '*C(=O)NHOH' for input: '*C(=O)NHOH'
[17:15:56] Can't kekulize mol.  Unkekulized atoms: 11 12 14
[17:15:58] Can't kekulize mol.  Unkekulized atoms: 10 11 13
[17:15:59] Can't kekulize mol.  Unkekulized atoms: 13 14 16
[17:15:59] SMILES Parse Error: syntax error while parsing: *C(=O)NH2
[17:15:59] SMILES Parse Error: check for mistakes around position 8:
[17:15:59] *C(=O)NH2
[17:15:59] ~~~~~~~^
[17:15:59] SMILES Parse Error: Failed parsing SMILES '*C(=O)NH2' for input: '*C(=O)NH2'
[17:16:00] Can't kekulize mol.  Unkekulized atoms: 21 22 24
[17:16:00] Can't kekulize mol.  Unkekulized atoms: 30 31 33
[17:16:02] Can't kekulize mol.  Unkekulized atoms: 9 10 11 12 13
[17:16:02] Can't kekulize mol.  Unkekulized atoms: 15 16 18
[17:16:03] Can't kekulize mol.  Unkekulized atoms: 30 31 33
[17:16:04] Can't kekulize mol.  Unkekulized atoms: 30 31 32 33 34 35 37
[17:16:04] Can't kekulize mol.  Unkekulized atoms: 17 18 20
[17:16:04] Can't kekulize mol.  Unkekulized atoms: 17 18 20
[17:16:05] Can't kekulize mol.  Unkekulized atoms: 28 29 30 31 32
[17:16:07] SMILES Parse Error: syntax error while parsing: *C(=O)NHOH
[17:16:07] SMILES Parse Error: check for mistakes around position 8:
[17:16:07] *C(=O)NHOH
[17:16:07] ~~~~~~~^
[17:16:07] SMILES Parse Error: Failed parsing SMILES '*C(=O)NHOH' for input: '*C(=O)NHOH'
[17:16:08] Can't kekulize mol.  Unkekulized atoms: 31 32 34
[17:16:09] Can't kekulize mol.  Unkekulized atoms: 29 30 32
[17:16:10] Can't kekulize mol.  Unkekulized atoms: 17 18 20
[17:16:11] SMILES Parse Error: syntax error while parsing: *C(=O)NHOH
[17:16:11] SMILES Parse Error: check for mistakes around position 8:
[17:16:11] *C(=O)NHOH
[17:16:11] ~~~~~~~^
[17:16:11] SMILES Parse Error: Failed parsing SMILES '*C(=O)NHOH' for input: '*C(=O)NHOH'
[17:16:11] Can't kekulize mol.  Unkekulized atoms: 19 20 22
[17:16:12] Can't kekulize mol.  Unkekulized atoms: 18 19 21
[17:16:12] SMILES Parse Error: syntax error while parsing: *C(=O)NH2
[17:16:12] SMILES Parse Error: check for mistakes around position 8:
[17:16:12] *C(=O)NH2
[17:16:12] ~~~~~~~^
[17:16:12] SMILES Parse Error: Failed parsing SMILES '*C(=O)NH2' for input: '*C(=O)NH2'
[17:16:12] Can't kekulize mol.  Unkekulized atoms: 21 22 24
[17:16:14] Can't kekulize mol.  Unkekulized atoms: 28 29 30 31 32
[17:16:18] Can't kekulize mol.  Unkekulized atoms: 31 32 33 34 35 36 37 38 39
[17:16:21] SMILES Parse Error: syntax error while parsing: *C(=O)NHOH
[17:16:21] SMILES Parse Error: check for mistakes around position 8:
[17:16:21] *C(=O)NHOH
[17:16:21] ~~~~~~~^
[17:16:21] SMILES Parse Error: Failed parsing SMILES '*C(=O)NHOH' for input: '*C(=O)NHOH'
[17:16:21] Can't kekulize mol.  Unkekulized atoms: 21 22 23 24 25
[17:16:22] SMILES Parse Error: syntax error while parsing: *C(=O)NHOH
[17:16:22] SMILES Parse Error: check for mistakes around position 8:
[17:16:22] *C(=O)NHOH
[17:16:22] ~~~~~~~^
[17:16:22] SMILES Parse Error: Failed parsing SMILES '*C(=O)NHOH' for input: '*C(=O)NHOH'
[17:16:24] Can't kekulize mol.  Unkekulized atoms: 12 13 15
[17:16:30] Can't kekulize mol.  Unkekulized atoms: 28 29 30 31 32 33 34 35 36
[17:16:31] Can't kekulize mol.  Unkekulized atoms: 6 7 9
[17:16:31] Can't kekulize mol.  Unkekulized atoms: 15 16 18
[17:16:34] Can't kekulize mol.  Unkekulized atoms: 7 8 10
[17:16:35] Can't kekulize mol.  Unkekulized atoms: 6 7 9
[17:16:35] Can't kekulize mol.  Unkekulized atoms: 6 7 9
[17:16:36] Can't kekulize mol.  Unkekulized atoms: 26 27 28 29 30
[17:16:37] SMILES Parse Error: syntax error while parsing: *C(=O)NHOH
[17:16:37] SMILES Parse Error: check for mistakes around position 8:
[17:16:37] *C(=O)NHOH
[17:16:37] ~~~~~~~^
[17:16:37] SMILES Parse Error: Failed parsing SMILES '*C(=O)NHOH' for input: '*C(=O)NHOH'
[17:16:37] Can't kekulize mol.  Unkekulized atoms: 20 21 23
[17:16:38] SMILES Parse Error: syntax error while parsing: *C(=O)NH2
[17:16:38] SMILES Parse Error: check for mistakes around position 8:
[17:16:38] *C(=O)NH2
[17:16:38] ~~~~~~~^
[17:16:38] SMILES Parse Error: Failed parsing SMILES '*C(=O)NH2' for input: '*C(=O)NH2'
[17:16:38] Can't kekulize mol.  Unkekulized atoms: 9 10 11 12 13
[17:16:38] Can't kekulize mol.  Unkekulized atoms: 9 10 12
[17:16:38] Can't kekulize mol.  Unkekulized atoms: 26 27 28 29 30
[17:16:39] Can't kekulize mol.  Unkekulized atoms: 7 8 10
[17:16:40] Can't kekulize mol.  Unkekulized atoms: 27 28 29 30 31 32 33 34 35
[17:16:40] Can't kekulize mol.  Unkekulized atoms: 12 13 14 15 16 17 19
[17:16:42] Can't kekulize mol.  Unkekulized atoms: 7 8 10
[17:16:43] Can't kekulize mol.  Unkekulized atoms: 19 20 22
[17:16:46] Can't kekulize mol.  Unkekulized atoms: 16 17 19
[17:16:47] Can't kekulize mol.  Unkekulized atoms: 14 15 16 17 18 19 21
[17:16:49] Can't kekulize mol.  Unkekulized atoms: 17 18 20
[17:16:51] Can't kekulize mol.  Unkekulized atoms: 15 16 18
[17:16:53] SMILES Parse Error: syntax error while parsing: *C(=O)NHOH
[17:16:53] SMILES Parse Error: check for mistakes around position 8:
[17:16:53] *C(=O)NHOH
[17:16:53] ~~~~~~~^
[17:16:53] SMILES Parse Error: Failed parsing SMILES '*C(=O)NHOH' for input: '*C(=O)NHOH'
[17:16:54] Can't kekulize mol.  Unkekulized atoms: 17 18 20
[17:16:56] Can't kekulize mol.  Unkekulized atoms: 22 23 24 25 26 27 28 29 30
[17:16:58] Can't kekulize mol.  Unkekulized atoms: 23 24 25 26 27
[17:16:58] Can't kekulize mol.  Unkekulized atoms: 17 18 19 20 21
[17:16:59] SMILES Parse Error: syntax error while parsing: *C(=O)NHOH
[17:16:59] SMILES Parse Error: check for mistakes around position 8:
[17:16:59] *C(=O)NHOH
[17:16:59] ~~~~~~~^
[17:16:59] SMILES Parse Error: Failed parsing SMILES '*C(=O)NHOH' for input: '*C(=O)NHOH'
[17:17:00] Can't kekulize mol.  Unkekulized atoms: 15 16 18
[17:17:01] SMILES Parse Error: syntax error while parsing: *C(=O)NH2
[17:17:01] SMILES Parse Error: check for mistakes around position 8:
[17:17:01] *C(=O)NH2
[17:17:01] ~~~~~~~^
[17:17:01] SMILES Parse Error: Failed parsing SMILES '*C(=O)NH2' for input: '*C(=O)NH2'
[17:17:01] Can't kekulize mol.  Unkekulized atoms: 18 19 20 21 22 23 24 25 26
[17:17:02] Can't kekulize mol.  Unkekulized atoms: 19 20 21 22 23
[17:17:03] Can't kekulize mol.  Unkekulized atoms: 9 10 11 12 13 14 16
[17:17:04] Can't kekulize mol.  Unkekulized atoms: 15 16 18
[17:17:07] Can't kekulize mol.  Unkekulized atoms: 15 16 17 18 19 20 21 22 23
[17:17:08] SMILES Parse Error: syntax error while parsing: *C(=O)NHOH
[17:17:08] SMILES Parse Error: check for mistakes around position 8:
[17:17:08] *C(=O)NHOH
[17:17:08] ~~~~~~~^
[17:17:08] SMILES Parse Error: Failed parsing SMILES '*C(=O)NHOH' for input: '*C(=O)NHOH'
[17:17:10] SMILES Parse Error: syntax error while parsing: *C(=O)NH2
[17:17:10] SMILES Parse Error: check for mistakes around position 8:
[17:17:10] *C(=O)NH2
[17:17:10] ~~~~~~~^
[17:17:10] SMILES Parse Error: Failed parsing SMILES '*C(=O)NH2' for input: '*C(=O)NH2'
[17:17:10] Can't kekulize mol.  Unkekulized atoms: 14 15 16 17 18
[17:17:11] Can't kekulize mol.  Unkekulized atoms: 17 18 19 20 21
[17:17:12] Can't kekulize mol.  Unkekulized atoms: 14 15 16 17 18 19 21
[17:17:13] Can't kekulize mol.  Unkekulized atoms: 18 19 20 21 22 23 25
[17:17:14] Can't kekulize mol.  Unkekulized atoms: 20 21 23
[17:17:14] SMILES Parse Error: syntax error while parsing: *C(=O)NH2
[17:17:14] SMILES Parse Error: check for mistakes around position 8:
[17:17:14] *C(=O)NH2
[17:17:14] ~~~~~~~^
[17:17:14] SMILES Parse Error: Failed parsing SMILES '*C(=O)NH2' for input: '*C(=O)NH2'
[17:17:14] Can't kekulize mol.  Unkekulized atoms: 24 25 27
[17:17:15] Can't kekulize mol.  Unkekulized atoms: 23 24 25 26 27 28 29 30 31
[17:17:24] Can't kekulize mol.  Unkekulized atoms: 18 19 21
[17:17:25] Can't kekulize mol.  Unkekulized atoms: 13 14 16
[17:17:26] Can't kekulize mol.  Unkekulized atoms: 19 20 21 22 23
[17:17:34] SMILES Parse Error: syntax error while parsing: *C(=O)NHOH
[17:17:34] SMILES Parse Error: check for mistakes around position 8:
[17:17:34] *C(=O)NHOH
[17:17:34] ~~~~~~~^
[17:17:34] SMILES Parse Error: Failed parsing SMILES '*C(=O)NHOH' for input: '*C(=O)NHOH'
[17:17:37] Can't kekulize mol.  Unkekulized atoms: 7 8 9 10 11 12 14
[17:17:41] Can't kekulize mol.  Unkekulized atoms: 19 20 21 22 23
[17:17:41] Can't kekulize mol.  Unkekulized atoms: 15 16 18
[17:17:46] Can't kekulize mol.  Unkekulized atoms: 24 25 27
[17:17:50] Can't kekulize mol.  Unkekulized atoms: 20 21 22 23 24
[17:17:56] Can't kekulize mol.  Unkekulized atoms: 14 15 17
[17:17:59] SMILES Parse Error: syntax error while parsing: *C(=O)NHOH
[17:17:59] SMILES Parse Error: check for mistakes around position 8:
[17:17:59] *C(=O)NHOH
[17:17:59] ~~~~~~~^
[17:17:59] SMILES Parse Error: Failed parsing SMILES '*C(=O)NHOH' for input: '*C(=O)NHOH'
[17:18:01] Can't kekulize mol.  Unkekulized atoms: 19 20 21 22 23
[17:18:03] Can't kekulize mol.  Unkekulized atoms: 15 16 18
[17:18:09] Can't kekulize mol.  Unkekulized atoms: 31 32 33 34 35 36 37 38 39
[17:18:11] SMILES Parse Error: syntax error while parsing: *C(=O)NH2
[17:18:11] SMILES Parse Error: check for mistakes around position 8:
[17:18:11] *C(=O)NH2
[17:18:11] ~~~~~~~^
[17:18:11] SMILES Parse Error: Failed parsing SMILES '*C(=O)NH2' for input: '*C(=O)NH2'
[17:18:13] Can't kekulize mol.  Unkekulized atoms: 17 18 19 20 21 22 24
[17:18:13] Can't kekulize mol.  Unkekulized atoms: 12 13 15
[17:18:14] Can't kekulize mol.  Unkekulized atoms: 18 19 21
[17:18:15] Can't kekulize mol.  Unkekulized atoms: 13 14 16
[17:18:16] Can't kekulize mol.  Unkekulized atoms: 18 19 20 21 22 23 25
[17:18:17] Can't kekulize mol.  Unkekulized atoms: 13 14 15 16 17
═══ P4 MCTS+RL — seed=18 ═══
  Initial SMILES:  C
  Max steps:       8
  Iterations:      1000
  Fragment set:    all (108 fragments)
  Policy:          ScafVAE
  PUCT c:          1.414
  Host:            penavoraserver
\n═══ Results ═══
  Best state:      CC1CCC(c2cccc3ccccc23)C(OC(C)CO)N1
  Best reward:     0.615221
  Output CSV:      /home/nanaengo/Malaria_codesV2/Project4_Advanced_Monte_CarloV2607/results/mcts/p4_mcts_seed_18.csv
