[16:48:20] Can't kekulize mol.  Unkekulized atoms: 0 1 2 3 4
[16:48:20] Can't kekulize mol.  Unkekulized atoms: 15 16 18
[16:48:22] Can't kekulize mol.  Unkekulized atoms: 13 14 16
[16:48:22] Can't kekulize mol.  Unkekulized atoms: 33 34 35 36 37
[16:48:23] SMILES Parse Error: syntax error while parsing: *C(=O)NHOH
[16:48:23] SMILES Parse Error: check for mistakes around position 8:
[16:48:23] *C(=O)NHOH
[16:48:23] ~~~~~~~^
[16:48:23] SMILES Parse Error: Failed parsing SMILES '*C(=O)NHOH' for input: '*C(=O)NHOH'
[16:48:23] Can't kekulize mol.  Unkekulized atoms: 27 28 29 30 31 32 33 34 35
[16:48:24] SMILES Parse Error: syntax error while parsing: *C(=O)NHOH
[16:48:24] SMILES Parse Error: check for mistakes around position 8:
[16:48:24] *C(=O)NHOH
[16:48:24] ~~~~~~~^
[16:48:24] SMILES Parse Error: Failed parsing SMILES '*C(=O)NHOH' for input: '*C(=O)NHOH'
[16:48:24] SMILES Parse Error: syntax error while parsing: *C(=O)NH2
[16:48:24] SMILES Parse Error: check for mistakes around position 8:
[16:48:24] *C(=O)NH2
[16:48:24] ~~~~~~~^
[16:48:24] SMILES Parse Error: Failed parsing SMILES '*C(=O)NH2' for input: '*C(=O)NH2'
[16:48:25] Can't kekulize mol.  Unkekulized atoms: 19 20 21 22 23 24 26
[16:48:26] Can't kekulize mol.  Unkekulized atoms: 24 25 26 27 28 29 31
[16:48:27] Can't kekulize mol.  Unkekulized atoms: 25 26 28
[16:48:28] Can't kekulize mol.  Unkekulized atoms: 27 28 30
[16:48:29] Can't kekulize mol.  Unkekulized atoms: 25 26 27 28 29
[16:48:33] Can't kekulize mol.  Unkekulized atoms: 12 13 14 15 16 17 18 19 20
[16:48:34] Can't kekulize mol.  Unkekulized atoms: 18 19 21
[16:48:34] SMILES Parse Error: syntax error while parsing: *C(=O)NH2
[16:48:34] SMILES Parse Error: check for mistakes around position 8:
[16:48:34] *C(=O)NH2
[16:48:34] ~~~~~~~^
[16:48:34] SMILES Parse Error: Failed parsing SMILES '*C(=O)NH2' for input: '*C(=O)NH2'
[16:48:34] Can't kekulize mol.  Unkekulized atoms: 10 11 12 13 14 15 16 17 18
[16:48:34] Can't kekulize mol.  Unkekulized atoms: 10 11 13
[16:48:34] Can't kekulize mol.  Unkekulized atoms: 10 11 13
[16:48:35] Can't kekulize mol.  Unkekulized atoms: 17 18 20
[16:48:38] SMILES Parse Error: syntax error while parsing: *C(=O)NHOH
[16:48:38] SMILES Parse Error: check for mistakes around position 8:
[16:48:38] *C(=O)NHOH
[16:48:38] ~~~~~~~^
[16:48:38] SMILES Parse Error: Failed parsing SMILES '*C(=O)NHOH' for input: '*C(=O)NHOH'
[16:48:38] Can't kekulize mol.  Unkekulized atoms: 14 15 16 17 18 19 20 21 22
[16:48:41] Can't kekulize mol.  Unkekulized atoms: 15 16 17 18 19 20 22
[16:48:41] Can't kekulize mol.  Unkekulized atoms: 17 18 20
[16:48:42] Can't kekulize mol.  Unkekulized atoms: 20 21 22 23 24
[16:48:44] Can't kekulize mol.  Unkekulized atoms: 28 29 31
[16:48:49] Can't kekulize mol.  Unkekulized atoms: 18 19 21
[16:48:49] SMILES Parse Error: syntax error while parsing: *C(=O)NH2
[16:48:49] SMILES Parse Error: check for mistakes around position 8:
[16:48:49] *C(=O)NH2
[16:48:49] ~~~~~~~^
[16:48:49] SMILES Parse Error: Failed parsing SMILES '*C(=O)NH2' for input: '*C(=O)NH2'
[16:48:49] Can't kekulize mol.  Unkekulized atoms: 8 9 11
[16:48:50] Can't kekulize mol.  Unkekulized atoms: 26 27 28 29 30
[16:48:50] Can't kekulize mol.  Unkekulized atoms: 25 26 28
[16:48:53] SMILES Parse Error: syntax error while parsing: *C(=O)NH2
[16:48:53] SMILES Parse Error: check for mistakes around position 8:
[16:48:53] *C(=O)NH2
[16:48:53] ~~~~~~~^
[16:48:53] SMILES Parse Error: Failed parsing SMILES '*C(=O)NH2' for input: '*C(=O)NH2'
[16:48:57] Can't kekulize mol.  Unkekulized atoms: 29 30 32
[16:48:58] Can't kekulize mol.  Unkekulized atoms: 27 28 30
[16:48:59] SMILES Parse Error: syntax error while parsing: *C(=O)NHOH
[16:48:59] SMILES Parse Error: check for mistakes around position 8:
[16:48:59] *C(=O)NHOH
[16:48:59] ~~~~~~~^
[16:48:59] SMILES Parse Error: Failed parsing SMILES '*C(=O)NHOH' for input: '*C(=O)NHOH'
[16:49:00] Can't kekulize mol.  Unkekulized atoms: 25 26 28
[16:49:00] SMILES Parse Error: syntax error while parsing: *C(=O)NH2
[16:49:00] SMILES Parse Error: check for mistakes around position 8:
[16:49:00] *C(=O)NH2
[16:49:00] ~~~~~~~^
[16:49:00] SMILES Parse Error: Failed parsing SMILES '*C(=O)NH2' for input: '*C(=O)NH2'
[16:49:02] Can't kekulize mol.  Unkekulized atoms: 24 25 27
[16:49:02] Can't kekulize mol.  Unkekulized atoms: 26 27 28 29 30
[16:49:03] Can't kekulize mol.  Unkekulized atoms: 28 29 31
[16:49:03] Can't kekulize mol.  Unkekulized atoms: 10 11 12 13 14 15 16 17 18
[16:49:06] Can't kekulize mol.  Unkekulized atoms: 15 16 18
[16:49:07] Can't kekulize mol.  Unkekulized atoms: 34 35 36 37 38 39 41
[16:49:08] Can't kekulize mol.  Unkekulized atoms: 27 28 29 30 31 32 33 34 35
[16:49:08] SMILES Parse Error: syntax error while parsing: *C(=O)NHOH
[16:49:08] SMILES Parse Error: check for mistakes around position 8:
[16:49:08] *C(=O)NHOH
[16:49:08] ~~~~~~~^
[16:49:08] SMILES Parse Error: Failed parsing SMILES '*C(=O)NHOH' for input: '*C(=O)NHOH'
[16:49:09] Can't kekulize mol.  Unkekulized atoms: 21 22 24
[16:49:09] Can't kekulize mol.  Unkekulized atoms: 29 30 31 32 33 34 36
[16:49:14] Can't kekulize mol.  Unkekulized atoms: 16 17 19
[16:49:15] Can't kekulize mol.  Unkekulized atoms: 15 16 17 18 19 20 22
[16:49:16] Can't kekulize mol.  Unkekulized atoms: 35 36 38
[16:49:19] Can't kekulize mol.  Unkekulized atoms: 34 35 37
[16:49:19] Can't kekulize mol.  Unkekulized atoms: 32 33 35
[16:49:21] Can't kekulize mol.  Unkekulized atoms: 24 25 27
[16:49:23] Can't kekulize mol.  Unkekulized atoms: 28 29 30 31 32 33 34 35 36
[16:49:24] Can't kekulize mol.  Unkekulized atoms: 15 16 17 18 19
[16:49:27] Can't kekulize mol.  Unkekulized atoms: 28 29 31
[16:49:29] Can't kekulize mol.  Unkekulized atoms: 15 16 17 18 19 20 21 22 23
[16:49:30] Can't kekulize mol.  Unkekulized atoms: 26 27 29
[16:49:30] SMILES Parse Error: syntax error while parsing: *C(=O)NHOH
[16:49:30] SMILES Parse Error: check for mistakes around position 8:
[16:49:30] *C(=O)NHOH
[16:49:30] ~~~~~~~^
[16:49:30] SMILES Parse Error: Failed parsing SMILES '*C(=O)NHOH' for input: '*C(=O)NHOH'
[16:49:30] Can't kekulize mol.  Unkekulized atoms: 22 23 25
[16:49:33] Can't kekulize mol.  Unkekulized atoms: 29 30 32
[16:49:35] Can't kekulize mol.  Unkekulized atoms: 28 29 31
[16:49:36] Can't kekulize mol.  Unkekulized atoms: 33 34 36
[16:49:40] Can't kekulize mol.  Unkekulized atoms: 18 19 21
[16:49:41] SMILES Parse Error: syntax error while parsing: *C(=O)NHOH
[16:49:41] SMILES Parse Error: check for mistakes around position 8:
[16:49:41] *C(=O)NHOH
[16:49:41] ~~~~~~~^
[16:49:41] SMILES Parse Error: Failed parsing SMILES '*C(=O)NHOH' for input: '*C(=O)NHOH'
[16:49:42] Can't kekulize mol.  Unkekulized atoms: 16 17 18 19 20
[16:49:43] SMILES Parse Error: syntax error while parsing: *C(=O)NHOH
[16:49:43] SMILES Parse Error: check for mistakes around position 8:
[16:49:43] *C(=O)NHOH
[16:49:43] ~~~~~~~^
[16:49:43] SMILES Parse Error: Failed parsing SMILES '*C(=O)NHOH' for input: '*C(=O)NHOH'
[16:49:45] Can't kekulize mol.  Unkekulized atoms: 13 14 16
[16:49:47] Can't kekulize mol.  Unkekulized atoms: 14 15 16 17 18 19 21
[16:49:47] Can't kekulize mol.  Unkekulized atoms: 18 19 20 21 22 23 25
[16:49:55] Can't kekulize mol.  Unkekulized atoms: 16 17 18 19 20 21 22 23 24
[16:49:56] Can't kekulize mol.  Unkekulized atoms: 20 21 22 23 24 25 27
[16:49:56] Can't kekulize mol.  Unkekulized atoms: 21 22 23 24 25
[16:49:57] Can't kekulize mol.  Unkekulized atoms: 35 36 38
[16:49:58] Can't kekulize mol.  Unkekulized atoms: 23 24 26
[16:50:02] Can't kekulize mol.  Unkekulized atoms: 23 24 25 26 27 28 29 30 31
[16:50:04] SMILES Parse Error: syntax error while parsing: *C(=O)NH2
[16:50:04] SMILES Parse Error: check for mistakes around position 8:
[16:50:04] *C(=O)NH2
[16:50:04] ~~~~~~~^
[16:50:04] SMILES Parse Error: Failed parsing SMILES '*C(=O)NH2' for input: '*C(=O)NH2'
[16:50:04] Can't kekulize mol.  Unkekulized atoms: 17 18 19 20 21 22 23 24 25
[16:50:05] Can't kekulize mol.  Unkekulized atoms: 18 19 20 21 22 23 24 25 26
[16:50:06] Can't kekulize mol.  Unkekulized atoms: 23 24 26
[16:50:08] SMILES Parse Error: syntax error while parsing: *C(=O)NHOH
[16:50:08] SMILES Parse Error: check for mistakes around position 8:
[16:50:08] *C(=O)NHOH
[16:50:08] ~~~~~~~^
[16:50:08] SMILES Parse Error: Failed parsing SMILES '*C(=O)NHOH' for input: '*C(=O)NHOH'
[16:50:11] Can't kekulize mol.  Unkekulized atoms: 13 14 16
[16:50:16] Can't kekulize mol.  Unkekulized atoms: 11 12 13 14 15 16 18
[16:50:25] Can't kekulize mol.  Unkekulized atoms: 18 19 20 21 22 23 24 25 26
[16:50:27] Can't kekulize mol.  Unkekulized atoms: 20 21 23
[16:50:28] Can't kekulize mol.  Unkekulized atoms: 23 24 25 26 27 28 30
[16:50:47] Can't kekulize mol.  Unkekulized atoms: 19 20 22
[16:50:48] Can't kekulize mol.  Unkekulized atoms: 11 12 14
[16:50:51] SMILES Parse Error: syntax error while parsing: *C(=O)NH2
[16:50:51] SMILES Parse Error: check for mistakes around position 8:
[16:50:51] *C(=O)NH2
[16:50:51] ~~~~~~~^
[16:50:51] SMILES Parse Error: Failed parsing SMILES '*C(=O)NH2' for input: '*C(=O)NH2'
[16:50:55] Can't kekulize mol.  Unkekulized atoms: 15 16 17 18 19
[16:50:55] Can't kekulize mol.  Unkekulized atoms: 22 23 25
[16:50:55] Can't kekulize mol.  Unkekulized atoms: 19 20 22
[16:50:56] Can't kekulize mol.  Unkekulized atoms: 24 25 27
[16:50:58] Can't kekulize mol.  Unkekulized atoms: 18 19 20 21 22 23 25
[16:50:59] SMILES Parse Error: syntax error while parsing: *C(=O)NHOH
[16:50:59] SMILES Parse Error: check for mistakes around position 8:
[16:50:59] *C(=O)NHOH
[16:50:59] ~~~~~~~^
[16:50:59] SMILES Parse Error: Failed parsing SMILES '*C(=O)NHOH' for input: '*C(=O)NHOH'
[16:50:59] Can't kekulize mol.  Unkekulized atoms: 19 20 22
[16:51:00] SMILES Parse Error: syntax error while parsing: *C(=O)NHOH
[16:51:00] SMILES Parse Error: check for mistakes around position 8:
[16:51:00] *C(=O)NHOH
[16:51:00] ~~~~~~~^
[16:51:00] SMILES Parse Error: Failed parsing SMILES '*C(=O)NHOH' for input: '*C(=O)NHOH'
═══ P4 MCTS+RL — seed=6 ═══
  Initial SMILES:  C
  Max steps:       8
  Iterations:      1000
  Fragment set:    expanded (108 fragments)
  Policy:          ScafVAE
  PUCT c:          1.414
  Host:            penavoraserver
\n═══ Results ═══
  Best state:      CC(C)(c1ccc(-c2ccccc2)c(O)c1)C1OCCCO1
  Best reward:     0.624281
  Output CSV:      /home/nanaengo/Malaria_codesV2/Project4_Advanced_Monte_CarloV2607/results/mcts/p4_mcts_seed_6.csv
