[16:48:20] Can't kekulize mol.  Unkekulized atoms: 0 1 2 3 4
[16:48:20] Can't kekulize mol.  Unkekulized atoms: 13 14 15 16 17
[16:48:20] SMILES Parse Error: syntax error while parsing: *C(=O)NH2
[16:48:20] SMILES Parse Error: check for mistakes around position 8:
[16:48:20] *C(=O)NH2
[16:48:20] ~~~~~~~^
[16:48:20] SMILES Parse Error: Failed parsing SMILES '*C(=O)NH2' for input: '*C(=O)NH2'
[16:48:24] Can't kekulize mol.  Unkekulized atoms: 7 8 9 10 11
[16:48:26] Can't kekulize mol.  Unkekulized atoms: 16 17 19
[16:48:26] Can't kekulize mol.  Unkekulized atoms: 32 33 35
[16:48:27] SMILES Parse Error: syntax error while parsing: *C(=O)NHOH
[16:48:27] SMILES Parse Error: check for mistakes around position 8:
[16:48:27] *C(=O)NHOH
[16:48:27] ~~~~~~~^
[16:48:27] SMILES Parse Error: Failed parsing SMILES '*C(=O)NHOH' for input: '*C(=O)NHOH'
[16:48:27] Can't kekulize mol.  Unkekulized atoms: 4 5 6 7 8 9 10 11 12
[16:48:27] Can't kekulize mol.  Unkekulized atoms: 4 5 7
[16:48:27] Can't kekulize mol.  Unkekulized atoms: 11 12 14
[16:48:29] SMILES Parse Error: syntax error while parsing: *C(=O)NH2
[16:48:29] SMILES Parse Error: check for mistakes around position 8:
[16:48:29] *C(=O)NH2
[16:48:29] ~~~~~~~^
[16:48:29] SMILES Parse Error: Failed parsing SMILES '*C(=O)NH2' for input: '*C(=O)NH2'
[16:48:31] Can't kekulize mol.  Unkekulized atoms: 31 32 33 34 35 36 37 38 39
[16:48:31] SMILES Parse Error: syntax error while parsing: *C(=O)NH2
[16:48:31] SMILES Parse Error: check for mistakes around position 8:
[16:48:31] *C(=O)NH2
[16:48:31] ~~~~~~~^
[16:48:31] SMILES Parse Error: Failed parsing SMILES '*C(=O)NH2' for input: '*C(=O)NH2'
[16:48:32] Can't kekulize mol.  Unkekulized atoms: 35 36 37 38 39 40 41 42 43
[16:48:33] Can't kekulize mol.  Unkekulized atoms: 27 28 29 30 31
[16:48:33] Can't kekulize mol.  Unkekulized atoms: 15 16 18
[16:48:36] Can't kekulize mol.  Unkekulized atoms: 18 19 20 21 22
[16:48:39] Can't kekulize mol.  Unkekulized atoms: 21 22 23 24 25 26 27 28 29
[16:48:40] Can't kekulize mol.  Unkekulized atoms: 12 13 15
[16:48:40] SMILES Parse Error: syntax error while parsing: *C(=O)NH2
[16:48:40] SMILES Parse Error: check for mistakes around position 8:
[16:48:40] *C(=O)NH2
[16:48:40] ~~~~~~~^
[16:48:40] SMILES Parse Error: Failed parsing SMILES '*C(=O)NH2' for input: '*C(=O)NH2'
[16:48:42] Can't kekulize mol.  Unkekulized atoms: 19 20 21 22 23
[16:48:44] Can't kekulize mol.  Unkekulized atoms: 8 9 10 11 12 13 14 15 16
[16:48:44] Can't kekulize mol.  Unkekulized atoms: 20 21 22 23 24 25 26 27 28
[16:48:49] Can't kekulize mol.  Unkekulized atoms: 19 20 21 22 23
[16:48:49] Can't kekulize mol.  Unkekulized atoms: 19 20 21 22 23 24 25 26 27
[16:48:52] Can't kekulize mol.  Unkekulized atoms: 16 17 18 19 20 21 23
[16:48:52] Can't kekulize mol.  Unkekulized atoms: 20 21 23
[16:48:52] SMILES Parse Error: syntax error while parsing: *C(=O)NHOH
[16:48:52] SMILES Parse Error: check for mistakes around position 8:
[16:48:52] *C(=O)NHOH
[16:48:52] ~~~~~~~^
[16:48:52] SMILES Parse Error: Failed parsing SMILES '*C(=O)NHOH' for input: '*C(=O)NHOH'
[16:48:53] SMILES Parse Error: syntax error while parsing: *C(=O)NH2
[16:48:53] SMILES Parse Error: check for mistakes around position 8:
[16:48:53] *C(=O)NH2
[16:48:53] ~~~~~~~^
[16:48:53] SMILES Parse Error: Failed parsing SMILES '*C(=O)NH2' for input: '*C(=O)NH2'
[16:48:55] Can't kekulize mol.  Unkekulized atoms: 16 17 18 19 20
[16:48:58] SMILES Parse Error: syntax error while parsing: *C(=O)NH2
[16:48:58] SMILES Parse Error: check for mistakes around position 8:
[16:48:58] *C(=O)NH2
[16:48:58] ~~~~~~~^
[16:48:58] SMILES Parse Error: Failed parsing SMILES '*C(=O)NH2' for input: '*C(=O)NH2'
[16:48:59] Can't kekulize mol.  Unkekulized atoms: 16 17 18 19 20 21 22 23 24
[16:49:00] Can't kekulize mol.  Unkekulized atoms: 25 26 28
[16:49:01] Can't kekulize mol.  Unkekulized atoms: 23 24 26
[16:49:02] Can't kekulize mol.  Unkekulized atoms: 12 13 15
[16:49:02] Can't kekulize mol.  Unkekulized atoms: 26 27 29
[16:49:03] SMILES Parse Error: syntax error while parsing: *C(=O)NHOH
[16:49:03] SMILES Parse Error: check for mistakes around position 8:
[16:49:03] *C(=O)NHOH
[16:49:03] ~~~~~~~^
[16:49:03] SMILES Parse Error: Failed parsing SMILES '*C(=O)NHOH' for input: '*C(=O)NHOH'
[16:49:05] Can't kekulize mol.  Unkekulized atoms: 16 17 19
[16:49:05] SMILES Parse Error: syntax error while parsing: *C(=O)NHOH
[16:49:05] SMILES Parse Error: check for mistakes around position 8:
[16:49:05] *C(=O)NHOH
[16:49:05] ~~~~~~~^
[16:49:05] SMILES Parse Error: Failed parsing SMILES '*C(=O)NHOH' for input: '*C(=O)NHOH'
[16:49:05] Can't kekulize mol.  Unkekulized atoms: 17 18 20
[16:49:06] Can't kekulize mol.  Unkekulized atoms: 34 35 36 37 38
[16:49:06] SMILES Parse Error: syntax error while parsing: *C(=O)NH2
[16:49:06] SMILES Parse Error: check for mistakes around position 8:
[16:49:06] *C(=O)NH2
[16:49:06] ~~~~~~~^
[16:49:06] SMILES Parse Error: Failed parsing SMILES '*C(=O)NH2' for input: '*C(=O)NH2'
[16:49:07] SMILES Parse Error: syntax error while parsing: *C(=O)NHOH
[16:49:07] SMILES Parse Error: check for mistakes around position 8:
[16:49:07] *C(=O)NHOH
[16:49:07] ~~~~~~~^
[16:49:07] SMILES Parse Error: Failed parsing SMILES '*C(=O)NHOH' for input: '*C(=O)NHOH'
[16:49:07] Can't kekulize mol.  Unkekulized atoms: 21 22 24
[16:49:08] Can't kekulize mol.  Unkekulized atoms: 9 10 12
[16:49:09] Can't kekulize mol.  Unkekulized atoms: 21 22 24
[16:49:13] SMILES Parse Error: syntax error while parsing: *C(=O)NH2
[16:49:13] SMILES Parse Error: check for mistakes around position 8:
[16:49:13] *C(=O)NH2
[16:49:13] ~~~~~~~^
[16:49:13] SMILES Parse Error: Failed parsing SMILES '*C(=O)NH2' for input: '*C(=O)NH2'
[16:49:13] Can't kekulize mol.  Unkekulized atoms: 24 25 27
[16:49:20] Can't kekulize mol.  Unkekulized atoms: 25 26 28
[16:49:20] Can't kekulize mol.  Unkekulized atoms: 10 11 13
[16:49:22] Can't kekulize mol.  Unkekulized atoms: 24 25 26 27 28 29 31
[16:49:22] SMILES Parse Error: syntax error while parsing: *C(=O)NHOH
[16:49:22] SMILES Parse Error: check for mistakes around position 8:
[16:49:22] *C(=O)NHOH
[16:49:22] ~~~~~~~^
[16:49:22] SMILES Parse Error: Failed parsing SMILES '*C(=O)NHOH' for input: '*C(=O)NHOH'
[16:49:23] SMILES Parse Error: syntax error while parsing: *C(=O)NH2
[16:49:23] SMILES Parse Error: check for mistakes around position 8:
[16:49:23] *C(=O)NH2
[16:49:23] ~~~~~~~^
[16:49:23] SMILES Parse Error: Failed parsing SMILES '*C(=O)NH2' for input: '*C(=O)NH2'
[16:49:23] Can't kekulize mol.  Unkekulized atoms: 17 18 20
[16:49:25] Can't kekulize mol.  Unkekulized atoms: 20 21 23
[16:49:25] Can't kekulize mol.  Unkekulized atoms: 12 13 14 15 16 17 18 19 20
[16:49:26] Can't kekulize mol.  Unkekulized atoms: 20 21 23
[16:49:27] Can't kekulize mol.  Unkekulized atoms: 17 18 19 20 21 22 23 24 25
[16:49:28] Can't kekulize mol.  Unkekulized atoms: 21 22 23 24 25 26 28
[16:49:29] Can't kekulize mol.  Unkekulized atoms: 14 15 16 17 18 19 20 21 22
[16:49:29] Can't kekulize mol.  Unkekulized atoms: 20 21 23
[16:49:31] Can't kekulize mol.  Unkekulized atoms: 28 29 31
[16:49:31] SMILES Parse Error: syntax error while parsing: *C(=O)NHOH
[16:49:31] SMILES Parse Error: check for mistakes around position 8:
[16:49:31] *C(=O)NHOH
[16:49:31] ~~~~~~~^
[16:49:31] SMILES Parse Error: Failed parsing SMILES '*C(=O)NHOH' for input: '*C(=O)NHOH'
[16:49:34] SMILES Parse Error: syntax error while parsing: *C(=O)NH2
[16:49:34] SMILES Parse Error: check for mistakes around position 8:
[16:49:34] *C(=O)NH2
[16:49:34] ~~~~~~~^
[16:49:34] SMILES Parse Error: Failed parsing SMILES '*C(=O)NH2' for input: '*C(=O)NH2'
[16:49:34] Can't kekulize mol.  Unkekulized atoms: 24 25 26 27 28 29 31
[16:49:35] SMILES Parse Error: syntax error while parsing: *C(=O)NH2
[16:49:35] SMILES Parse Error: check for mistakes around position 8:
[16:49:35] *C(=O)NH2
[16:49:35] ~~~~~~~^
[16:49:35] SMILES Parse Error: Failed parsing SMILES '*C(=O)NH2' for input: '*C(=O)NH2'
[16:49:35] SMILES Parse Error: syntax error while parsing: *C(=O)NHOH
[16:49:35] SMILES Parse Error: check for mistakes around position 8:
[16:49:35] *C(=O)NHOH
[16:49:35] ~~~~~~~^
[16:49:35] SMILES Parse Error: Failed parsing SMILES '*C(=O)NHOH' for input: '*C(=O)NHOH'
[16:49:36] Can't kekulize mol.  Unkekulized atoms: 26 27 28 29 30 31 32 33 34
[16:49:38] Can't kekulize mol.  Unkekulized atoms: 24 25 27
[16:49:39] Can't kekulize mol.  Unkekulized atoms: 19 20 21 22 23
[16:49:40] SMILES Parse Error: syntax error while parsing: *C(=O)NHOH
[16:49:40] SMILES Parse Error: check for mistakes around position 8:
[16:49:40] *C(=O)NHOH
[16:49:40] ~~~~~~~^
[16:49:40] SMILES Parse Error: Failed parsing SMILES '*C(=O)NHOH' for input: '*C(=O)NHOH'
[16:49:40] SMILES Parse Error: syntax error while parsing: *C(=O)NH2
[16:49:40] SMILES Parse Error: check for mistakes around position 8:
[16:49:40] *C(=O)NH2
[16:49:40] ~~~~~~~^
[16:49:40] SMILES Parse Error: Failed parsing SMILES '*C(=O)NH2' for input: '*C(=O)NH2'
[16:49:41] SMILES Parse Error: syntax error while parsing: *C(=O)NH2
[16:49:41] SMILES Parse Error: check for mistakes around position 8:
[16:49:41] *C(=O)NH2
[16:49:41] ~~~~~~~^
[16:49:41] SMILES Parse Error: Failed parsing SMILES '*C(=O)NH2' for input: '*C(=O)NH2'
[16:49:42] Can't kekulize mol.  Unkekulized atoms: 24 25 26 27 28 29 30 31 32
[16:49:43] Can't kekulize mol.  Unkekulized atoms: 16 17 19
[16:49:44] Can't kekulize mol.  Unkekulized atoms: 19 20 21 22 23
[16:49:44] Can't kekulize mol.  Unkekulized atoms: 13 14 15 16 17 18 20
[16:49:46] Can't kekulize mol.  Unkekulized atoms: 20 21 23
[16:49:46] Can't kekulize mol.  Unkekulized atoms: 17 18 20
[16:49:48] SMILES Parse Error: syntax error while parsing: *C(=O)NHOH
[16:49:48] SMILES Parse Error: check for mistakes around position 8:
[16:49:48] *C(=O)NHOH
[16:49:48] ~~~~~~~^
[16:49:48] SMILES Parse Error: Failed parsing SMILES '*C(=O)NHOH' for input: '*C(=O)NHOH'
[16:49:48] Can't kekulize mol.  Unkekulized atoms: 21 22 23 24 25 26 28
[16:49:49] SMILES Parse Error: syntax error while parsing: *C(=O)NH2
[16:49:49] SMILES Parse Error: check for mistakes around position 8:
[16:49:49] *C(=O)NH2
[16:49:49] ~~~~~~~^
[16:49:49] SMILES Parse Error: Failed parsing SMILES '*C(=O)NH2' for input: '*C(=O)NH2'
[16:49:51] SMILES Parse Error: syntax error while parsing: *C(=O)NH2
[16:49:51] SMILES Parse Error: check for mistakes around position 8:
[16:49:51] *C(=O)NH2
[16:49:51] ~~~~~~~^
[16:49:51] SMILES Parse Error: Failed parsing SMILES '*C(=O)NH2' for input: '*C(=O)NH2'
[16:49:52] Can't kekulize mol.  Unkekulized atoms: 25 26 27 28 29 30 31 32 33
[16:49:55] Can't kekulize mol.  Unkekulized atoms: 23 24 26
[16:49:57] Can't kekulize mol.  Unkekulized atoms: 32 33 34 35 36 37 39
[16:49:57] SMILES Parse Error: syntax error while parsing: *C(=O)NHOH
[16:49:57] SMILES Parse Error: check for mistakes around position 8:
[16:49:57] *C(=O)NHOH
[16:49:57] ~~~~~~~^
[16:49:57] SMILES Parse Error: Failed parsing SMILES '*C(=O)NHOH' for input: '*C(=O)NHOH'
[16:49:59] Can't kekulize mol.  Unkekulized atoms: 35 36 38
[16:49:59] Can't kekulize mol.  Unkekulized atoms: 32 33 34 35 36 37 39
[16:50:02] Can't kekulize mol.  Unkekulized atoms: 15 16 18
[16:50:02] Can't kekulize mol.  Unkekulized atoms: 25 26 28
[16:50:03] Can't kekulize mol.  Unkekulized atoms: 17 18 19 20 21 22 23 24 25
[16:50:03] Can't kekulize mol.  Unkekulized atoms: 17 18 19 20 21
[16:50:03] Can't kekulize mol.  Unkekulized atoms: 23 24 25 26 27 28 30
[16:50:03] Can't kekulize mol.  Unkekulized atoms: 15 16 18
[16:50:03] Can't kekulize mol.  Unkekulized atoms: 15 16 17 18 19 20 22
[16:50:05] Can't kekulize mol.  Unkekulized atoms: 12 13 15
[16:50:08] Can't kekulize mol.  Unkekulized atoms: 19 20 22
[16:50:10] SMILES Parse Error: syntax error while parsing: *C(=O)NH2
[16:50:10] SMILES Parse Error: check for mistakes around position 8:
[16:50:10] *C(=O)NH2
[16:50:10] ~~~~~~~^
[16:50:10] SMILES Parse Error: Failed parsing SMILES '*C(=O)NH2' for input: '*C(=O)NH2'
[16:50:11] Can't kekulize mol.  Unkekulized atoms: 24 25 26 27 28 29 31
[16:50:13] Can't kekulize mol.  Unkekulized atoms: 23 24 25 26 27
[16:50:16] Can't kekulize mol.  Unkekulized atoms: 24 25 27
[16:50:16] Can't kekulize mol.  Unkekulized atoms: 17 18 20
[16:50:16] SMILES Parse Error: syntax error while parsing: *C(=O)NH2
[16:50:16] SMILES Parse Error: check for mistakes around position 8:
[16:50:16] *C(=O)NH2
[16:50:16] ~~~~~~~^
[16:50:16] SMILES Parse Error: Failed parsing SMILES '*C(=O)NH2' for input: '*C(=O)NH2'
[16:50:18] SMILES Parse Error: syntax error while parsing: *C(=O)NHOH
[16:50:18] SMILES Parse Error: check for mistakes around position 8:
[16:50:18] *C(=O)NHOH
[16:50:18] ~~~~~~~^
[16:50:18] SMILES Parse Error: Failed parsing SMILES '*C(=O)NHOH' for input: '*C(=O)NHOH'
[16:50:21] Can't kekulize mol.  Unkekulized atoms: 18 19 20 21 22 23 24 25 26
[16:50:21] Can't kekulize mol.  Unkekulized atoms: 21 22 24
[16:50:22] SMILES Parse Error: syntax error while parsing: *C(=O)NH2
[16:50:22] SMILES Parse Error: check for mistakes around position 8:
[16:50:22] *C(=O)NH2
[16:50:22] ~~~~~~~^
[16:50:22] SMILES Parse Error: Failed parsing SMILES '*C(=O)NH2' for input: '*C(=O)NH2'
[16:50:26] SMILES Parse Error: syntax error while parsing: *C(=O)NHOH
[16:50:26] SMILES Parse Error: check for mistakes around position 8:
[16:50:26] *C(=O)NHOH
[16:50:26] ~~~~~~~^
[16:50:26] SMILES Parse Error: Failed parsing SMILES '*C(=O)NHOH' for input: '*C(=O)NHOH'
[16:50:26] SMILES Parse Error: syntax error while parsing: *C(=O)NH2
[16:50:26] SMILES Parse Error: check for mistakes around position 8:
[16:50:26] *C(=O)NH2
[16:50:26] ~~~~~~~^
[16:50:26] SMILES Parse Error: Failed parsing SMILES '*C(=O)NH2' for input: '*C(=O)NH2'
[16:50:26] Can't kekulize mol.  Unkekulized atoms: 15 16 17 18 19
[16:50:26] Can't kekulize mol.  Unkekulized atoms: 17 18 20
[16:50:29] Can't kekulize mol.  Unkekulized atoms: 17 18 19 20 21
[16:50:29] Can't kekulize mol.  Unkekulized atoms: 17 18 19 20 21 22 23 24 25
[16:50:33] Can't kekulize mol.  Unkekulized atoms: 11 12 14
[16:50:33] Can't kekulize mol.  Unkekulized atoms: 6 7 9
[16:50:36] SMILES Parse Error: syntax error while parsing: *C(=O)NH2
[16:50:36] SMILES Parse Error: check for mistakes around position 8:
[16:50:36] *C(=O)NH2
[16:50:36] ~~~~~~~^
[16:50:36] SMILES Parse Error: Failed parsing SMILES '*C(=O)NH2' for input: '*C(=O)NH2'
[16:50:36] Can't kekulize mol.  Unkekulized atoms: 24 25 26 27 28 29 31
[16:50:36] Can't kekulize mol.  Unkekulized atoms: 17 18 19 20 21 22 23 24 25
[16:50:42] Can't kekulize mol.  Unkekulized atoms: 22 23 24 25 26
[16:50:43] SMILES Parse Error: syntax error while parsing: *C(=O)NH2
[16:50:43] SMILES Parse Error: check for mistakes around position 8:
[16:50:43] *C(=O)NH2
[16:50:43] ~~~~~~~^
[16:50:43] SMILES Parse Error: Failed parsing SMILES '*C(=O)NH2' for input: '*C(=O)NH2'
[16:50:43] Can't kekulize mol.  Unkekulized atoms: 18 19 20 21 22
[16:50:47] SMILES Parse Error: syntax error while parsing: *C(=O)NH2
[16:50:47] SMILES Parse Error: check for mistakes around position 8:
[16:50:47] *C(=O)NH2
[16:50:47] ~~~~~~~^
[16:50:47] SMILES Parse Error: Failed parsing SMILES '*C(=O)NH2' for input: '*C(=O)NH2'
[16:50:48] Can't kekulize mol.  Unkekulized atoms: 14 15 16 17 18 19 21
[16:50:48] Can't kekulize mol.  Unkekulized atoms: 19 20 21 22 23 24 26
[16:50:48] SMILES Parse Error: syntax error while parsing: *C(=O)NH2
[16:50:48] SMILES Parse Error: check for mistakes around position 8:
[16:50:48] *C(=O)NH2
[16:50:48] ~~~~~~~^
[16:50:48] SMILES Parse Error: Failed parsing SMILES '*C(=O)NH2' for input: '*C(=O)NH2'
[16:50:49] Can't kekulize mol.  Unkekulized atoms: 38 39 41
[16:50:49] Can't kekulize mol.  Unkekulized atoms: 20 21 23
[16:50:50] SMILES Parse Error: syntax error while parsing: *C(=O)NHOH
[16:50:50] SMILES Parse Error: check for mistakes around position 8:
[16:50:50] *C(=O)NHOH
[16:50:50] ~~~~~~~^
[16:50:50] SMILES Parse Error: Failed parsing SMILES '*C(=O)NHOH' for input: '*C(=O)NHOH'
[16:50:52] SMILES Parse Error: syntax error while parsing: *C(=O)NHOH
[16:50:52] SMILES Parse Error: check for mistakes around position 8:
[16:50:52] *C(=O)NHOH
[16:50:52] ~~~~~~~^
[16:50:52] SMILES Parse Error: Failed parsing SMILES '*C(=O)NHOH' for input: '*C(=O)NHOH'
[16:50:53] SMILES Parse Error: syntax error while parsing: *C(=O)NH2
[16:50:53] SMILES Parse Error: check for mistakes around position 8:
[16:50:53] *C(=O)NH2
[16:50:53] ~~~~~~~^
[16:50:53] SMILES Parse Error: Failed parsing SMILES '*C(=O)NH2' for input: '*C(=O)NH2'
[16:50:58] Can't kekulize mol.  Unkekulized atoms: 22 23 25
[16:51:00] SMILES Parse Error: syntax error while parsing: *C(=O)NH2
[16:51:00] SMILES Parse Error: check for mistakes around position 8:
[16:51:00] *C(=O)NH2
[16:51:00] ~~~~~~~^
[16:51:00] SMILES Parse Error: Failed parsing SMILES '*C(=O)NH2' for input: '*C(=O)NH2'
[16:51:00] Can't kekulize mol.  Unkekulized atoms: 11 12 14
[16:51:00] Can't kekulize mol.  Unkekulized atoms: 11 12 13 14 15 16 18
[16:51:01] Can't kekulize mol.  Unkekulized atoms: 25 26 28
[16:51:02] SMILES Parse Error: syntax error while parsing: *C(=O)NH2
[16:51:02] SMILES Parse Error: check for mistakes around position 8:
[16:51:02] *C(=O)NH2
[16:51:02] ~~~~~~~^
[16:51:02] SMILES Parse Error: Failed parsing SMILES '*C(=O)NH2' for input: '*C(=O)NH2'
[16:51:03] Can't kekulize mol.  Unkekulized atoms: 13 14 16
[16:51:16] Can't kekulize mol.  Unkekulized atoms: 24 25 27
[16:51:18] Can't kekulize mol.  Unkekulized atoms: 14 15 16 17 18
[16:51:20] Can't kekulize mol.  Unkekulized atoms: 14 15 16 17 18 19 21
[16:51:25] Can't kekulize mol.  Unkekulized atoms: 18 19 21
[16:51:26] SMILES Parse Error: syntax error while parsing: *C(=O)NH2
[16:51:26] SMILES Parse Error: check for mistakes around position 8:
[16:51:26] *C(=O)NH2
[16:51:26] ~~~~~~~^
[16:51:26] SMILES Parse Error: Failed parsing SMILES '*C(=O)NH2' for input: '*C(=O)NH2'
[16:51:39] Can't kekulize mol.  Unkekulized atoms: 23 24 25 26 27
[16:51:44] Can't kekulize mol.  Unkekulized atoms: 26 27 28 29 30
═══ P4 MCTS+RL — seed=2 ═══
  Initial SMILES:  C
  Max steps:       8
  Iterations:      1000
  Fragment set:    expanded (108 fragments)
  Policy:          ScafVAE
  PUCT c:          1.414
  Host:            penavoraserver
\n═══ Results ═══
  Best state:      NC(=O)c1ccc(CO)cc1-c1ccccc1
  Best reward:     0.632977
  Output CSV:      /home/nanaengo/Malaria_codesV2/Project4_Advanced_Monte_CarloV2607/results/mcts/p4_mcts_seed_2.csv
