[16:48:20] Can't kekulize mol.  Unkekulized atoms: 0 1 2 3 4
[16:48:22] SMILES Parse Error: syntax error while parsing: *C(=O)NHOH
[16:48:22] SMILES Parse Error: check for mistakes around position 8:
[16:48:22] *C(=O)NHOH
[16:48:22] ~~~~~~~^
[16:48:22] SMILES Parse Error: Failed parsing SMILES '*C(=O)NHOH' for input: '*C(=O)NHOH'
[16:48:24] Can't kekulize mol.  Unkekulized atoms: 12 13 14 15 16 17 19
[16:48:24] Can't kekulize mol.  Unkekulized atoms: 13 14 16
[16:48:26] Can't kekulize mol.  Unkekulized atoms: 30 31 32 33 34 35 36 37 38
[16:48:26] Can't kekulize mol.  Unkekulized atoms: 30 31 33
[16:48:26] Can't kekulize mol.  Unkekulized atoms: 27 28 29 30 31 32 34
[16:48:27] Can't kekulize mol.  Unkekulized atoms: 25 26 28
[16:48:30] SMILES Parse Error: syntax error while parsing: *C(=O)NHOH
[16:48:30] SMILES Parse Error: check for mistakes around position 8:
[16:48:30] *C(=O)NHOH
[16:48:30] ~~~~~~~^
[16:48:30] SMILES Parse Error: Failed parsing SMILES '*C(=O)NHOH' for input: '*C(=O)NHOH'
[16:48:31] Can't kekulize mol.  Unkekulized atoms: 31 32 34
[16:48:32] SMILES Parse Error: syntax error while parsing: *C(=O)NHOH
[16:48:32] SMILES Parse Error: check for mistakes around position 8:
[16:48:32] *C(=O)NHOH
[16:48:32] ~~~~~~~^
[16:48:32] SMILES Parse Error: Failed parsing SMILES '*C(=O)NHOH' for input: '*C(=O)NHOH'
[16:48:33] Can't kekulize mol.  Unkekulized atoms: 10 11 13
[16:48:33] Can't kekulize mol.  Unkekulized atoms: 14 15 16 17 18
[16:48:34] Can't kekulize mol.  Unkekulized atoms: 28 29 30 31 32 33 35
[16:48:36] Can't kekulize mol.  Unkekulized atoms: 24 25 27
[16:48:36] SMILES Parse Error: syntax error while parsing: *C(=O)NHOH
[16:48:36] SMILES Parse Error: check for mistakes around position 8:
[16:48:36] *C(=O)NHOH
[16:48:36] ~~~~~~~^
[16:48:36] SMILES Parse Error: Failed parsing SMILES '*C(=O)NHOH' for input: '*C(=O)NHOH'
[16:48:39] Can't kekulize mol.  Unkekulized atoms: 19 20 22
[16:48:42] Can't kekulize mol.  Unkekulized atoms: 12 13 15
[16:48:42] Can't kekulize mol.  Unkekulized atoms: 19 20 22
[16:48:47] Can't kekulize mol.  Unkekulized atoms: 17 18 20
[16:48:47] Can't kekulize mol.  Unkekulized atoms: 20 21 23
[16:48:48] Can't kekulize mol.  Unkekulized atoms: 20 21 22 23 24 25 27
[16:48:50] SMILES Parse Error: syntax error while parsing: *C(=O)NHOH
[16:48:50] SMILES Parse Error: check for mistakes around position 8:
[16:48:50] *C(=O)NHOH
[16:48:50] ~~~~~~~^
[16:48:50] SMILES Parse Error: Failed parsing SMILES '*C(=O)NHOH' for input: '*C(=O)NHOH'
[16:48:52] Can't kekulize mol.  Unkekulized atoms: 26 27 28 29 30 31 32 33 34
[16:48:54] Can't kekulize mol.  Unkekulized atoms: 25 26 27 28 29
[16:48:54] Can't kekulize mol.  Unkekulized atoms: 16 17 19
[16:48:58] SMILES Parse Error: syntax error while parsing: *C(=O)NHOH
[16:48:58] SMILES Parse Error: check for mistakes around position 8:
[16:48:58] *C(=O)NHOH
[16:48:58] ~~~~~~~^
[16:48:58] SMILES Parse Error: Failed parsing SMILES '*C(=O)NHOH' for input: '*C(=O)NHOH'
[16:48:58] Can't kekulize mol.  Unkekulized atoms: 9 10 12
[16:49:00] Can't kekulize mol.  Unkekulized atoms: 10 11 13
[16:49:00] Can't kekulize mol.  Unkekulized atoms: 16 17 19
[16:49:01] Can't kekulize mol.  Unkekulized atoms: 28 29 31
[16:49:01] Can't kekulize mol.  Unkekulized atoms: 18 19 20 21 22
[16:49:02] Can't kekulize mol.  Unkekulized atoms: 11 12 13 14 15 16 17 18 19
[16:49:02] Can't kekulize mol.  Unkekulized atoms: 16 17 19
[16:49:03] Can't kekulize mol.  Unkekulized atoms: 18 19 21
[16:49:03] Can't kekulize mol.  Unkekulized atoms: 29 30 32
[16:49:05] Can't kekulize mol.  Unkekulized atoms: 21 22 24
[16:49:06] Can't kekulize mol.  Unkekulized atoms: 17 18 19 20 21 22 23 24 25
[16:49:07] Can't kekulize mol.  Unkekulized atoms: 21 22 23 24 25 26 28
[16:49:11] SMILES Parse Error: syntax error while parsing: *C(=O)NHOH
[16:49:11] SMILES Parse Error: check for mistakes around position 8:
[16:49:11] *C(=O)NHOH
[16:49:11] ~~~~~~~^
[16:49:11] SMILES Parse Error: Failed parsing SMILES '*C(=O)NHOH' for input: '*C(=O)NHOH'
[16:49:14] Can't kekulize mol.  Unkekulized atoms: 26 27 28 29 30 31 32 33 34
[16:49:15] Can't kekulize mol.  Unkekulized atoms: 12 13 14 15 16 17 18 19 20
[16:49:17] Can't kekulize mol.  Unkekulized atoms: 10 11 12 13 14
[16:49:18] SMILES Parse Error: syntax error while parsing: *C(=O)NHOH
[16:49:18] SMILES Parse Error: check for mistakes around position 8:
[16:49:18] *C(=O)NHOH
[16:49:18] ~~~~~~~^
[16:49:18] SMILES Parse Error: Failed parsing SMILES '*C(=O)NHOH' for input: '*C(=O)NHOH'
[16:49:18] Can't kekulize mol.  Unkekulized atoms: 22 23 24 25 26 27 28 29 30
[16:49:18] SMILES Parse Error: syntax error while parsing: *C(=O)NHOH
[16:49:18] SMILES Parse Error: check for mistakes around position 8:
[16:49:18] *C(=O)NHOH
[16:49:18] ~~~~~~~^
[16:49:18] SMILES Parse Error: Failed parsing SMILES '*C(=O)NHOH' for input: '*C(=O)NHOH'
[16:49:19] Can't kekulize mol.  Unkekulized atoms: 17 18 19 20 21 22 24
[16:49:19] Can't kekulize mol.  Unkekulized atoms: 11 12 14
[16:49:21] Can't kekulize mol.  Unkekulized atoms: 12 13 15
[16:49:24] Can't kekulize mol.  Unkekulized atoms: 20 21 23
[16:49:24] SMILES Parse Error: syntax error while parsing: *C(=O)NHOH
[16:49:24] SMILES Parse Error: check for mistakes around position 8:
[16:49:24] *C(=O)NHOH
[16:49:24] ~~~~~~~^
[16:49:24] SMILES Parse Error: Failed parsing SMILES '*C(=O)NHOH' for input: '*C(=O)NHOH'
[16:49:25] SMILES Parse Error: syntax error while parsing: *C(=O)NHOH
[16:49:25] SMILES Parse Error: check for mistakes around position 8:
[16:49:25] *C(=O)NHOH
[16:49:25] ~~~~~~~^
[16:49:25] SMILES Parse Error: Failed parsing SMILES '*C(=O)NHOH' for input: '*C(=O)NHOH'
[16:49:25] Can't kekulize mol.  Unkekulized atoms: 26 27 29
[16:49:28] SMILES Parse Error: syntax error while parsing: *C(=O)NHOH
[16:49:28] SMILES Parse Error: check for mistakes around position 8:
[16:49:28] *C(=O)NHOH
[16:49:28] ~~~~~~~^
[16:49:28] SMILES Parse Error: Failed parsing SMILES '*C(=O)NHOH' for input: '*C(=O)NHOH'
[16:49:30] Can't kekulize mol.  Unkekulized atoms: 23 24 25 26 27 28 30
[16:49:35] Can't kekulize mol.  Unkekulized atoms: 11 12 14
[16:49:38] Can't kekulize mol.  Unkekulized atoms: 18 19 20 21 22 23 24 25 26
[16:49:39] SMILES Parse Error: syntax error while parsing: *C(=O)NHOH
[16:49:39] SMILES Parse Error: check for mistakes around position 8:
[16:49:39] *C(=O)NHOH
[16:49:39] ~~~~~~~^
[16:49:39] SMILES Parse Error: Failed parsing SMILES '*C(=O)NHOH' for input: '*C(=O)NHOH'
[16:49:39] Can't kekulize mol.  Unkekulized atoms: 20 21 22 23 24
[16:49:40] Can't kekulize mol.  Unkekulized atoms: 16 17 19
[16:49:41] Can't kekulize mol.  Unkekulized atoms: 14 15 17
[16:49:42] SMILES Parse Error: syntax error while parsing: *C(=O)NH2
[16:49:42] SMILES Parse Error: check for mistakes around position 8:
[16:49:42] *C(=O)NH2
[16:49:42] ~~~~~~~^
[16:49:42] SMILES Parse Error: Failed parsing SMILES '*C(=O)NH2' for input: '*C(=O)NH2'
[16:49:43] Can't kekulize mol.  Unkekulized atoms: 26 27 28 29 30 31 32 33 34
[16:49:43] SMILES Parse Error: syntax error while parsing: *C(=O)NHOH
[16:49:43] SMILES Parse Error: check for mistakes around position 8:
[16:49:43] *C(=O)NHOH
[16:49:43] ~~~~~~~^
[16:49:43] SMILES Parse Error: Failed parsing SMILES '*C(=O)NHOH' for input: '*C(=O)NHOH'
[16:49:43] Can't kekulize mol.  Unkekulized atoms: 17 18 19 20 21
[16:49:44] Can't kekulize mol.  Unkekulized atoms: 17 18 20
[16:49:45] Can't kekulize mol.  Unkekulized atoms: 22 23 24 25 26 27 28 29 30
[16:49:45] Can't kekulize mol.  Unkekulized atoms: 19 20 22
[16:49:46] Can't kekulize mol.  Unkekulized atoms: 23 24 26
[16:49:46] Can't kekulize mol.  Unkekulized atoms: 31 32 34
[16:49:53] SMILES Parse Error: syntax error while parsing: *C(=O)NH2
[16:49:53] SMILES Parse Error: check for mistakes around position 8:
[16:49:53] *C(=O)NH2
[16:49:53] ~~~~~~~^
[16:49:53] SMILES Parse Error: Failed parsing SMILES '*C(=O)NH2' for input: '*C(=O)NH2'
[16:49:56] Can't kekulize mol.  Unkekulized atoms: 27 28 30
[16:49:58] Can't kekulize mol.  Unkekulized atoms: 18 19 21
[16:50:01] SMILES Parse Error: syntax error while parsing: *C(=O)NHOH
[16:50:01] SMILES Parse Error: check for mistakes around position 8:
[16:50:01] *C(=O)NHOH
[16:50:01] ~~~~~~~^
[16:50:01] SMILES Parse Error: Failed parsing SMILES '*C(=O)NHOH' for input: '*C(=O)NHOH'
[16:50:02] Can't kekulize mol.  Unkekulized atoms: 12 13 15
[16:50:04] SMILES Parse Error: syntax error while parsing: *C(=O)NH2
[16:50:04] SMILES Parse Error: check for mistakes around position 8:
[16:50:04] *C(=O)NH2
[16:50:04] ~~~~~~~^
[16:50:04] SMILES Parse Error: Failed parsing SMILES '*C(=O)NH2' for input: '*C(=O)NH2'
[16:50:07] Can't kekulize mol.  Unkekulized atoms: 14 15 16 17 18 19 20 21 22
[16:50:07] Can't kekulize mol.  Unkekulized atoms: 18 19 20 21 22
[16:50:08] Can't kekulize mol.  Unkekulized atoms: 18 19 21
[16:50:10] Can't kekulize mol.  Unkekulized atoms: 18 19 21
[16:50:11] Can't kekulize mol.  Unkekulized atoms: 19 20 21 22 23 24 25 26 27
[16:50:11] Can't kekulize mol.  Unkekulized atoms: 13 14 15 16 17
[16:50:11] Can't kekulize mol.  Unkekulized atoms: 23 24 26
[16:50:12] Can't kekulize mol.  Unkekulized atoms: 13 14 16
[16:50:13] Can't kekulize mol.  Unkekulized atoms: 14 15 17
[16:50:13] Can't kekulize mol.  Unkekulized atoms: 27 28 29 30 31 32 33 34 35
[16:50:14] Can't kekulize mol.  Unkekulized atoms: 20 21 23
[16:50:23] Can't kekulize mol.  Unkekulized atoms: 18 19 20 21 22
[16:50:24] Can't kekulize mol.  Unkekulized atoms: 32 33 35
[16:50:26] Can't kekulize mol.  Unkekulized atoms: 21 22 23 24 25
[16:50:26] Can't kekulize mol.  Unkekulized atoms: 25 26 28
[16:50:28] SMILES Parse Error: syntax error while parsing: *C(=O)NHOH
[16:50:28] SMILES Parse Error: check for mistakes around position 8:
[16:50:28] *C(=O)NHOH
[16:50:28] ~~~~~~~^
[16:50:28] SMILES Parse Error: Failed parsing SMILES '*C(=O)NHOH' for input: '*C(=O)NHOH'
[16:50:35] Can't kekulize mol.  Unkekulized atoms: 24 25 27
[16:50:36] Can't kekulize mol.  Unkekulized atoms: 15 16 17 18 19 20 22
[16:50:41] Can't kekulize mol.  Unkekulized atoms: 24 25 27
[16:50:42] Can't kekulize mol.  Unkekulized atoms: 25 26 28
[16:50:45] Can't kekulize mol.  Unkekulized atoms: 20 21 23
[16:50:46] Can't kekulize mol.  Unkekulized atoms: 20 21 23
[16:50:47] Can't kekulize mol.  Unkekulized atoms: 17 18 20
[16:50:49] SMILES Parse Error: syntax error while parsing: *C(=O)NHOH
[16:50:49] SMILES Parse Error: check for mistakes around position 8:
[16:50:49] *C(=O)NHOH
[16:50:49] ~~~~~~~^
[16:50:49] SMILES Parse Error: Failed parsing SMILES '*C(=O)NHOH' for input: '*C(=O)NHOH'
[16:50:54] Can't kekulize mol.  Unkekulized atoms: 17 18 20
[16:50:54] Can't kekulize mol.  Unkekulized atoms: 23 24 26
[16:50:57] Can't kekulize mol.  Unkekulized atoms: 30 31 33
[16:51:01] Can't kekulize mol.  Unkekulized atoms: 19 20 21 22 23
[16:51:02] Can't kekulize mol.  Unkekulized atoms: 24 25 26 27 28 29 30 31 32
[16:51:05] Can't kekulize mol.  Unkekulized atoms: 20 21 23
[16:51:07] Can't kekulize mol.  Unkekulized atoms: 23 24 26
[16:51:07] Can't kekulize mol.  Unkekulized atoms: 29 30 31 32 33
[16:51:08] SMILES Parse Error: syntax error while parsing: *C(=O)NHOH
[16:51:08] SMILES Parse Error: check for mistakes around position 8:
[16:51:08] *C(=O)NHOH
[16:51:08] ~~~~~~~^
[16:51:08] SMILES Parse Error: Failed parsing SMILES '*C(=O)NHOH' for input: '*C(=O)NHOH'
[16:51:09] Can't kekulize mol.  Unkekulized atoms: 25 26 27 28 29 30 32
[16:51:10] Can't kekulize mol.  Unkekulized atoms: 14 15 16 17 18 19 20 21 22
[16:51:10] SMILES Parse Error: syntax error while parsing: *C(=O)NHOH
[16:51:10] SMILES Parse Error: check for mistakes around position 8:
[16:51:10] *C(=O)NHOH
[16:51:10] ~~~~~~~^
[16:51:10] SMILES Parse Error: Failed parsing SMILES '*C(=O)NHOH' for input: '*C(=O)NHOH'
[16:51:13] Can't kekulize mol.  Unkekulized atoms: 19 20 22
[16:51:17] Can't kekulize mol.  Unkekulized atoms: 17 18 20
[16:51:17] Can't kekulize mol.  Unkekulized atoms: 17 18 19 20 21 22 23 24 25
[16:51:17] Can't kekulize mol.  Unkekulized atoms: 21 22 23 24 25
[16:51:17] Can't kekulize mol.  Unkekulized atoms: 13 14 15 16 17
[16:51:18] Can't kekulize mol.  Unkekulized atoms: 38 39 41
[16:51:23] Can't kekulize mol.  Unkekulized atoms: 20 21 23
[16:51:24] Can't kekulize mol.  Unkekulized atoms: 14 15 17
[16:51:25] Can't kekulize mol.  Unkekulized atoms: 19 20 22
[16:51:30] Can't kekulize mol.  Unkekulized atoms: 23 24 25 26 27 28 30
═══ P4 MCTS+RL — seed=1 ═══
  Initial SMILES:  C
  Max steps:       8
  Iterations:      1000
  Fragment set:    expanded (108 fragments)
  Policy:          ScafVAE
  PUCT c:          1.414
  Host:            penavoraserver
\n═══ Results ═══
  Best state:      Cc1cc(O)cc(C(C)c2ccccc2C2CCO2)c1
  Best reward:     0.620889
  Output CSV:      /home/nanaengo/Malaria_codesV2/Project4_Advanced_Monte_CarloV2607/results/mcts/p4_mcts_seed_1.csv
