[17:15:33] Can't kekulize mol.  Unkekulized atoms: 0 1 2 3 4
[17:15:33] Can't kekulize mol.  Unkekulized atoms: 2 3 4 5 6
[17:15:35] Can't kekulize mol.  Unkekulized atoms: 13 14 15 16 17
[17:15:37] SMILES Parse Error: syntax error while parsing: *C(=O)NHOH
[17:15:37] SMILES Parse Error: check for mistakes around position 8:
[17:15:37] *C(=O)NHOH
[17:15:37] ~~~~~~~^
[17:15:37] SMILES Parse Error: Failed parsing SMILES '*C(=O)NHOH' for input: '*C(=O)NHOH'
[17:15:40] Can't kekulize mol.  Unkekulized atoms: 14 15 17
[17:15:40] Can't kekulize mol.  Unkekulized atoms: 17 18 20
[17:15:41] Can't kekulize mol.  Unkekulized atoms: 10 11 13
[17:15:44] Can't kekulize mol.  Unkekulized atoms: 16 17 19
[17:15:45] SMILES Parse Error: syntax error while parsing: *C(=O)NHOH
[17:15:45] SMILES Parse Error: check for mistakes around position 8:
[17:15:45] *C(=O)NHOH
[17:15:45] ~~~~~~~^
[17:15:45] SMILES Parse Error: Failed parsing SMILES '*C(=O)NHOH' for input: '*C(=O)NHOH'
[17:15:45] Can't kekulize mol.  Unkekulized atoms: 22 23 25
[17:15:45] Can't kekulize mol.  Unkekulized atoms: 22 23 25
[17:15:48] Can't kekulize mol.  Unkekulized atoms: 16 17 19
[17:15:48] Can't kekulize mol.  Unkekulized atoms: 10 11 13
[17:15:49] Can't kekulize mol.  Unkekulized atoms: 27 28 30
[17:15:54] Can't kekulize mol.  Unkekulized atoms: 36 37 39
[17:15:54] SMILES Parse Error: syntax error while parsing: *C(=O)NH2
[17:15:54] SMILES Parse Error: check for mistakes around position 8:
[17:15:54] *C(=O)NH2
[17:15:54] ~~~~~~~^
[17:15:54] SMILES Parse Error: Failed parsing SMILES '*C(=O)NH2' for input: '*C(=O)NH2'
[17:15:55] Can't kekulize mol.  Unkekulized atoms: 25 26 28
[17:15:55] Can't kekulize mol.  Unkekulized atoms: 2 3 4 5 6 7 8 9 10
[17:15:56] SMILES Parse Error: syntax error while parsing: *C(=O)NH2
[17:15:56] SMILES Parse Error: check for mistakes around position 8:
[17:15:56] *C(=O)NH2
[17:15:56] ~~~~~~~^
[17:15:56] SMILES Parse Error: Failed parsing SMILES '*C(=O)NH2' for input: '*C(=O)NH2'
[17:15:56] SMILES Parse Error: syntax error while parsing: *C(=O)NH2
[17:15:56] SMILES Parse Error: check for mistakes around position 8:
[17:15:56] *C(=O)NH2
[17:15:56] ~~~~~~~^
[17:15:56] SMILES Parse Error: Failed parsing SMILES '*C(=O)NH2' for input: '*C(=O)NH2'
[17:15:58] Can't kekulize mol.  Unkekulized atoms: 17 18 20
[17:16:02] Can't kekulize mol.  Unkekulized atoms: 10 11 13
[17:16:05] SMILES Parse Error: syntax error while parsing: *C(=O)NH2
[17:16:05] SMILES Parse Error: check for mistakes around position 8:
[17:16:05] *C(=O)NH2
[17:16:05] ~~~~~~~^
[17:16:05] SMILES Parse Error: Failed parsing SMILES '*C(=O)NH2' for input: '*C(=O)NH2'
[17:16:08] Can't kekulize mol.  Unkekulized atoms: 23 24 25 26 27
[17:16:09] Can't kekulize mol.  Unkekulized atoms: 20 21 22 23 24
[17:16:12] Can't kekulize mol.  Unkekulized atoms: 35 36 37 38 39 40 42
[17:16:13] SMILES Parse Error: syntax error while parsing: *C(=O)NH2
[17:16:13] SMILES Parse Error: check for mistakes around position 8:
[17:16:13] *C(=O)NH2
[17:16:13] ~~~~~~~^
[17:16:13] SMILES Parse Error: Failed parsing SMILES '*C(=O)NH2' for input: '*C(=O)NH2'
[17:16:16] Can't kekulize mol.  Unkekulized atoms: 25 26 27 28 29 30 31 32 33
[17:16:16] Can't kekulize mol.  Unkekulized atoms: 15 16 17 18 19 20 21 22 23
[17:16:17] Can't kekulize mol.  Unkekulized atoms: 17 18 20
[17:16:17] Can't kekulize mol.  Unkekulized atoms: 15 16 17 18 19 20 22
[17:16:19] SMILES Parse Error: syntax error while parsing: *C(=O)NH2
[17:16:19] SMILES Parse Error: check for mistakes around position 8:
[17:16:19] *C(=O)NH2
[17:16:19] ~~~~~~~^
[17:16:19] SMILES Parse Error: Failed parsing SMILES '*C(=O)NH2' for input: '*C(=O)NH2'
[17:16:19] Can't kekulize mol.  Unkekulized atoms: 13 14 15 16 17
[17:16:19] Can't kekulize mol.  Unkekulized atoms: 16 17 18 19 20
[17:16:21] SMILES Parse Error: syntax error while parsing: *C(=O)NHOH
[17:16:21] SMILES Parse Error: check for mistakes around position 8:
[17:16:21] *C(=O)NHOH
[17:16:21] ~~~~~~~^
[17:16:21] SMILES Parse Error: Failed parsing SMILES '*C(=O)NHOH' for input: '*C(=O)NHOH'
[17:16:22] Can't kekulize mol.  Unkekulized atoms: 22 23 25
[17:16:23] Can't kekulize mol.  Unkekulized atoms: 22 23 24 25 26
[17:16:24] Can't kekulize mol.  Unkekulized atoms: 12 13 14 15 16
[17:16:26] SMILES Parse Error: syntax error while parsing: *C(=O)NH2
[17:16:26] SMILES Parse Error: check for mistakes around position 8:
[17:16:26] *C(=O)NH2
[17:16:26] ~~~~~~~^
[17:16:26] SMILES Parse Error: Failed parsing SMILES '*C(=O)NH2' for input: '*C(=O)NH2'
[17:16:27] Can't kekulize mol.  Unkekulized atoms: 8 9 11
[17:16:28] Can't kekulize mol.  Unkekulized atoms: 32 33 35
[17:16:28] Can't kekulize mol.  Unkekulized atoms: 14 15 16 17 18 19 20 21 22
[17:16:31] Can't kekulize mol.  Unkekulized atoms: 18 19 20 21 22 23 24 25 26
[17:16:31] SMILES Parse Error: syntax error while parsing: *C(=O)NH2
[17:16:31] SMILES Parse Error: check for mistakes around position 8:
[17:16:31] *C(=O)NH2
[17:16:31] ~~~~~~~^
[17:16:31] SMILES Parse Error: Failed parsing SMILES '*C(=O)NH2' for input: '*C(=O)NH2'
[17:16:33] Can't kekulize mol.  Unkekulized atoms: 23 24 26
[17:16:36] Can't kekulize mol.  Unkekulized atoms: 18 19 20 21 22 23 25
[17:16:37] Can't kekulize mol.  Unkekulized atoms: 13 14 16
[17:16:40] Can't kekulize mol.  Unkekulized atoms: 19 20 22
[17:16:41] Can't kekulize mol.  Unkekulized atoms: 16 17 19
[17:16:44] Can't kekulize mol.  Unkekulized atoms: 19 20 21 22 23 24 26
[17:16:47] Can't kekulize mol.  Unkekulized atoms: 15 16 18
[17:16:49] SMILES Parse Error: syntax error while parsing: *C(=O)NH2
[17:16:49] SMILES Parse Error: check for mistakes around position 8:
[17:16:49] *C(=O)NH2
[17:16:49] ~~~~~~~^
[17:16:49] SMILES Parse Error: Failed parsing SMILES '*C(=O)NH2' for input: '*C(=O)NH2'
[17:16:51] Can't kekulize mol.  Unkekulized atoms: 19 20 21 22 23 24 26
[17:16:53] Can't kekulize mol.  Unkekulized atoms: 13 14 16
[17:16:57] SMILES Parse Error: syntax error while parsing: *C(=O)NH2
[17:16:57] SMILES Parse Error: check for mistakes around position 8:
[17:16:57] *C(=O)NH2
[17:16:57] ~~~~~~~^
[17:16:57] SMILES Parse Error: Failed parsing SMILES '*C(=O)NH2' for input: '*C(=O)NH2'
[17:16:59] Can't kekulize mol.  Unkekulized atoms: 12 13 14 15 16
[17:17:01] Can't kekulize mol.  Unkekulized atoms: 18 19 20 21 22
[17:17:02] Can't kekulize mol.  Unkekulized atoms: 19 20 21 22 23
[17:17:03] Can't kekulize mol.  Unkekulized atoms: 23 24 26
[17:17:05] Can't kekulize mol.  Unkekulized atoms: 19 20 22
[17:17:05] Can't kekulize mol.  Unkekulized atoms: 24 25 27
[17:17:06] Can't kekulize mol.  Unkekulized atoms: 8 9 10 11 12 13 15
[17:17:14] SMILES Parse Error: syntax error while parsing: *C(=O)NH2
[17:17:14] SMILES Parse Error: check for mistakes around position 8:
[17:17:14] *C(=O)NH2
[17:17:14] ~~~~~~~^
[17:17:14] SMILES Parse Error: Failed parsing SMILES '*C(=O)NH2' for input: '*C(=O)NH2'
[17:17:14] SMILES Parse Error: syntax error while parsing: *C(=O)NHOH
[17:17:14] SMILES Parse Error: check for mistakes around position 8:
[17:17:14] *C(=O)NHOH
[17:17:14] ~~~~~~~^
[17:17:14] SMILES Parse Error: Failed parsing SMILES '*C(=O)NHOH' for input: '*C(=O)NHOH'
[17:17:16] Can't kekulize mol.  Unkekulized atoms: 14 15 16 17 18 19 20 21 22
[17:17:16] Can't kekulize mol.  Unkekulized atoms: 13 14 16
[17:17:18] Can't kekulize mol.  Unkekulized atoms: 14 15 16 17 18 19 20 21 22
[17:17:18] SMILES Parse Error: syntax error while parsing: *C(=O)NH2
[17:17:18] SMILES Parse Error: check for mistakes around position 8:
[17:17:18] *C(=O)NH2
[17:17:18] ~~~~~~~^
[17:17:18] SMILES Parse Error: Failed parsing SMILES '*C(=O)NH2' for input: '*C(=O)NH2'
[17:17:18] SMILES Parse Error: syntax error while parsing: *C(=O)NH2
[17:17:18] SMILES Parse Error: check for mistakes around position 8:
[17:17:18] *C(=O)NH2
[17:17:18] ~~~~~~~^
[17:17:18] SMILES Parse Error: Failed parsing SMILES '*C(=O)NH2' for input: '*C(=O)NH2'
[17:17:25] Can't kekulize mol.  Unkekulized atoms: 15 16 17 18 19 20 22
[17:17:25] Can't kekulize mol.  Unkekulized atoms: 14 15 17
[17:17:26] SMILES Parse Error: syntax error while parsing: *C(=O)NHOH
[17:17:26] SMILES Parse Error: check for mistakes around position 8:
[17:17:26] *C(=O)NHOH
[17:17:26] ~~~~~~~^
[17:17:26] SMILES Parse Error: Failed parsing SMILES '*C(=O)NHOH' for input: '*C(=O)NHOH'
[17:17:26] Can't kekulize mol.  Unkekulized atoms: 18 19 21
[17:17:26] Can't kekulize mol.  Unkekulized atoms: 14 15 16 17 18 19 21
[17:17:31] Can't kekulize mol.  Unkekulized atoms: 38 39 41
[17:17:32] Can't kekulize mol.  Unkekulized atoms: 24 25 26 27 28 29 30 31 32
[17:17:37] Can't kekulize mol.  Unkekulized atoms: 24 25 26 27 28 29 31
[17:17:38] Can't kekulize mol.  Unkekulized atoms: 17 18 19 20 21
[17:17:38] Can't kekulize mol.  Unkekulized atoms: 17 18 20
[17:17:41] Can't kekulize mol.  Unkekulized atoms: 21 22 23 24 25 26 27 28 29
[17:17:42] Can't kekulize mol.  Unkekulized atoms: 18 19 20 21 22 23 24 25 26
[17:17:43] Can't kekulize mol.  Unkekulized atoms: 23 24 26
[17:17:43] Can't kekulize mol.  Unkekulized atoms: 16 17 18 19 20 21 23
[17:17:45] Can't kekulize mol.  Unkekulized atoms: 17 18 20
[17:17:45] Can't kekulize mol.  Unkekulized atoms: 17 18 20
[17:17:47] Can't kekulize mol.  Unkekulized atoms: 10 11 13
[17:17:47] Can't kekulize mol.  Unkekulized atoms: 10 11 13
[17:17:47] Can't kekulize mol.  Unkekulized atoms: 15 16 17 18 19
[17:17:49] SMILES Parse Error: syntax error while parsing: *C(=O)NH2
[17:17:49] SMILES Parse Error: check for mistakes around position 8:
[17:17:49] *C(=O)NH2
[17:17:49] ~~~~~~~^
[17:17:49] SMILES Parse Error: Failed parsing SMILES '*C(=O)NH2' for input: '*C(=O)NH2'
[17:17:49] Can't kekulize mol.  Unkekulized atoms: 21 22 24
[17:17:51] Can't kekulize mol.  Unkekulized atoms: 16 17 18 19 20 21 22 23 24
[17:17:52] SMILES Parse Error: syntax error while parsing: *C(=O)NHOH
[17:17:52] SMILES Parse Error: check for mistakes around position 8:
[17:17:52] *C(=O)NHOH
[17:17:52] ~~~~~~~^
[17:17:52] SMILES Parse Error: Failed parsing SMILES '*C(=O)NHOH' for input: '*C(=O)NHOH'
[17:17:52] Can't kekulize mol.  Unkekulized atoms: 23 24 26
[17:17:53] SMILES Parse Error: syntax error while parsing: *C(=O)NHOH
[17:17:53] SMILES Parse Error: check for mistakes around position 8:
[17:17:53] *C(=O)NHOH
[17:17:53] ~~~~~~~^
[17:17:53] SMILES Parse Error: Failed parsing SMILES '*C(=O)NHOH' for input: '*C(=O)NHOH'
[17:17:53] Can't kekulize mol.  Unkekulized atoms: 12 13 15
[17:17:54] Can't kekulize mol.  Unkekulized atoms: 14 15 16 17 18 19 21
[17:17:56] Can't kekulize mol.  Unkekulized atoms: 25 26 28
[17:18:01] Can't kekulize mol.  Unkekulized atoms: 26 27 28 29 30
[17:18:05] SMILES Parse Error: syntax error while parsing: *C(=O)NHOH
[17:18:05] SMILES Parse Error: check for mistakes around position 8:
[17:18:05] *C(=O)NHOH
[17:18:05] ~~~~~~~^
[17:18:05] SMILES Parse Error: Failed parsing SMILES '*C(=O)NHOH' for input: '*C(=O)NHOH'
[17:18:07] Can't kekulize mol.  Unkekulized atoms: 29 30 32
[17:18:08] Can't kekulize mol.  Unkekulized atoms: 23 24 26
[17:18:10] Can't kekulize mol.  Unkekulized atoms: 18 19 21
[17:18:12] Can't kekulize mol.  Unkekulized atoms: 14 15 17
[17:18:12] Can't kekulize mol.  Unkekulized atoms: 28 29 31
[17:18:15] Can't kekulize mol.  Unkekulized atoms: 24 25 27
[17:18:16] Can't kekulize mol.  Unkekulized atoms: 24 25 27
[17:18:17] SMILES Parse Error: syntax error while parsing: *C(=O)NHOH
[17:18:17] SMILES Parse Error: check for mistakes around position 8:
[17:18:17] *C(=O)NHOH
[17:18:17] ~~~~~~~^
[17:18:17] SMILES Parse Error: Failed parsing SMILES '*C(=O)NHOH' for input: '*C(=O)NHOH'
[17:18:17] Can't kekulize mol.  Unkekulized atoms: 20 21 23
[17:18:17] SMILES Parse Error: syntax error while parsing: *C(=O)NHOH
[17:18:17] SMILES Parse Error: check for mistakes around position 8:
[17:18:17] *C(=O)NHOH
[17:18:17] ~~~~~~~^
[17:18:17] SMILES Parse Error: Failed parsing SMILES '*C(=O)NHOH' for input: '*C(=O)NHOH'
[17:18:20] Can't kekulize mol.  Unkekulized atoms: 24 25 27
[17:18:21] Can't kekulize mol.  Unkekulized atoms: 16 17 19
[17:18:23] Can't kekulize mol.  Unkekulized atoms: 25 26 28
[17:18:23] Can't kekulize mol.  Unkekulized atoms: 13 14 15 16 17 18 19 20 21
[17:18:26] Can't kekulize mol.  Unkekulized atoms: 18 19 21
[17:18:34] Can't kekulize mol.  Unkekulized atoms: 20 21 22 23 24
[17:18:37] SMILES Parse Error: syntax error while parsing: *C(=O)NH2
[17:18:37] SMILES Parse Error: check for mistakes around position 8:
[17:18:37] *C(=O)NH2
[17:18:37] ~~~~~~~^
[17:18:37] SMILES Parse Error: Failed parsing SMILES '*C(=O)NH2' for input: '*C(=O)NH2'
[17:18:37] SMILES Parse Error: syntax error while parsing: *C(=O)NH2
[17:18:37] SMILES Parse Error: check for mistakes around position 8:
[17:18:37] *C(=O)NH2
[17:18:37] ~~~~~~~^
[17:18:37] SMILES Parse Error: Failed parsing SMILES '*C(=O)NH2' for input: '*C(=O)NH2'
[17:18:37] Can't kekulize mol.  Unkekulized atoms: 14 15 17
[17:18:39] Can't kekulize mol.  Unkekulized atoms: 38 39 41
[17:18:39] SMILES Parse Error: syntax error while parsing: *C(=O)NHOH
[17:18:39] SMILES Parse Error: check for mistakes around position 8:
[17:18:39] *C(=O)NHOH
[17:18:39] ~~~~~~~^
[17:18:39] SMILES Parse Error: Failed parsing SMILES '*C(=O)NHOH' for input: '*C(=O)NHOH'
[17:18:41] Can't kekulize mol.  Unkekulized atoms: 13 14 15 16 17 18 20
[17:18:42] SMILES Parse Error: syntax error while parsing: *C(=O)NH2
[17:18:42] SMILES Parse Error: check for mistakes around position 8:
[17:18:42] *C(=O)NH2
[17:18:42] ~~~~~~~^
[17:18:42] SMILES Parse Error: Failed parsing SMILES '*C(=O)NH2' for input: '*C(=O)NH2'
[17:18:43] Can't kekulize mol.  Unkekulized atoms: 29 30 32
[17:18:44] Can't kekulize mol.  Unkekulized atoms: 19 20 22
[17:18:46] SMILES Parse Error: syntax error while parsing: *C(=O)NHOH
[17:18:46] SMILES Parse Error: check for mistakes around position 8:
[17:18:46] *C(=O)NHOH
[17:18:46] ~~~~~~~^
[17:18:46] SMILES Parse Error: Failed parsing SMILES '*C(=O)NHOH' for input: '*C(=O)NHOH'
[17:18:49] Can't kekulize mol.  Unkekulized atoms: 20 21 23
[17:18:50] SMILES Parse Error: syntax error while parsing: *C(=O)NH2
[17:18:50] SMILES Parse Error: check for mistakes around position 8:
[17:18:50] *C(=O)NH2
[17:18:50] ~~~~~~~^
[17:18:50] SMILES Parse Error: Failed parsing SMILES '*C(=O)NH2' for input: '*C(=O)NH2'
[17:18:51] Can't kekulize mol.  Unkekulized atoms: 26 27 28 29 30 31 32 33 34
[17:18:51] Can't kekulize mol.  Unkekulized atoms: 29 30 32
[17:18:51] Can't kekulize mol.  Unkekulized atoms: 23 24 25 26 27 28 29 30 31
═══ P4 MCTS+RL — seed=19 ═══
  Initial SMILES:  C
  Max steps:       8
  Iterations:      1000
  Fragment set:    all (108 fragments)
  Policy:          ScafVAE
  PUCT c:          1.414
  Host:            penavoraserver
\n═══ Results ═══
  Best state:      COCC(C)Oc1cccc(C2CCC(C)C(C3CCCO3)N2)c1
  Best reward:     0.610854
  Output CSV:      /home/nanaengo/Malaria_codesV2/Project4_Advanced_Monte_CarloV2607/results/mcts/p4_mcts_seed_19.csv
