[16:48:19] Can't kekulize mol.  Unkekulized atoms: 0 1 2 3 4
[16:48:20] Can't kekulize mol.  Unkekulized atoms: 40 41 42 43 44
[16:48:20] Can't kekulize mol.  Unkekulized atoms: 13 14 15 16 17
[16:48:21] SMILES Parse Error: syntax error while parsing: *C(=O)NH2
[16:48:21] SMILES Parse Error: check for mistakes around position 8:
[16:48:21] *C(=O)NH2
[16:48:21] ~~~~~~~^
[16:48:21] SMILES Parse Error: Failed parsing SMILES '*C(=O)NH2' for input: '*C(=O)NH2'
[16:48:23] Can't kekulize mol.  Unkekulized atoms: 14 15 16 17 18 19 21
[16:48:24] Can't kekulize mol.  Unkekulized atoms: 22 23 25
[16:48:24] Can't kekulize mol.  Unkekulized atoms: 24 25 27
[16:48:26] Can't kekulize mol.  Unkekulized atoms: 28 29 30 31 32 33 34 35 36
[16:48:26] SMILES Parse Error: syntax error while parsing: *C(=O)NHOH
[16:48:26] SMILES Parse Error: check for mistakes around position 8:
[16:48:26] *C(=O)NHOH
[16:48:26] ~~~~~~~^
[16:48:26] SMILES Parse Error: Failed parsing SMILES '*C(=O)NHOH' for input: '*C(=O)NHOH'
[16:48:26] Can't kekulize mol.  Unkekulized atoms: 15 16 17 18 19 20 22
[16:48:29] SMILES Parse Error: syntax error while parsing: *C(=O)NHOH
[16:48:29] SMILES Parse Error: check for mistakes around position 8:
[16:48:29] *C(=O)NHOH
[16:48:29] ~~~~~~~^
[16:48:29] SMILES Parse Error: Failed parsing SMILES '*C(=O)NHOH' for input: '*C(=O)NHOH'
[16:48:30] Can't kekulize mol.  Unkekulized atoms: 8 9 10 11 12
[16:48:30] Can't kekulize mol.  Unkekulized atoms: 22 23 25
[16:48:33] Can't kekulize mol.  Unkekulized atoms: 29 30 32
[16:48:33] Can't kekulize mol.  Unkekulized atoms: 20 21 23
[16:48:34] Can't kekulize mol.  Unkekulized atoms: 27 28 30
[16:48:35] Can't kekulize mol.  Unkekulized atoms: 12 13 15
[16:48:36] Can't kekulize mol.  Unkekulized atoms: 20 21 23
[16:48:36] Can't kekulize mol.  Unkekulized atoms: 9 10 12
[16:48:38] Can't kekulize mol.  Unkekulized atoms: 23 24 26
[16:48:40] Can't kekulize mol.  Unkekulized atoms: 15 16 18
[16:48:42] SMILES Parse Error: syntax error while parsing: *C(=O)NHOH
[16:48:42] SMILES Parse Error: check for mistakes around position 8:
[16:48:42] *C(=O)NHOH
[16:48:42] ~~~~~~~^
[16:48:42] SMILES Parse Error: Failed parsing SMILES '*C(=O)NHOH' for input: '*C(=O)NHOH'
[16:48:44] Can't kekulize mol.  Unkekulized atoms: 40 41 42 43 44
[16:48:46] Can't kekulize mol.  Unkekulized atoms: 8 9 11
[16:48:46] Can't kekulize mol.  Unkekulized atoms: 19 20 22
[16:48:48] SMILES Parse Error: syntax error while parsing: *C(=O)NHOH
[16:48:48] SMILES Parse Error: check for mistakes around position 8:
[16:48:48] *C(=O)NHOH
[16:48:48] ~~~~~~~^
[16:48:48] SMILES Parse Error: Failed parsing SMILES '*C(=O)NHOH' for input: '*C(=O)NHOH'
[16:48:48] SMILES Parse Error: syntax error while parsing: *C(=O)NH2
[16:48:48] SMILES Parse Error: check for mistakes around position 8:
[16:48:48] *C(=O)NH2
[16:48:48] ~~~~~~~^
[16:48:48] SMILES Parse Error: Failed parsing SMILES '*C(=O)NH2' for input: '*C(=O)NH2'
[16:48:48] Can't kekulize mol.  Unkekulized atoms: 17 18 20
[16:48:50] Can't kekulize mol.  Unkekulized atoms: 23 24 25 26 27 28 29 30 31
[16:48:50] Can't kekulize mol.  Unkekulized atoms: 28 29 31
[16:48:51] SMILES Parse Error: syntax error while parsing: *C(=O)NHOH
[16:48:51] SMILES Parse Error: check for mistakes around position 8:
[16:48:51] *C(=O)NHOH
[16:48:51] ~~~~~~~^
[16:48:51] SMILES Parse Error: Failed parsing SMILES '*C(=O)NHOH' for input: '*C(=O)NHOH'
[16:48:51] SMILES Parse Error: syntax error while parsing: *C(=O)NH2
[16:48:51] SMILES Parse Error: check for mistakes around position 8:
[16:48:51] *C(=O)NH2
[16:48:51] ~~~~~~~^
[16:48:51] SMILES Parse Error: Failed parsing SMILES '*C(=O)NH2' for input: '*C(=O)NH2'
[16:48:54] Can't kekulize mol.  Unkekulized atoms: 30 31 33
[16:48:58] Can't kekulize mol.  Unkekulized atoms: 36 37 39
[16:49:00] Can't kekulize mol.  Unkekulized atoms: 13 14 16
[16:49:00] Can't kekulize mol.  Unkekulized atoms: 13 14 16
[16:49:01] Can't kekulize mol.  Unkekulized atoms: 19 20 21 22 23 24 25 26 27
[16:49:01] Can't kekulize mol.  Unkekulized atoms: 19 20 21 22 23 24 25 26 27
[16:49:01] SMILES Parse Error: syntax error while parsing: *C(=O)NHOH
[16:49:01] SMILES Parse Error: check for mistakes around position 8:
[16:49:01] *C(=O)NHOH
[16:49:01] ~~~~~~~^
[16:49:01] SMILES Parse Error: Failed parsing SMILES '*C(=O)NHOH' for input: '*C(=O)NHOH'
[16:49:02] Can't kekulize mol.  Unkekulized atoms: 14 15 16 17 18
[16:49:02] Can't kekulize mol.  Unkekulized atoms: 32 33 34 35 36 37 39
[16:49:02] Can't kekulize mol.  Unkekulized atoms: 9 10 12
[16:49:05] Can't kekulize mol.  Unkekulized atoms: 25 26 28
[16:49:07] Can't kekulize mol.  Unkekulized atoms: 15 16 17 18 19
[16:49:07] Can't kekulize mol.  Unkekulized atoms: 15 16 18
[16:49:09] Can't kekulize mol.  Unkekulized atoms: 10 11 13
[16:49:11] Can't kekulize mol.  Unkekulized atoms: 14 15 17
[16:49:12] Can't kekulize mol.  Unkekulized atoms: 7 8 10
[16:49:12] Can't kekulize mol.  Unkekulized atoms: 33 34 36
[16:49:13] SMILES Parse Error: syntax error while parsing: *C(=O)NHOH
[16:49:13] SMILES Parse Error: check for mistakes around position 8:
[16:49:13] *C(=O)NHOH
[16:49:13] ~~~~~~~^
[16:49:13] SMILES Parse Error: Failed parsing SMILES '*C(=O)NHOH' for input: '*C(=O)NHOH'
[16:49:14] SMILES Parse Error: syntax error while parsing: *C(=O)NH2
[16:49:14] SMILES Parse Error: check for mistakes around position 8:
[16:49:14] *C(=O)NH2
[16:49:14] ~~~~~~~^
[16:49:14] SMILES Parse Error: Failed parsing SMILES '*C(=O)NH2' for input: '*C(=O)NH2'
[16:49:15] Can't kekulize mol.  Unkekulized atoms: 7 8 10
[16:49:16] Can't kekulize mol.  Unkekulized atoms: 21 22 24
[16:49:16] Can't kekulize mol.  Unkekulized atoms: 24 25 27
[16:49:17] Can't kekulize mol.  Unkekulized atoms: 16 17 19
[16:49:17] Can't kekulize mol.  Unkekulized atoms: 16 17 18 19 20 21 23
[16:49:17] Can't kekulize mol.  Unkekulized atoms: 16 17 18 19 20 21 23
[16:49:18] Can't kekulize mol.  Unkekulized atoms: 14 15 17
[16:49:19] Can't kekulize mol.  Unkekulized atoms: 17 18 20
[16:49:19] Can't kekulize mol.  Unkekulized atoms: 18 19 20 21 22 23 24 25 26
[16:49:21] Can't kekulize mol.  Unkekulized atoms: 20 21 22 23 24
[16:49:21] Can't kekulize mol.  Unkekulized atoms: 27 28 30
[16:49:23] Can't kekulize mol.  Unkekulized atoms: 29 30 31 32 33
[16:49:24] Can't kekulize mol.  Unkekulized atoms: 25 26 28
[16:49:24] Can't kekulize mol.  Unkekulized atoms: 18 19 20 21 22 23 24 25 26
[16:49:26] Can't kekulize mol.  Unkekulized atoms: 27 28 29 30 31
[16:49:26] SMILES Parse Error: syntax error while parsing: *C(=O)NHOH
[16:49:26] SMILES Parse Error: check for mistakes around position 8:
[16:49:26] *C(=O)NHOH
[16:49:26] ~~~~~~~^
[16:49:26] SMILES Parse Error: Failed parsing SMILES '*C(=O)NHOH' for input: '*C(=O)NHOH'
[16:49:27] Can't kekulize mol.  Unkekulized atoms: 20 21 22 23 24 25 26 27 28
[16:49:29] Can't kekulize mol.  Unkekulized atoms: 17 18 20
[16:49:30] Can't kekulize mol.  Unkekulized atoms: 23 24 26
[16:49:30] Can't kekulize mol.  Unkekulized atoms: 17 18 20
[16:49:31] Can't kekulize mol.  Unkekulized atoms: 22 23 25
[16:49:31] Can't kekulize mol.  Unkekulized atoms: 28 29 31
[16:49:32] Can't kekulize mol.  Unkekulized atoms: 14 15 17
[16:49:33] Can't kekulize mol.  Unkekulized atoms: 27 28 30
[16:49:34] SMILES Parse Error: syntax error while parsing: *C(=O)NHOH
[16:49:34] SMILES Parse Error: check for mistakes around position 8:
[16:49:34] *C(=O)NHOH
[16:49:34] ~~~~~~~^
[16:49:34] SMILES Parse Error: Failed parsing SMILES '*C(=O)NHOH' for input: '*C(=O)NHOH'
[16:49:39] Can't kekulize mol.  Unkekulized atoms: 18 19 21
[16:49:40] SMILES Parse Error: syntax error while parsing: *C(=O)NH2
[16:49:40] SMILES Parse Error: check for mistakes around position 8:
[16:49:40] *C(=O)NH2
[16:49:40] ~~~~~~~^
[16:49:40] SMILES Parse Error: Failed parsing SMILES '*C(=O)NH2' for input: '*C(=O)NH2'
[16:49:41] Can't kekulize mol.  Unkekulized atoms: 15 16 18
[16:49:42] Can't kekulize mol.  Unkekulized atoms: 17 18 19 20 21 22 24
[16:49:44] Can't kekulize mol.  Unkekulized atoms: 13 14 16
[16:49:44] SMILES Parse Error: syntax error while parsing: *C(=O)NH2
[16:49:44] SMILES Parse Error: check for mistakes around position 8:
[16:49:44] *C(=O)NH2
[16:49:44] ~~~~~~~^
[16:49:44] SMILES Parse Error: Failed parsing SMILES '*C(=O)NH2' for input: '*C(=O)NH2'
[16:49:45] SMILES Parse Error: syntax error while parsing: *C(=O)NH2
[16:49:45] SMILES Parse Error: check for mistakes around position 8:
[16:49:45] *C(=O)NH2
[16:49:45] ~~~~~~~^
[16:49:45] SMILES Parse Error: Failed parsing SMILES '*C(=O)NH2' for input: '*C(=O)NH2'
[16:49:45] SMILES Parse Error: syntax error while parsing: *C(=O)NH2
[16:49:45] SMILES Parse Error: check for mistakes around position 8:
[16:49:45] *C(=O)NH2
[16:49:45] ~~~~~~~^
[16:49:45] SMILES Parse Error: Failed parsing SMILES '*C(=O)NH2' for input: '*C(=O)NH2'
[16:49:48] Can't kekulize mol.  Unkekulized atoms: 24 25 27
[16:49:50] Can't kekulize mol.  Unkekulized atoms: 18 19 21
[16:49:52] Can't kekulize mol.  Unkekulized atoms: 20 21 23
[16:49:53] Can't kekulize mol.  Unkekulized atoms: 32 33 34 35 36 37 39
[16:49:56] Can't kekulize mol.  Unkekulized atoms: 23 24 26
[16:50:00] Can't kekulize mol.  Unkekulized atoms: 26 27 29
[16:50:02] SMILES Parse Error: syntax error while parsing: *C(=O)NH2
[16:50:02] SMILES Parse Error: check for mistakes around position 8:
[16:50:02] *C(=O)NH2
[16:50:02] ~~~~~~~^
[16:50:02] SMILES Parse Error: Failed parsing SMILES '*C(=O)NH2' for input: '*C(=O)NH2'
[16:50:02] Can't kekulize mol.  Unkekulized atoms: 23 24 26
[16:50:02] Can't kekulize mol.  Unkekulized atoms: 18 19 21
[16:50:04] Can't kekulize mol.  Unkekulized atoms: 18 19 21
[16:50:05] Can't kekulize mol.  Unkekulized atoms: 20 21 22 23 24 25 26 27 28
[16:50:08] Can't kekulize mol.  Unkekulized atoms: 24 25 27
[16:50:10] SMILES Parse Error: syntax error while parsing: *C(=O)NHOH
[16:50:10] SMILES Parse Error: check for mistakes around position 8:
[16:50:10] *C(=O)NHOH
[16:50:10] ~~~~~~~^
[16:50:10] SMILES Parse Error: Failed parsing SMILES '*C(=O)NHOH' for input: '*C(=O)NHOH'
[16:50:11] Can't kekulize mol.  Unkekulized atoms: 26 27 29
[16:50:11] Can't kekulize mol.  Unkekulized atoms: 16 17 18 19 20 21 22 23 24
[16:50:13] Can't kekulize mol.  Unkekulized atoms: 24 25 26 27 28
[16:50:14] Can't kekulize mol.  Unkekulized atoms: 22 23 24 25 26 27 29
[16:50:16] Can't kekulize mol.  Unkekulized atoms: 13 14 16
[16:50:18] SMILES Parse Error: syntax error while parsing: *C(=O)NHOH
[16:50:18] SMILES Parse Error: check for mistakes around position 8:
[16:50:18] *C(=O)NHOH
[16:50:18] ~~~~~~~^
[16:50:18] SMILES Parse Error: Failed parsing SMILES '*C(=O)NHOH' for input: '*C(=O)NHOH'
[16:50:25] Can't kekulize mol.  Unkekulized atoms: 24 25 26 27 28 29 30 31 32
[16:50:26] Can't kekulize mol.  Unkekulized atoms: 15 16 18
[16:50:28] SMILES Parse Error: syntax error while parsing: *C(=O)NH2
[16:50:28] SMILES Parse Error: check for mistakes around position 8:
[16:50:28] *C(=O)NH2
[16:50:28] ~~~~~~~^
[16:50:28] SMILES Parse Error: Failed parsing SMILES '*C(=O)NH2' for input: '*C(=O)NH2'
[16:50:29] Can't kekulize mol.  Unkekulized atoms: 14 15 16 17 18 19 20 21 22
[16:50:32] SMILES Parse Error: syntax error while parsing: *C(=O)NHOH
[16:50:32] SMILES Parse Error: check for mistakes around position 8:
[16:50:32] *C(=O)NHOH
[16:50:32] ~~~~~~~^
[16:50:32] SMILES Parse Error: Failed parsing SMILES '*C(=O)NHOH' for input: '*C(=O)NHOH'
[16:50:34] Can't kekulize mol.  Unkekulized atoms: 20 21 23
[16:50:40] Can't kekulize mol.  Unkekulized atoms: 20 21 22 23 24
[16:50:44] Can't kekulize mol.  Unkekulized atoms: 25 26 27 28 29
[16:50:48] Can't kekulize mol.  Unkekulized atoms: 18 19 21
[16:50:52] SMILES Parse Error: syntax error while parsing: *C(=O)NHOH
[16:50:52] SMILES Parse Error: check for mistakes around position 8:
[16:50:52] *C(=O)NHOH
[16:50:52] ~~~~~~~^
[16:50:52] SMILES Parse Error: Failed parsing SMILES '*C(=O)NHOH' for input: '*C(=O)NHOH'
[16:50:53] Can't kekulize mol.  Unkekulized atoms: 20 21 22 23 24
[16:50:58] Can't kekulize mol.  Unkekulized atoms: 21 22 24
[16:51:01] Can't kekulize mol.  Unkekulized atoms: 19 20 22
[16:51:04] Can't kekulize mol.  Unkekulized atoms: 26 27 28 29 30 31 32 33 34
[16:51:04] Can't kekulize mol.  Unkekulized atoms: 22 23 25
[16:51:08] SMILES Parse Error: syntax error while parsing: *C(=O)NHOH
[16:51:08] SMILES Parse Error: check for mistakes around position 8:
[16:51:08] *C(=O)NHOH
[16:51:08] ~~~~~~~^
[16:51:08] SMILES Parse Error: Failed parsing SMILES '*C(=O)NHOH' for input: '*C(=O)NHOH'
[16:51:08] Can't kekulize mol.  Unkekulized atoms: 24 25 26 27 28 29 30 31 32
[16:51:15] SMILES Parse Error: syntax error while parsing: *C(=O)NH2
[16:51:15] SMILES Parse Error: check for mistakes around position 8:
[16:51:15] *C(=O)NH2
[16:51:15] ~~~~~~~^
[16:51:15] SMILES Parse Error: Failed parsing SMILES '*C(=O)NH2' for input: '*C(=O)NH2'
[16:51:29] Can't kekulize mol.  Unkekulized atoms: 20 21 23
[16:51:32] Can't kekulize mol.  Unkekulized atoms: 20 21 23
═══ P4 MCTS+RL — seed=3 ═══
  Initial SMILES:  C
  Max steps:       8
  Iterations:      1000
  Fragment set:    expanded (108 fragments)
  Policy:          ScafVAE
  PUCT c:          1.414
  Host:            penavoraserver
\n═══ Results ═══
  Best state:      CC1CC(c2ccccc2O)CCN1c1ccccc1
  Best reward:     0.630521
  Output CSV:      /home/nanaengo/Malaria_codesV2/Project4_Advanced_Monte_CarloV2607/results/mcts/p4_mcts_seed_3.csv
