[16:48:20] Can't kekulize mol.  Unkekulized atoms: 0 1 2 3 4
[16:48:20] Can't kekulize mol.  Unkekulized atoms: 7 8 10
[16:48:21] Can't kekulize mol.  Unkekulized atoms: 13 14 16
[16:48:22] Can't kekulize mol.  Unkekulized atoms: 35 36 37 38 39
[16:48:24] Can't kekulize mol.  Unkekulized atoms: 7 8 9 10 11 12 13 14 15
[16:48:25] SMILES Parse Error: syntax error while parsing: *C(=O)NHOH
[16:48:25] SMILES Parse Error: check for mistakes around position 8:
[16:48:25] *C(=O)NHOH
[16:48:25] ~~~~~~~^
[16:48:25] SMILES Parse Error: Failed parsing SMILES '*C(=O)NHOH' for input: '*C(=O)NHOH'
[16:48:25] Can't kekulize mol.  Unkekulized atoms: 13 14 16
[16:48:26] SMILES Parse Error: syntax error while parsing: *C(=O)NHOH
[16:48:26] SMILES Parse Error: check for mistakes around position 8:
[16:48:26] *C(=O)NHOH
[16:48:26] ~~~~~~~^
[16:48:26] SMILES Parse Error: Failed parsing SMILES '*C(=O)NHOH' for input: '*C(=O)NHOH'
[16:48:28] Can't kekulize mol.  Unkekulized atoms: 25 26 28
[16:48:28] Can't kekulize mol.  Unkekulized atoms: 12 13 15
[16:48:28] SMILES Parse Error: syntax error while parsing: *C(=O)NHOH
[16:48:28] SMILES Parse Error: check for mistakes around position 8:
[16:48:28] *C(=O)NHOH
[16:48:28] ~~~~~~~^
[16:48:28] SMILES Parse Error: Failed parsing SMILES '*C(=O)NHOH' for input: '*C(=O)NHOH'
[16:48:29] Can't kekulize mol.  Unkekulized atoms: 40 41 43
[16:48:29] Can't kekulize mol.  Unkekulized atoms: 25 26 27 28 29
[16:48:30] Can't kekulize mol.  Unkekulized atoms: 11 12 13 14 15 16 18
[16:48:31] Can't kekulize mol.  Unkekulized atoms: 25 26 28
[16:48:33] SMILES Parse Error: syntax error while parsing: *C(=O)NHOH
[16:48:33] SMILES Parse Error: check for mistakes around position 8:
[16:48:33] *C(=O)NHOH
[16:48:33] ~~~~~~~^
[16:48:33] SMILES Parse Error: Failed parsing SMILES '*C(=O)NHOH' for input: '*C(=O)NHOH'
[16:48:34] Can't kekulize mol.  Unkekulized atoms: 18 19 20 21 22
[16:48:35] SMILES Parse Error: syntax error while parsing: *C(=O)NHOH
[16:48:35] SMILES Parse Error: check for mistakes around position 8:
[16:48:35] *C(=O)NHOH
[16:48:35] ~~~~~~~^
[16:48:35] SMILES Parse Error: Failed parsing SMILES '*C(=O)NHOH' for input: '*C(=O)NHOH'
[16:48:36] Can't kekulize mol.  Unkekulized atoms: 14 15 17
[16:48:36] Can't kekulize mol.  Unkekulized atoms: 14 15 17
[16:48:37] Can't kekulize mol.  Unkekulized atoms: 23 24 26
[16:48:39] Can't kekulize mol.  Unkekulized atoms: 20 21 23
[16:48:39] Can't kekulize mol.  Unkekulized atoms: 22 23 24 25 26 27 29
[16:48:40] Can't kekulize mol.  Unkekulized atoms: 20 21 23
[16:48:42] Can't kekulize mol.  Unkekulized atoms: 25 26 28
[16:48:43] Can't kekulize mol.  Unkekulized atoms: 13 14 16
[16:48:44] Can't kekulize mol.  Unkekulized atoms: 11 12 14
[16:48:45] Can't kekulize mol.  Unkekulized atoms: 35 36 37 38 39 40 41 42 43
[16:48:45] SMILES Parse Error: syntax error while parsing: *C(=O)NHOH
[16:48:45] SMILES Parse Error: check for mistakes around position 8:
[16:48:45] *C(=O)NHOH
[16:48:45] ~~~~~~~^
[16:48:45] SMILES Parse Error: Failed parsing SMILES '*C(=O)NHOH' for input: '*C(=O)NHOH'
[16:48:46] Can't kekulize mol.  Unkekulized atoms: 11 12 14
[16:48:46] Can't kekulize mol.  Unkekulized atoms: 20 21 22 23 24 25 26 27 28
[16:48:46] Can't kekulize mol.  Unkekulized atoms: 20 21 22 23 24 25 26 27 28
[16:48:47] Can't kekulize mol.  Unkekulized atoms: 15 16 18
[16:48:48] Can't kekulize mol.  Unkekulized atoms: 16 17 18 19 20 21 22 23 24
[16:48:49] Can't kekulize mol.  Unkekulized atoms: 19 20 21 22 23 24 25 26 27
[16:48:49] Can't kekulize mol.  Unkekulized atoms: 12 13 15
[16:48:51] Can't kekulize mol.  Unkekulized atoms: 17 18 19 20 21 22 24
[16:48:54] Can't kekulize mol.  Unkekulized atoms: 26 27 29
[16:48:55] Can't kekulize mol.  Unkekulized atoms: 4 5 6 7 8 9 11
[16:48:59] Can't kekulize mol.  Unkekulized atoms: 33 34 36
[16:49:00] Can't kekulize mol.  Unkekulized atoms: 5 6 7 8 9 10 12
[16:49:01] Can't kekulize mol.  Unkekulized atoms: 17 18 20
[16:49:04] Can't kekulize mol.  Unkekulized atoms: 20 21 22 23 24 25 26 27 28
[16:49:04] Can't kekulize mol.  Unkekulized atoms: 25 26 27 28 29 30 31 32 33
[16:49:04] Can't kekulize mol.  Unkekulized atoms: 15 16 18
[16:49:04] Can't kekulize mol.  Unkekulized atoms: 15 16 17 18 19 20 21 22 23
[16:49:04] Can't kekulize mol.  Unkekulized atoms: 14 15 17
[16:49:05] Can't kekulize mol.  Unkekulized atoms: 9 10 11 12 13 14 16
[16:49:05] Can't kekulize mol.  Unkekulized atoms: 9 10 12
[16:49:05] SMILES Parse Error: syntax error while parsing: *C(=O)NH2
[16:49:05] SMILES Parse Error: check for mistakes around position 8:
[16:49:05] *C(=O)NH2
[16:49:05] ~~~~~~~^
[16:49:05] SMILES Parse Error: Failed parsing SMILES '*C(=O)NH2' for input: '*C(=O)NH2'
[16:49:05] Can't kekulize mol.  Unkekulized atoms: 20 21 23
[16:49:07] Can't kekulize mol.  Unkekulized atoms: 10 11 12 13 14
[16:49:08] Can't kekulize mol.  Unkekulized atoms: 29 30 31 32 33 34 36
[16:49:09] Can't kekulize mol.  Unkekulized atoms: 14 15 16 17 18
[16:49:13] Can't kekulize mol.  Unkekulized atoms: 23 24 25 26 27
[16:49:14] Can't kekulize mol.  Unkekulized atoms: 25 26 27 28 29 30 31 32 33
[16:49:14] Can't kekulize mol.  Unkekulized atoms: 25 26 28
[16:49:15] Can't kekulize mol.  Unkekulized atoms: 31 32 34
[16:49:18] Can't kekulize mol.  Unkekulized atoms: 18 19 20 21 22
[16:49:20] SMILES Parse Error: syntax error while parsing: *C(=O)NHOH
[16:49:20] SMILES Parse Error: check for mistakes around position 8:
[16:49:20] *C(=O)NHOH
[16:49:20] ~~~~~~~^
[16:49:20] SMILES Parse Error: Failed parsing SMILES '*C(=O)NHOH' for input: '*C(=O)NHOH'
[16:49:21] Can't kekulize mol.  Unkekulized atoms: 28 29 30 31 32 33 34 35 36
[16:49:25] Can't kekulize mol.  Unkekulized atoms: 17 18 20
[16:49:29] Can't kekulize mol.  Unkekulized atoms: 10 11 13
[16:49:30] Can't kekulize mol.  Unkekulized atoms: 23 24 25 26 27 28 29 30 31
[16:49:33] Can't kekulize mol.  Unkekulized atoms: 24 25 26 27 28 29 31
[16:49:34] Can't kekulize mol.  Unkekulized atoms: 14 15 17
[16:49:34] SMILES Parse Error: syntax error while parsing: *C(=O)NH2
[16:49:34] SMILES Parse Error: check for mistakes around position 8:
[16:49:34] *C(=O)NH2
[16:49:34] ~~~~~~~^
[16:49:34] SMILES Parse Error: Failed parsing SMILES '*C(=O)NH2' for input: '*C(=O)NH2'
[16:49:36] Can't kekulize mol.  Unkekulized atoms: 22 23 25
[16:49:37] SMILES Parse Error: syntax error while parsing: *C(=O)NHOH
[16:49:37] SMILES Parse Error: check for mistakes around position 8:
[16:49:37] *C(=O)NHOH
[16:49:37] ~~~~~~~^
[16:49:37] SMILES Parse Error: Failed parsing SMILES '*C(=O)NHOH' for input: '*C(=O)NHOH'
[16:49:37] SMILES Parse Error: syntax error while parsing: *C(=O)NHOH
[16:49:37] SMILES Parse Error: check for mistakes around position 8:
[16:49:37] *C(=O)NHOH
[16:49:37] ~~~~~~~^
[16:49:37] SMILES Parse Error: Failed parsing SMILES '*C(=O)NHOH' for input: '*C(=O)NHOH'
[16:49:37] Can't kekulize mol.  Unkekulized atoms: 22 23 25
[16:49:38] Can't kekulize mol.  Unkekulized atoms: 22 23 24 25 26 27 28 29 30
[16:49:39] Can't kekulize mol.  Unkekulized atoms: 17 18 20
[16:49:39] SMILES Parse Error: syntax error while parsing: *C(=O)NH2
[16:49:39] SMILES Parse Error: check for mistakes around position 8:
[16:49:39] *C(=O)NH2
[16:49:39] ~~~~~~~^
[16:49:39] SMILES Parse Error: Failed parsing SMILES '*C(=O)NH2' for input: '*C(=O)NH2'
[16:49:41] Can't kekulize mol.  Unkekulized atoms: 25 26 27 28 29 30 31 32 33
[16:49:41] Can't kekulize mol.  Unkekulized atoms: 19 20 21 22 23 24 25 26 27
[16:49:43] Can't kekulize mol.  Unkekulized atoms: 21 22 24
[16:49:44] SMILES Parse Error: syntax error while parsing: *C(=O)NHOH
[16:49:44] SMILES Parse Error: check for mistakes around position 8:
[16:49:44] *C(=O)NHOH
[16:49:44] ~~~~~~~^
[16:49:44] SMILES Parse Error: Failed parsing SMILES '*C(=O)NHOH' for input: '*C(=O)NHOH'
[16:49:45] Can't kekulize mol.  Unkekulized atoms: 22 23 24 25 26
[16:49:45] Can't kekulize mol.  Unkekulized atoms: 28 29 30 31 32 33 34 35 36
[16:49:46] SMILES Parse Error: syntax error while parsing: *C(=O)NHOH
[16:49:46] SMILES Parse Error: check for mistakes around position 8:
[16:49:46] *C(=O)NHOH
[16:49:46] ~~~~~~~^
[16:49:46] SMILES Parse Error: Failed parsing SMILES '*C(=O)NHOH' for input: '*C(=O)NHOH'
[16:49:46] Can't kekulize mol.  Unkekulized atoms: 18 19 21
[16:49:49] Can't kekulize mol.  Unkekulized atoms: 21 22 24
[16:49:49] Can't kekulize mol.  Unkekulized atoms: 22 23 24 25 26 27 28 29 30
[16:49:49] Can't kekulize mol.  Unkekulized atoms: 11 12 14
[16:49:50] Can't kekulize mol.  Unkekulized atoms: 12 13 14 15 16 17 18 19 20
[16:49:54] Can't kekulize mol.  Unkekulized atoms: 30 31 32 33 34 35 36 37 38
[16:49:55] SMILES Parse Error: syntax error while parsing: *C(=O)NHOH
[16:49:55] SMILES Parse Error: check for mistakes around position 8:
[16:49:55] *C(=O)NHOH
[16:49:55] ~~~~~~~^
[16:49:55] SMILES Parse Error: Failed parsing SMILES '*C(=O)NHOH' for input: '*C(=O)NHOH'
[16:49:58] Can't kekulize mol.  Unkekulized atoms: 10 11 12 13 14 15 17
[16:49:59] Can't kekulize mol.  Unkekulized atoms: 12 13 14 15 16 17 19
[16:50:01] SMILES Parse Error: syntax error while parsing: *C(=O)NH2
[16:50:01] SMILES Parse Error: check for mistakes around position 8:
[16:50:01] *C(=O)NH2
[16:50:01] ~~~~~~~^
[16:50:01] SMILES Parse Error: Failed parsing SMILES '*C(=O)NH2' for input: '*C(=O)NH2'
[16:50:01] Can't kekulize mol.  Unkekulized atoms: 11 12 14
[16:50:01] SMILES Parse Error: syntax error while parsing: *C(=O)NHOH
[16:50:01] SMILES Parse Error: check for mistakes around position 8:
[16:50:01] *C(=O)NHOH
[16:50:01] ~~~~~~~^
[16:50:01] SMILES Parse Error: Failed parsing SMILES '*C(=O)NHOH' for input: '*C(=O)NHOH'
[16:50:03] Can't kekulize mol.  Unkekulized atoms: 21 22 24
[16:50:04] Can't kekulize mol.  Unkekulized atoms: 22 23 24 25 26 27 28 29 30
[16:50:05] Can't kekulize mol.  Unkekulized atoms: 17 18 20
[16:50:05] SMILES Parse Error: syntax error while parsing: *C(=O)NH2
[16:50:05] SMILES Parse Error: check for mistakes around position 8:
[16:50:05] *C(=O)NH2
[16:50:05] ~~~~~~~^
[16:50:05] SMILES Parse Error: Failed parsing SMILES '*C(=O)NH2' for input: '*C(=O)NH2'
[16:50:07] Can't kekulize mol.  Unkekulized atoms: 15 16 18
[16:50:10] Can't kekulize mol.  Unkekulized atoms: 21 22 23 24 25
[16:50:13] Can't kekulize mol.  Unkekulized atoms: 24 25 27
[16:50:14] Can't kekulize mol.  Unkekulized atoms: 15 16 17 18 19 20 22
[16:50:14] Can't kekulize mol.  Unkekulized atoms: 19 20 22
[16:50:15] Can't kekulize mol.  Unkekulized atoms: 16 17 18 19 20 21 23
[16:50:16] SMILES Parse Error: syntax error while parsing: *C(=O)NHOH
[16:50:16] SMILES Parse Error: check for mistakes around position 8:
[16:50:16] *C(=O)NHOH
[16:50:16] ~~~~~~~^
[16:50:16] SMILES Parse Error: Failed parsing SMILES '*C(=O)NHOH' for input: '*C(=O)NHOH'
[16:50:16] Can't kekulize mol.  Unkekulized atoms: 16 17 19
[16:50:17] Can't kekulize mol.  Unkekulized atoms: 12 13 15
[16:50:18] Can't kekulize mol.  Unkekulized atoms: 20 21 23
[16:50:21] Can't kekulize mol.  Unkekulized atoms: 12 13 15
[16:50:22] SMILES Parse Error: syntax error while parsing: *C(=O)NH2
[16:50:22] SMILES Parse Error: check for mistakes around position 8:
[16:50:22] *C(=O)NH2
[16:50:22] ~~~~~~~^
[16:50:22] SMILES Parse Error: Failed parsing SMILES '*C(=O)NH2' for input: '*C(=O)NH2'
[16:50:23] Can't kekulize mol.  Unkekulized atoms: 15 16 18
[16:50:25] Can't kekulize mol.  Unkekulized atoms: 20 21 22 23 24 25 27
[16:50:25] SMILES Parse Error: syntax error while parsing: *C(=O)NHOH
[16:50:25] SMILES Parse Error: check for mistakes around position 8:
[16:50:25] *C(=O)NHOH
[16:50:25] ~~~~~~~^
[16:50:25] SMILES Parse Error: Failed parsing SMILES '*C(=O)NHOH' for input: '*C(=O)NHOH'
[16:50:25] Can't kekulize mol.  Unkekulized atoms: 12 13 14 15 16
[16:50:26] Can't kekulize mol.  Unkekulized atoms: 16 17 19
[16:50:28] SMILES Parse Error: syntax error while parsing: *C(=O)NHOH
[16:50:28] SMILES Parse Error: check for mistakes around position 8:
[16:50:28] *C(=O)NHOH
[16:50:28] ~~~~~~~^
[16:50:28] SMILES Parse Error: Failed parsing SMILES '*C(=O)NHOH' for input: '*C(=O)NHOH'
[16:50:29] SMILES Parse Error: syntax error while parsing: *C(=O)NHOH
[16:50:29] SMILES Parse Error: check for mistakes around position 8:
[16:50:29] *C(=O)NHOH
[16:50:29] ~~~~~~~^
[16:50:29] SMILES Parse Error: Failed parsing SMILES '*C(=O)NHOH' for input: '*C(=O)NHOH'
[16:50:31] Can't kekulize mol.  Unkekulized atoms: 22 23 25
[16:50:32] SMILES Parse Error: syntax error while parsing: *C(=O)NHOH
[16:50:32] SMILES Parse Error: check for mistakes around position 8:
[16:50:32] *C(=O)NHOH
[16:50:32] ~~~~~~~^
[16:50:32] SMILES Parse Error: Failed parsing SMILES '*C(=O)NHOH' for input: '*C(=O)NHOH'
[16:50:33] SMILES Parse Error: syntax error while parsing: *C(=O)NHOH
[16:50:33] SMILES Parse Error: check for mistakes around position 8:
[16:50:33] *C(=O)NHOH
[16:50:33] ~~~~~~~^
[16:50:33] SMILES Parse Error: Failed parsing SMILES '*C(=O)NHOH' for input: '*C(=O)NHOH'
[16:50:35] Can't kekulize mol.  Unkekulized atoms: 20 21 23
[16:50:35] SMILES Parse Error: syntax error while parsing: *C(=O)NHOH
[16:50:35] SMILES Parse Error: check for mistakes around position 8:
[16:50:35] *C(=O)NHOH
[16:50:35] ~~~~~~~^
[16:50:35] SMILES Parse Error: Failed parsing SMILES '*C(=O)NHOH' for input: '*C(=O)NHOH'
[16:50:36] SMILES Parse Error: syntax error while parsing: *C(=O)NH2
[16:50:36] SMILES Parse Error: check for mistakes around position 8:
[16:50:36] *C(=O)NH2
[16:50:36] ~~~~~~~^
[16:50:36] SMILES Parse Error: Failed parsing SMILES '*C(=O)NH2' for input: '*C(=O)NH2'
[16:50:37] Can't kekulize mol.  Unkekulized atoms: 20 21 23
[16:50:41] Can't kekulize mol.  Unkekulized atoms: 25 26 27 28 29 30 32
[16:50:45] SMILES Parse Error: syntax error while parsing: *C(=O)NHOH
[16:50:45] SMILES Parse Error: check for mistakes around position 8:
[16:50:45] *C(=O)NHOH
[16:50:45] ~~~~~~~^
[16:50:45] SMILES Parse Error: Failed parsing SMILES '*C(=O)NHOH' for input: '*C(=O)NHOH'
[16:50:45] Can't kekulize mol.  Unkekulized atoms: 25 26 27 28 29
[16:50:45] Can't kekulize mol.  Unkekulized atoms: 24 25 26 27 28 29 31
[16:50:46] Can't kekulize mol.  Unkekulized atoms: 31 32 33 34 35 36 38
[16:50:51] Can't kekulize mol.  Unkekulized atoms: 10 11 13
[16:50:52] Can't kekulize mol.  Unkekulized atoms: 21 22 23 24 25 26 27 28 29
[16:50:54] Can't kekulize mol.  Unkekulized atoms: 19 20 22
[16:50:54] Can't kekulize mol.  Unkekulized atoms: 19 20 21 22 23
[16:50:58] Can't kekulize mol.  Unkekulized atoms: 7 8 9 10 11 12 14
[16:50:59] SMILES Parse Error: syntax error while parsing: *C(=O)NH2
[16:50:59] SMILES Parse Error: check for mistakes around position 8:
[16:50:59] *C(=O)NH2
[16:50:59] ~~~~~~~^
[16:50:59] SMILES Parse Error: Failed parsing SMILES '*C(=O)NH2' for input: '*C(=O)NH2'
[16:51:03] Can't kekulize mol.  Unkekulized atoms: 17 18 20
[16:51:05] Can't kekulize mol.  Unkekulized atoms: 23 24 26
[16:51:07] SMILES Parse Error: syntax error while parsing: *C(=O)NHOH
[16:51:07] SMILES Parse Error: check for mistakes around position 8:
[16:51:07] *C(=O)NHOH
[16:51:07] ~~~~~~~^
[16:51:07] SMILES Parse Error: Failed parsing SMILES '*C(=O)NHOH' for input: '*C(=O)NHOH'
[16:51:08] SMILES Parse Error: syntax error while parsing: *C(=O)NH2
[16:51:08] SMILES Parse Error: check for mistakes around position 8:
[16:51:08] *C(=O)NH2
[16:51:08] ~~~~~~~^
[16:51:08] SMILES Parse Error: Failed parsing SMILES '*C(=O)NH2' for input: '*C(=O)NH2'
[16:51:10] Can't kekulize mol.  Unkekulized atoms: 12 13 15
[16:51:13] SMILES Parse Error: syntax error while parsing: *C(=O)NH2
[16:51:13] SMILES Parse Error: check for mistakes around position 8:
[16:51:13] *C(=O)NH2
[16:51:13] ~~~~~~~^
[16:51:13] SMILES Parse Error: Failed parsing SMILES '*C(=O)NH2' for input: '*C(=O)NH2'
[16:51:14] Can't kekulize mol.  Unkekulized atoms: 21 22 24
[16:51:16] SMILES Parse Error: syntax error while parsing: *C(=O)NH2
[16:51:16] SMILES Parse Error: check for mistakes around position 8:
[16:51:16] *C(=O)NH2
[16:51:16] ~~~~~~~^
[16:51:16] SMILES Parse Error: Failed parsing SMILES '*C(=O)NH2' for input: '*C(=O)NH2'
[16:51:17] Can't kekulize mol.  Unkekulized atoms: 15 16 18
[16:51:17] Can't kekulize mol.  Unkekulized atoms: 17 18 19 20 21
[16:51:18] Can't kekulize mol.  Unkekulized atoms: 25 26 28
[16:51:19] Can't kekulize mol.  Unkekulized atoms: 24 25 27
[16:51:22] Can't kekulize mol.  Unkekulized atoms: 18 19 21
[16:51:23] Can't kekulize mol.  Unkekulized atoms: 17 18 20
[16:51:23] Can't kekulize mol.  Unkekulized atoms: 30 31 32 33 34
[16:51:25] Can't kekulize mol.  Unkekulized atoms: 14 15 17
[16:51:26] SMILES Parse Error: syntax error while parsing: *C(=O)NH2
[16:51:26] SMILES Parse Error: check for mistakes around position 8:
[16:51:26] *C(=O)NH2
[16:51:26] ~~~~~~~^
[16:51:26] SMILES Parse Error: Failed parsing SMILES '*C(=O)NH2' for input: '*C(=O)NH2'
[16:51:28] Can't kekulize mol.  Unkekulized atoms: 25 26 27 28 29 30 31 32 33
[16:51:33] Can't kekulize mol.  Unkekulized atoms: 25 26 27 28 29 30 32
[16:51:33] Can't kekulize mol.  Unkekulized atoms: 19 20 22
[16:51:34] Can't kekulize mol.  Unkekulized atoms: 17 18 20
[16:51:35] Can't kekulize mol.  Unkekulized atoms: 18 19 20 21 22
[16:51:35] SMILES Parse Error: syntax error while parsing: *C(=O)NHOH
[16:51:35] SMILES Parse Error: check for mistakes around position 8:
[16:51:35] *C(=O)NHOH
[16:51:35] ~~~~~~~^
[16:51:35] SMILES Parse Error: Failed parsing SMILES '*C(=O)NHOH' for input: '*C(=O)NHOH'
[16:51:36] Can't kekulize mol.  Unkekulized atoms: 18 19 20 21 22 23 24 25 26
[16:51:36] SMILES Parse Error: syntax error while parsing: *C(=O)NHOH
[16:51:36] SMILES Parse Error: check for mistakes around position 8:
[16:51:36] *C(=O)NHOH
[16:51:36] ~~~~~~~^
[16:51:36] SMILES Parse Error: Failed parsing SMILES '*C(=O)NHOH' for input: '*C(=O)NHOH'
[16:51:38] Can't kekulize mol.  Unkekulized atoms: 31 32 33 34 35
[16:51:49] Can't kekulize mol.  Unkekulized atoms: 18 19 20 21 22 23 24 25 26
[16:51:49] Can't kekulize mol.  Unkekulized atoms: 13 14 16
[16:51:50] SMILES Parse Error: syntax error while parsing: *C(=O)NH2
[16:51:50] SMILES Parse Error: check for mistakes around position 8:
[16:51:50] *C(=O)NH2
[16:51:50] ~~~~~~~^
[16:51:50] SMILES Parse Error: Failed parsing SMILES '*C(=O)NH2' for input: '*C(=O)NH2'
[16:51:50] Can't kekulize mol.  Unkekulized atoms: 13 14 16
[16:51:55] Can't kekulize mol.  Unkekulized atoms: 16 17 19
[16:51:59] Can't kekulize mol.  Unkekulized atoms: 14 15 17
[16:52:00] Can't kekulize mol.  Unkekulized atoms: 14 15 16 17 18 19 20 21 22
[16:52:09] Can't kekulize mol.  Unkekulized atoms: 20 21 23
[16:52:11] Can't kekulize mol.  Unkekulized atoms: 8 9 11
[16:52:11] Can't kekulize mol.  Unkekulized atoms: 13 14 16
═══ P4 MCTS+RL — seed=0 ═══
  Initial SMILES:  C
  Max steps:       8
  Iterations:      1000
  Fragment set:    expanded (108 fragments)
  Policy:          ScafVAE
  PUCT c:          1.414
  Host:            penavoraserver
\n═══ Results ═══
  Best state:      CC(C)(Oc1cccc(O)c1CO)C(F)(F)CF
  Best reward:     0.619913
  Output CSV:      /home/nanaengo/Malaria_codesV2/Project4_Advanced_Monte_CarloV2607/results/mcts/p4_mcts_seed_0.csv
