[17:12:13] Can't kekulize mol.  Unkekulized atoms: 0 1 2 3 4
[17:12:15] Can't kekulize mol.  Unkekulized atoms: 26 27 29
[17:12:15] Can't kekulize mol.  Unkekulized atoms: 26 27 28 29 30 31 32 33 34
[17:12:16] Can't kekulize mol.  Unkekulized atoms: 17 18 19 20 21 22 24
[17:12:18] Can't kekulize mol.  Unkekulized atoms: 8 9 11
[17:12:19] Can't kekulize mol.  Unkekulized atoms: 24 25 27
[17:12:20] Can't kekulize mol.  Unkekulized atoms: 17 18 19 20 21 22 23 24 25
[17:12:22] SMILES Parse Error: syntax error while parsing: *C(=O)NH2
[17:12:22] SMILES Parse Error: check for mistakes around position 8:
[17:12:22] *C(=O)NH2
[17:12:22] ~~~~~~~^
[17:12:22] SMILES Parse Error: Failed parsing SMILES '*C(=O)NH2' for input: '*C(=O)NH2'
[17:12:23] Can't kekulize mol.  Unkekulized atoms: 15 16 17 18 19 20 21 22 23
[17:12:24] SMILES Parse Error: syntax error while parsing: *C(=O)NHOH
[17:12:24] SMILES Parse Error: check for mistakes around position 8:
[17:12:24] *C(=O)NHOH
[17:12:24] ~~~~~~~^
[17:12:24] SMILES Parse Error: Failed parsing SMILES '*C(=O)NHOH' for input: '*C(=O)NHOH'
[17:12:25] Can't kekulize mol.  Unkekulized atoms: 18 19 20 21 22
[17:12:26] SMILES Parse Error: syntax error while parsing: *C(=O)NHOH
[17:12:26] SMILES Parse Error: check for mistakes around position 8:
[17:12:26] *C(=O)NHOH
[17:12:26] ~~~~~~~^
[17:12:26] SMILES Parse Error: Failed parsing SMILES '*C(=O)NHOH' for input: '*C(=O)NHOH'
[17:12:26] Can't kekulize mol.  Unkekulized atoms: 19 20 22
[17:12:28] Can't kekulize mol.  Unkekulized atoms: 4 5 6 7 8 9 10 11 12
[17:12:28] Can't kekulize mol.  Unkekulized atoms: 9 10 12
[17:12:31] Can't kekulize mol.  Unkekulized atoms: 19 20 21 22 23 24 25 26 27
[17:12:31] Can't kekulize mol.  Unkekulized atoms: 14 15 17
[17:12:33] Can't kekulize mol.  Unkekulized atoms: 15 16 18
[17:12:33] Can't kekulize mol.  Unkekulized atoms: 31 32 34
[17:12:35] Can't kekulize mol.  Unkekulized atoms: 11 12 14
[17:12:35] SMILES Parse Error: syntax error while parsing: *C(=O)NHOH
[17:12:35] SMILES Parse Error: check for mistakes around position 8:
[17:12:35] *C(=O)NHOH
[17:12:35] ~~~~~~~^
[17:12:35] SMILES Parse Error: Failed parsing SMILES '*C(=O)NHOH' for input: '*C(=O)NHOH'
[17:12:36] Can't kekulize mol.  Unkekulized atoms: 33 34 36
[17:12:37] Can't kekulize mol.  Unkekulized atoms: 9 10 11 12 13
[17:12:38] Can't kekulize mol.  Unkekulized atoms: 20 21 23
[17:12:39] Can't kekulize mol.  Unkekulized atoms: 11 12 13 14 15 16 17 18 19
[17:12:39] Can't kekulize mol.  Unkekulized atoms: 32 33 35
[17:12:40] Can't kekulize mol.  Unkekulized atoms: 10 11 12 13 14
[17:12:41] Can't kekulize mol.  Unkekulized atoms: 35 36 37 38 39 40 42
[17:12:42] Can't kekulize mol.  Unkekulized atoms: 10 11 13
[17:12:44] Can't kekulize mol.  Unkekulized atoms: 37 38 40
[17:12:44] Can't kekulize mol.  Unkekulized atoms: 24 25 27
[17:12:44] Can't kekulize mol.  Unkekulized atoms: 24 25 27
[17:12:45] Can't kekulize mol.  Unkekulized atoms: 17 18 19 20 21 22 23 24 25
[17:12:45] Can't kekulize mol.  Unkekulized atoms: 17 18 19 20 21 22 23 24 25
[17:12:45] Can't kekulize mol.  Unkekulized atoms: 30 31 33
[17:12:46] Can't kekulize mol.  Unkekulized atoms: 14 15 17
[17:12:46] Can't kekulize mol.  Unkekulized atoms: 14 15 16 17 18 19 20 21 22
[17:12:47] Can't kekulize mol.  Unkekulized atoms: 11 12 13 14 15
[17:12:47] Can't kekulize mol.  Unkekulized atoms: 24 25 27
[17:12:47] SMILES Parse Error: syntax error while parsing: *C(=O)NH2
[17:12:47] SMILES Parse Error: check for mistakes around position 8:
[17:12:47] *C(=O)NH2
[17:12:47] ~~~~~~~^
[17:12:47] SMILES Parse Error: Failed parsing SMILES '*C(=O)NH2' for input: '*C(=O)NH2'
[17:12:48] SMILES Parse Error: syntax error while parsing: *C(=O)NHOH
[17:12:48] SMILES Parse Error: check for mistakes around position 8:
[17:12:48] *C(=O)NHOH
[17:12:48] ~~~~~~~^
[17:12:48] SMILES Parse Error: Failed parsing SMILES '*C(=O)NHOH' for input: '*C(=O)NHOH'
[17:12:49] Can't kekulize mol.  Unkekulized atoms: 10 11 12 13 14 15 16 17 18
[17:12:51] Can't kekulize mol.  Unkekulized atoms: 15 16 17 18 19
[17:12:51] Can't kekulize mol.  Unkekulized atoms: 15 16 18
[17:12:54] Can't kekulize mol.  Unkekulized atoms: 23 24 26
[17:12:55] Can't kekulize mol.  Unkekulized atoms: 11 12 14
[17:12:56] SMILES Parse Error: syntax error while parsing: *C(=O)NH2
[17:12:56] SMILES Parse Error: check for mistakes around position 8:
[17:12:56] *C(=O)NH2
[17:12:56] ~~~~~~~^
[17:12:56] SMILES Parse Error: Failed parsing SMILES '*C(=O)NH2' for input: '*C(=O)NH2'
[17:12:57] Can't kekulize mol.  Unkekulized atoms: 20 21 22 23 24 25 27
[17:12:58] Can't kekulize mol.  Unkekulized atoms: 17 18 20
[17:13:01] Can't kekulize mol.  Unkekulized atoms: 24 25 26 27 28 29 30 31 32
[17:13:02] Can't kekulize mol.  Unkekulized atoms: 9 10 11 12 13
[17:13:03] Can't kekulize mol.  Unkekulized atoms: 22 23 24 25 26 27 28 29 30
[17:13:03] Can't kekulize mol.  Unkekulized atoms: 20 21 22 23 24 25 26 27 28
[17:13:07] Can't kekulize mol.  Unkekulized atoms: 8 9 11
[17:13:07] SMILES Parse Error: syntax error while parsing: *C(=O)NHOH
[17:13:07] SMILES Parse Error: check for mistakes around position 8:
[17:13:07] *C(=O)NHOH
[17:13:07] ~~~~~~~^
[17:13:07] SMILES Parse Error: Failed parsing SMILES '*C(=O)NHOH' for input: '*C(=O)NHOH'
[17:13:08] Can't kekulize mol.  Unkekulized atoms: 14 15 16 17 18 19 20 21 22
[17:13:11] SMILES Parse Error: syntax error while parsing: *C(=O)NH2
[17:13:11] SMILES Parse Error: check for mistakes around position 8:
[17:13:11] *C(=O)NH2
[17:13:11] ~~~~~~~^
[17:13:11] SMILES Parse Error: Failed parsing SMILES '*C(=O)NH2' for input: '*C(=O)NH2'
[17:13:12] Can't kekulize mol.  Unkekulized atoms: 18 19 21
[17:13:13] SMILES Parse Error: syntax error while parsing: *C(=O)NHOH
[17:13:13] SMILES Parse Error: check for mistakes around position 8:
[17:13:13] *C(=O)NHOH
[17:13:13] ~~~~~~~^
[17:13:13] SMILES Parse Error: Failed parsing SMILES '*C(=O)NHOH' for input: '*C(=O)NHOH'
[17:13:14] Can't kekulize mol.  Unkekulized atoms: 40 41 42 43 44 45 47
[17:13:14] SMILES Parse Error: syntax error while parsing: *C(=O)NHOH
[17:13:14] SMILES Parse Error: check for mistakes around position 8:
[17:13:14] *C(=O)NHOH
[17:13:14] ~~~~~~~^
[17:13:14] SMILES Parse Error: Failed parsing SMILES '*C(=O)NHOH' for input: '*C(=O)NHOH'
[17:13:15] Can't kekulize mol.  Unkekulized atoms: 28 29 30 31 32
[17:13:15] Can't kekulize mol.  Unkekulized atoms: 16 17 19
[17:13:17] Can't kekulize mol.  Unkekulized atoms: 17 18 20
[17:13:17] SMILES Parse Error: syntax error while parsing: *C(=O)NH2
[17:13:17] SMILES Parse Error: check for mistakes around position 8:
[17:13:17] *C(=O)NH2
[17:13:17] ~~~~~~~^
[17:13:17] SMILES Parse Error: Failed parsing SMILES '*C(=O)NH2' for input: '*C(=O)NH2'
[17:13:18] Can't kekulize mol.  Unkekulized atoms: 11 12 14
[17:13:19] SMILES Parse Error: syntax error while parsing: *C(=O)NH2
[17:13:19] SMILES Parse Error: check for mistakes around position 8:
[17:13:19] *C(=O)NH2
[17:13:19] ~~~~~~~^
[17:13:19] SMILES Parse Error: Failed parsing SMILES '*C(=O)NH2' for input: '*C(=O)NH2'
[17:13:19] Can't kekulize mol.  Unkekulized atoms: 16 17 18 19 20
[17:13:19] Can't kekulize mol.  Unkekulized atoms: 22 23 24 25 26
[17:13:21] Can't kekulize mol.  Unkekulized atoms: 17 18 20
[17:13:22] Can't kekulize mol.  Unkekulized atoms: 21 22 23 24 25 26 27 28 29
[17:13:24] SMILES Parse Error: syntax error while parsing: *C(=O)NH2
[17:13:24] SMILES Parse Error: check for mistakes around position 8:
[17:13:24] *C(=O)NH2
[17:13:24] ~~~~~~~^
[17:13:24] SMILES Parse Error: Failed parsing SMILES '*C(=O)NH2' for input: '*C(=O)NH2'
[17:13:24] Can't kekulize mol.  Unkekulized atoms: 25 26 28
[17:13:30] Can't kekulize mol.  Unkekulized atoms: 21 22 23 24 25 26 27 28 29
[17:13:31] SMILES Parse Error: syntax error while parsing: *C(=O)NHOH
[17:13:31] SMILES Parse Error: check for mistakes around position 8:
[17:13:31] *C(=O)NHOH
[17:13:31] ~~~~~~~^
[17:13:31] SMILES Parse Error: Failed parsing SMILES '*C(=O)NHOH' for input: '*C(=O)NHOH'
[17:13:32] Can't kekulize mol.  Unkekulized atoms: 11 12 14
[17:13:32] Can't kekulize mol.  Unkekulized atoms: 22 23 25
[17:13:34] SMILES Parse Error: syntax error while parsing: *C(=O)NH2
[17:13:34] SMILES Parse Error: check for mistakes around position 8:
[17:13:34] *C(=O)NH2
[17:13:34] ~~~~~~~^
[17:13:34] SMILES Parse Error: Failed parsing SMILES '*C(=O)NH2' for input: '*C(=O)NH2'
[17:13:34] Can't kekulize mol.  Unkekulized atoms: 21 22 24
[17:13:36] Can't kekulize mol.  Unkekulized atoms: 17 18 19 20 21
[17:13:36] Can't kekulize mol.  Unkekulized atoms: 17 18 20
[17:13:36] Can't kekulize mol.  Unkekulized atoms: 18 19 21
[17:13:40] Can't kekulize mol.  Unkekulized atoms: 13 14 16
[17:13:44] Can't kekulize mol.  Unkekulized atoms: 7 8 10
[17:13:44] Can't kekulize mol.  Unkekulized atoms: 7 8 10
[17:13:44] Can't kekulize mol.  Unkekulized atoms: 22 23 25
[17:13:45] Can't kekulize mol.  Unkekulized atoms: 10 11 13
[17:13:46] SMILES Parse Error: syntax error while parsing: *C(=O)NHOH
[17:13:46] SMILES Parse Error: check for mistakes around position 8:
[17:13:46] *C(=O)NHOH
[17:13:46] ~~~~~~~^
[17:13:46] SMILES Parse Error: Failed parsing SMILES '*C(=O)NHOH' for input: '*C(=O)NHOH'
[17:13:46] Can't kekulize mol.  Unkekulized atoms: 23 24 26
[17:13:46] Can't kekulize mol.  Unkekulized atoms: 16 17 19
[17:13:47] SMILES Parse Error: syntax error while parsing: *C(=O)NHOH
[17:13:47] SMILES Parse Error: check for mistakes around position 8:
[17:13:47] *C(=O)NHOH
[17:13:47] ~~~~~~~^
[17:13:47] SMILES Parse Error: Failed parsing SMILES '*C(=O)NHOH' for input: '*C(=O)NHOH'
[17:13:53] Can't kekulize mol.  Unkekulized atoms: 31 32 34
[17:13:54] Can't kekulize mol.  Unkekulized atoms: 23 24 26
[17:13:56] SMILES Parse Error: syntax error while parsing: *C(=O)NH2
[17:13:56] SMILES Parse Error: check for mistakes around position 8:
[17:13:56] *C(=O)NH2
[17:13:56] ~~~~~~~^
[17:13:56] SMILES Parse Error: Failed parsing SMILES '*C(=O)NH2' for input: '*C(=O)NH2'
[17:13:56] SMILES Parse Error: syntax error while parsing: *C(=O)NHOH
[17:13:56] SMILES Parse Error: check for mistakes around position 8:
[17:13:56] *C(=O)NHOH
[17:13:56] ~~~~~~~^
[17:13:56] SMILES Parse Error: Failed parsing SMILES '*C(=O)NHOH' for input: '*C(=O)NHOH'
[17:13:57] Can't kekulize mol.  Unkekulized atoms: 23 24 25 26 27
[17:13:57] Can't kekulize mol.  Unkekulized atoms: 28 29 30 31 32 33 34 35 36
[17:13:58] Can't kekulize mol.  Unkekulized atoms: 24 25 27
[17:13:58] Can't kekulize mol.  Unkekulized atoms: 24 25 26 27 28
[17:14:01] Can't kekulize mol.  Unkekulized atoms: 22 23 25
[17:14:01] Can't kekulize mol.  Unkekulized atoms: 30 31 33
[17:14:05] Can't kekulize mol.  Unkekulized atoms: 16 17 18 19 20
[17:14:06] SMILES Parse Error: syntax error while parsing: *C(=O)NH2
[17:14:06] SMILES Parse Error: check for mistakes around position 8:
[17:14:06] *C(=O)NH2
[17:14:06] ~~~~~~~^
[17:14:06] SMILES Parse Error: Failed parsing SMILES '*C(=O)NH2' for input: '*C(=O)NH2'
[17:14:08] Can't kekulize mol.  Unkekulized atoms: 22 23 25
[17:14:08] Can't kekulize mol.  Unkekulized atoms: 30 31 32 33 34 35 36 37 38
[17:14:08] Can't kekulize mol.  Unkekulized atoms: 26 27 29
[17:14:08] Can't kekulize mol.  Unkekulized atoms: 25 26 27 28 29 30 31 32 33
[17:14:09] Can't kekulize mol.  Unkekulized atoms: 31 32 33 34 35 36 38
[17:14:10] SMILES Parse Error: syntax error while parsing: *C(=O)NH2
[17:14:10] SMILES Parse Error: check for mistakes around position 8:
[17:14:10] *C(=O)NH2
[17:14:10] ~~~~~~~^
[17:14:10] SMILES Parse Error: Failed parsing SMILES '*C(=O)NH2' for input: '*C(=O)NH2'
[17:14:11] Can't kekulize mol.  Unkekulized atoms: 17 18 19 20 21 22 24
[17:14:14] Can't kekulize mol.  Unkekulized atoms: 13 14 16
[17:14:15] Can't kekulize mol.  Unkekulized atoms: 15 16 17 18 19 20 22
[17:14:17] Can't kekulize mol.  Unkekulized atoms: 12 13 15
[17:14:18] SMILES Parse Error: syntax error while parsing: *C(=O)NHOH
[17:14:18] SMILES Parse Error: check for mistakes around position 8:
[17:14:18] *C(=O)NHOH
[17:14:18] ~~~~~~~^
[17:14:18] SMILES Parse Error: Failed parsing SMILES '*C(=O)NHOH' for input: '*C(=O)NHOH'
[17:14:27] SMILES Parse Error: syntax error while parsing: *C(=O)NH2
[17:14:27] SMILES Parse Error: check for mistakes around position 8:
[17:14:27] *C(=O)NH2
[17:14:27] ~~~~~~~^
[17:14:27] SMILES Parse Error: Failed parsing SMILES '*C(=O)NH2' for input: '*C(=O)NH2'
[17:14:28] Can't kekulize mol.  Unkekulized atoms: 18 19 20 21 22 23 25
[17:14:30] Can't kekulize mol.  Unkekulized atoms: 23 24 26
[17:14:32] SMILES Parse Error: syntax error while parsing: *C(=O)NHOH
[17:14:32] SMILES Parse Error: check for mistakes around position 8:
[17:14:32] *C(=O)NHOH
[17:14:32] ~~~~~~~^
[17:14:32] SMILES Parse Error: Failed parsing SMILES '*C(=O)NHOH' for input: '*C(=O)NHOH'
[17:14:37] Can't kekulize mol.  Unkekulized atoms: 13 14 16
[17:14:37] Can't kekulize mol.  Unkekulized atoms: 13 14 16
[17:14:39] Can't kekulize mol.  Unkekulized atoms: 17 18 20
[17:14:41] Can't kekulize mol.  Unkekulized atoms: 17 18 20
[17:14:42] Can't kekulize mol.  Unkekulized atoms: 11 12 13 14 15 16 17 18 19
[17:14:43] Can't kekulize mol.  Unkekulized atoms: 15 16 18
[17:14:43] Can't kekulize mol.  Unkekulized atoms: 11 12 14
[17:14:44] Can't kekulize mol.  Unkekulized atoms: 28 29 31
[17:14:47] Can't kekulize mol.  Unkekulized atoms: 14 15 16 17 18 19 20 21 22
[17:14:49] Can't kekulize mol.  Unkekulized atoms: 18 19 21
[17:14:55] Can't kekulize mol.  Unkekulized atoms: 18 19 20 21 22
[17:14:57] Can't kekulize mol.  Unkekulized atoms: 13 14 15 16 17
[17:14:59] Can't kekulize mol.  Unkekulized atoms: 19 20 22
[17:15:01] Can't kekulize mol.  Unkekulized atoms: 18 19 20 21 22 23 24 25 26
[17:15:02] SMILES Parse Error: syntax error while parsing: *C(=O)NH2
[17:15:02] SMILES Parse Error: check for mistakes around position 8:
[17:15:02] *C(=O)NH2
[17:15:02] ~~~~~~~^
[17:15:02] SMILES Parse Error: Failed parsing SMILES '*C(=O)NH2' for input: '*C(=O)NH2'
[17:15:02] Can't kekulize mol.  Unkekulized atoms: 24 25 27
[17:15:03] SMILES Parse Error: syntax error while parsing: *C(=O)NHOH
[17:15:03] SMILES Parse Error: check for mistakes around position 8:
[17:15:03] *C(=O)NHOH
[17:15:03] ~~~~~~~^
[17:15:03] SMILES Parse Error: Failed parsing SMILES '*C(=O)NHOH' for input: '*C(=O)NHOH'
[17:15:08] Can't kekulize mol.  Unkekulized atoms: 19 20 21 22 23
[17:15:10] Can't kekulize mol.  Unkekulized atoms: 21 22 24
[17:15:11] Can't kekulize mol.  Unkekulized atoms: 22 23 25
[17:15:11] Can't kekulize mol.  Unkekulized atoms: 22 23 25
[17:15:12] Can't kekulize mol.  Unkekulized atoms: 19 20 21 22 23 24 26
[17:15:13] Can't kekulize mol.  Unkekulized atoms: 23 24 26
[17:15:14] Can't kekulize mol.  Unkekulized atoms: 18 19 20 21 22
[17:15:14] Can't kekulize mol.  Unkekulized atoms: 12 13 14 15 16 17 19
[17:15:14] Can't kekulize mol.  Unkekulized atoms: 12 13 15
═══ P4 MCTS+RL — seed=14 ═══
  Initial SMILES:  C
  Max steps:       8
  Iterations:      1000
  Fragment set:    all (108 fragments)
  Policy:          ScafVAE
  PUCT c:          1.414
  Host:            penavoraserver
\n═══ Results ═══
  Best state:      Cc1cccc(C(C)(O)Cc2ccc(O)cc2C)c1
  Best reward:     0.626934
  Output CSV:      /home/nanaengo/Malaria_codesV2/Project4_Advanced_Monte_CarloV2607/results/mcts/p4_mcts_seed_14.csv
