[17:12:13] Can't kekulize mol.  Unkekulized atoms: 0 1 2 3 4
[17:12:15] SMILES Parse Error: syntax error while parsing: *C(=O)NH2
[17:12:15] SMILES Parse Error: check for mistakes around position 8:
[17:12:15] *C(=O)NH2
[17:12:15] ~~~~~~~^
[17:12:15] SMILES Parse Error: Failed parsing SMILES '*C(=O)NH2' for input: '*C(=O)NH2'
[17:12:15] Can't kekulize mol.  Unkekulized atoms: 25 26 27 28 29 30 31 32 33
[17:12:16] Can't kekulize mol.  Unkekulized atoms: 9 10 12
[17:12:16] Can't kekulize mol.  Unkekulized atoms: 10 11 13
[17:12:18] Can't kekulize mol.  Unkekulized atoms: 14 15 16 17 18 19 20 21 22
[17:12:18] Can't kekulize mol.  Unkekulized atoms: 14 15 16 17 18
[17:12:19] Can't kekulize mol.  Unkekulized atoms: 6 7 8 9 10 11 13
[17:12:19] Can't kekulize mol.  Unkekulized atoms: 19 20 22
[17:12:20] Can't kekulize mol.  Unkekulized atoms: 8 9 10 11 12 13 14 15 16
[17:12:20] Can't kekulize mol.  Unkekulized atoms: 9 10 12
[17:12:22] Can't kekulize mol.  Unkekulized atoms: 18 19 21
[17:12:22] Can't kekulize mol.  Unkekulized atoms: 18 19 21
[17:12:23] Can't kekulize mol.  Unkekulized atoms: 13 14 15 16 17 18 19 20 21
[17:12:28] Can't kekulize mol.  Unkekulized atoms: 35 36 38
[17:12:29] Can't kekulize mol.  Unkekulized atoms: 37 38 40
[17:12:32] Can't kekulize mol.  Unkekulized atoms: 3 4 5 6 7 8 10
[17:12:32] Can't kekulize mol.  Unkekulized atoms: 14 15 17
[17:12:34] Can't kekulize mol.  Unkekulized atoms: 4 5 6 7 8
[17:12:37] SMILES Parse Error: syntax error while parsing: *C(=O)NH2
[17:12:37] SMILES Parse Error: check for mistakes around position 8:
[17:12:37] *C(=O)NH2
[17:12:37] ~~~~~~~^
[17:12:37] SMILES Parse Error: Failed parsing SMILES '*C(=O)NH2' for input: '*C(=O)NH2'
[17:12:37] Can't kekulize mol.  Unkekulized atoms: 16 17 19
[17:12:38] SMILES Parse Error: syntax error while parsing: *C(=O)NH2
[17:12:38] SMILES Parse Error: check for mistakes around position 8:
[17:12:38] *C(=O)NH2
[17:12:38] ~~~~~~~^
[17:12:38] SMILES Parse Error: Failed parsing SMILES '*C(=O)NH2' for input: '*C(=O)NH2'
[17:12:40] Can't kekulize mol.  Unkekulized atoms: 16 17 19
[17:12:40] Can't kekulize mol.  Unkekulized atoms: 19 20 22
[17:12:40] Can't kekulize mol.  Unkekulized atoms: 19 20 21 22 23 24 26
[17:12:44] SMILES Parse Error: syntax error while parsing: *C(=O)NHOH
[17:12:44] SMILES Parse Error: check for mistakes around position 8:
[17:12:44] *C(=O)NHOH
[17:12:44] ~~~~~~~^
[17:12:44] SMILES Parse Error: Failed parsing SMILES '*C(=O)NHOH' for input: '*C(=O)NHOH'
[17:12:45] Can't kekulize mol.  Unkekulized atoms: 17 18 19 20 21 22 24
[17:12:46] Can't kekulize mol.  Unkekulized atoms: 25 26 28
[17:12:46] Can't kekulize mol.  Unkekulized atoms: 15 16 17 18 19 20 21 22 23
[17:12:47] Can't kekulize mol.  Unkekulized atoms: 18 19 20 21 22
[17:12:48] SMILES Parse Error: syntax error while parsing: *C(=O)NHOH
[17:12:48] SMILES Parse Error: check for mistakes around position 8:
[17:12:48] *C(=O)NHOH
[17:12:48] ~~~~~~~^
[17:12:48] SMILES Parse Error: Failed parsing SMILES '*C(=O)NHOH' for input: '*C(=O)NHOH'
[17:12:51] SMILES Parse Error: syntax error while parsing: *C(=O)NHOH
[17:12:51] SMILES Parse Error: check for mistakes around position 8:
[17:12:51] *C(=O)NHOH
[17:12:51] ~~~~~~~^
[17:12:51] SMILES Parse Error: Failed parsing SMILES '*C(=O)NHOH' for input: '*C(=O)NHOH'
[17:12:52] Can't kekulize mol.  Unkekulized atoms: 20 21 22 23 24
[17:12:52] Can't kekulize mol.  Unkekulized atoms: 20 21 22 23 24
[17:12:55] Can't kekulize mol.  Unkekulized atoms: 36 37 39
[17:12:55] Can't kekulize mol.  Unkekulized atoms: 14 15 17
[17:12:57] Can't kekulize mol.  Unkekulized atoms: 9 10 12
[17:12:58] Can't kekulize mol.  Unkekulized atoms: 11 12 14
[17:12:58] SMILES Parse Error: syntax error while parsing: *C(=O)NH2
[17:12:58] SMILES Parse Error: check for mistakes around position 8:
[17:12:58] *C(=O)NH2
[17:12:58] ~~~~~~~^
[17:12:58] SMILES Parse Error: Failed parsing SMILES '*C(=O)NH2' for input: '*C(=O)NH2'
[17:13:00] Can't kekulize mol.  Unkekulized atoms: 5 6 7 8 9
[17:13:01] Can't kekulize mol.  Unkekulized atoms: 5 6 7 8 9
[17:13:01] Can't kekulize mol.  Unkekulized atoms: 11 12 13 14 15
[17:13:01] Can't kekulize mol.  Unkekulized atoms: 15 16 18
[17:13:01] Can't kekulize mol.  Unkekulized atoms: 8 9 10 11 12 13 14 15 16
[17:13:02] Can't kekulize mol.  Unkekulized atoms: 18 19 20 21 22 23 24 25 26
[17:13:02] Can't kekulize mol.  Unkekulized atoms: 9 10 12
[17:13:02] Can't kekulize mol.  Unkekulized atoms: 11 12 14
[17:13:02] SMILES Parse Error: syntax error while parsing: *C(=O)NH2
[17:13:02] SMILES Parse Error: check for mistakes around position 8:
[17:13:02] *C(=O)NH2
[17:13:02] ~~~~~~~^
[17:13:02] SMILES Parse Error: Failed parsing SMILES '*C(=O)NH2' for input: '*C(=O)NH2'
[17:13:06] Can't kekulize mol.  Unkekulized atoms: 11 12 13 14 15
[17:13:06] SMILES Parse Error: syntax error while parsing: *C(=O)NHOH
[17:13:06] SMILES Parse Error: check for mistakes around position 8:
[17:13:06] *C(=O)NHOH
[17:13:06] ~~~~~~~^
[17:13:06] SMILES Parse Error: Failed parsing SMILES '*C(=O)NHOH' for input: '*C(=O)NHOH'
[17:13:07] SMILES Parse Error: syntax error while parsing: *C(=O)NHOH
[17:13:07] SMILES Parse Error: check for mistakes around position 8:
[17:13:07] *C(=O)NHOH
[17:13:07] ~~~~~~~^
[17:13:07] SMILES Parse Error: Failed parsing SMILES '*C(=O)NHOH' for input: '*C(=O)NHOH'
[17:13:11] Can't kekulize mol.  Unkekulized atoms: 17 18 19 20 21
[17:13:12] Can't kekulize mol.  Unkekulized atoms: 12 13 15
[17:13:16] Can't kekulize mol.  Unkekulized atoms: 24 25 27
[17:13:18] Can't kekulize mol.  Unkekulized atoms: 26 27 29
[17:13:21] Can't kekulize mol.  Unkekulized atoms: 23 24 26
[17:13:25] Can't kekulize mol.  Unkekulized atoms: 15 16 18
[17:13:29] Can't kekulize mol.  Unkekulized atoms: 18 19 20 21 22
[17:13:32] Can't kekulize mol.  Unkekulized atoms: 17 18 20
[17:13:36] Can't kekulize mol.  Unkekulized atoms: 19 20 22
[17:13:41] Can't kekulize mol.  Unkekulized atoms: 21 22 23 24 25 26 28
[17:13:41] Can't kekulize mol.  Unkekulized atoms: 10 11 12 13 14 15 17
[17:13:42] Can't kekulize mol.  Unkekulized atoms: 31 32 33 34 35 36 37 38 39
[17:13:42] Can't kekulize mol.  Unkekulized atoms: 26 27 29
[17:13:43] Can't kekulize mol.  Unkekulized atoms: 27 28 30
[17:13:44] Can't kekulize mol.  Unkekulized atoms: 22 23 25
[17:13:44] Can't kekulize mol.  Unkekulized atoms: 22 23 25
[17:13:45] Can't kekulize mol.  Unkekulized atoms: 17 18 19 20 21 22 24
[17:13:45] SMILES Parse Error: syntax error while parsing: *C(=O)NHOH
[17:13:45] SMILES Parse Error: check for mistakes around position 8:
[17:13:45] *C(=O)NHOH
[17:13:45] ~~~~~~~^
[17:13:45] SMILES Parse Error: Failed parsing SMILES '*C(=O)NHOH' for input: '*C(=O)NHOH'
[17:13:45] Can't kekulize mol.  Unkekulized atoms: 12 13 15
[17:13:46] Can't kekulize mol.  Unkekulized atoms: 24 25 26 27 28
[17:13:47] Can't kekulize mol.  Unkekulized atoms: 23 24 25 26 27
[17:13:52] Can't kekulize mol.  Unkekulized atoms: 15 16 18
[17:13:59] Can't kekulize mol.  Unkekulized atoms: 14 15 17
[17:14:01] Can't kekulize mol.  Unkekulized atoms: 14 15 16 17 18 19 20 21 22
[17:14:02] Can't kekulize mol.  Unkekulized atoms: 23 24 26
[17:14:03] Can't kekulize mol.  Unkekulized atoms: 14 15 16 17 18 19 21
[17:14:03] Can't kekulize mol.  Unkekulized atoms: 27 28 29 30 31 32 34
[17:14:03] Can't kekulize mol.  Unkekulized atoms: 13 14 16
[17:14:04] Can't kekulize mol.  Unkekulized atoms: 29 30 31 32 33 34 35 36 37
[17:14:07] SMILES Parse Error: syntax error while parsing: *C(=O)NHOH
[17:14:07] SMILES Parse Error: check for mistakes around position 8:
[17:14:07] *C(=O)NHOH
[17:14:07] ~~~~~~~^
[17:14:07] SMILES Parse Error: Failed parsing SMILES '*C(=O)NHOH' for input: '*C(=O)NHOH'
[17:14:08] Can't kekulize mol.  Unkekulized atoms: 13 14 16
[17:14:09] Can't kekulize mol.  Unkekulized atoms: 25 26 27 28 29
[17:14:16] Can't kekulize mol.  Unkekulized atoms: 21 22 24
[17:14:19] Can't kekulize mol.  Unkekulized atoms: 36 37 39
[17:14:22] Can't kekulize mol.  Unkekulized atoms: 22 23 24 25 26 27 28 29 30
[17:14:28] Can't kekulize mol.  Unkekulized atoms: 18 19 21
[17:14:33] Can't kekulize mol.  Unkekulized atoms: 16 17 19
[17:14:34] Can't kekulize mol.  Unkekulized atoms: 22 23 25
[17:14:35] Can't kekulize mol.  Unkekulized atoms: 17 18 19 20 21
[17:14:39] Can't kekulize mol.  Unkekulized atoms: 18 19 21
[17:14:40] SMILES Parse Error: syntax error while parsing: *C(=O)NHOH
[17:14:40] SMILES Parse Error: check for mistakes around position 8:
[17:14:40] *C(=O)NHOH
[17:14:40] ~~~~~~~^
[17:14:40] SMILES Parse Error: Failed parsing SMILES '*C(=O)NHOH' for input: '*C(=O)NHOH'
[17:14:40] Can't kekulize mol.  Unkekulized atoms: 31 32 33 34 35
[17:14:42] Can't kekulize mol.  Unkekulized atoms: 19 20 22
[17:14:46] Can't kekulize mol.  Unkekulized atoms: 16 17 19
[17:14:46] SMILES Parse Error: syntax error while parsing: *C(=O)NHOH
[17:14:46] SMILES Parse Error: check for mistakes around position 8:
[17:14:46] *C(=O)NHOH
[17:14:46] ~~~~~~~^
[17:14:46] SMILES Parse Error: Failed parsing SMILES '*C(=O)NHOH' for input: '*C(=O)NHOH'
[17:14:46] SMILES Parse Error: syntax error while parsing: *C(=O)NH2
[17:14:46] SMILES Parse Error: check for mistakes around position 8:
[17:14:46] *C(=O)NH2
[17:14:46] ~~~~~~~^
[17:14:46] SMILES Parse Error: Failed parsing SMILES '*C(=O)NH2' for input: '*C(=O)NH2'
[17:14:47] Can't kekulize mol.  Unkekulized atoms: 23 24 25 26 27 28 29 30 31
[17:14:54] Can't kekulize mol.  Unkekulized atoms: 28 29 31
[17:14:56] Can't kekulize mol.  Unkekulized atoms: 19 20 22
═══ P4 MCTS+RL — seed=8 ═══
  Initial SMILES:  C
  Max steps:       8
  Iterations:      1000
  Fragment set:    all (108 fragments)
  Policy:          ScafVAE
  PUCT c:          1.414
  Host:            penavoraserver
\n═══ Results ═══
  Best state:      Cc1ccc(-c2c(CC(C)O)ccc(C)c2O)cc1
  Best reward:     0.607277
  Output CSV:      /home/nanaengo/Malaria_codesV2/Project4_Advanced_Monte_CarloV2607/results/mcts/p4_mcts_seed_8.csv
