[17:12:13] Can't kekulize mol.  Unkekulized atoms: 0 1 2 3 4
[17:12:13] Can't kekulize mol.  Unkekulized atoms: 11 12 14
[17:12:13] Can't kekulize mol.  Unkekulized atoms: 19 20 22
[17:12:18] Can't kekulize mol.  Unkekulized atoms: 30 31 33
[17:12:19] Can't kekulize mol.  Unkekulized atoms: 12 13 15
[17:12:19] Can't kekulize mol.  Unkekulized atoms: 21 22 23 24 25
[17:12:19] Can't kekulize mol.  Unkekulized atoms: 30 31 33
[17:12:21] Can't kekulize mol.  Unkekulized atoms: 32 33 35
[17:12:22] Can't kekulize mol.  Unkekulized atoms: 35 36 37 38 39
[17:12:23] Can't kekulize mol.  Unkekulized atoms: 26 27 29
[17:12:25] SMILES Parse Error: syntax error while parsing: *C(=O)NH2
[17:12:25] SMILES Parse Error: check for mistakes around position 8:
[17:12:25] *C(=O)NH2
[17:12:25] ~~~~~~~^
[17:12:25] SMILES Parse Error: Failed parsing SMILES '*C(=O)NH2' for input: '*C(=O)NH2'
[17:12:30] SMILES Parse Error: syntax error while parsing: *C(=O)NH2
[17:12:30] SMILES Parse Error: check for mistakes around position 8:
[17:12:30] *C(=O)NH2
[17:12:30] ~~~~~~~^
[17:12:30] SMILES Parse Error: Failed parsing SMILES '*C(=O)NH2' for input: '*C(=O)NH2'
[17:12:30] Can't kekulize mol.  Unkekulized atoms: 14 15 16 17 18
[17:12:31] Can't kekulize mol.  Unkekulized atoms: 17 18 20
[17:12:32] Can't kekulize mol.  Unkekulized atoms: 13 14 16
[17:12:32] Can't kekulize mol.  Unkekulized atoms: 13 14 15 16 17 18 19 20 21
[17:12:35] Can't kekulize mol.  Unkekulized atoms: 14 15 17
[17:12:38] SMILES Parse Error: syntax error while parsing: *C(=O)NHOH
[17:12:38] SMILES Parse Error: check for mistakes around position 8:
[17:12:38] *C(=O)NHOH
[17:12:38] ~~~~~~~^
[17:12:38] SMILES Parse Error: Failed parsing SMILES '*C(=O)NHOH' for input: '*C(=O)NHOH'
[17:12:38] Can't kekulize mol.  Unkekulized atoms: 12 13 15
[17:12:39] Can't kekulize mol.  Unkekulized atoms: 15 16 17 18 19 20 21 22 23
[17:12:40] Can't kekulize mol.  Unkekulized atoms: 16 17 18 19 20
[17:12:41] Can't kekulize mol.  Unkekulized atoms: 24 25 26 27 28
[17:12:42] Can't kekulize mol.  Unkekulized atoms: 31 32 34
[17:12:42] Can't kekulize mol.  Unkekulized atoms: 8 9 11
[17:12:45] Can't kekulize mol.  Unkekulized atoms: 44 45 47
[17:12:48] Can't kekulize mol.  Unkekulized atoms: 22 23 25
[17:12:48] SMILES Parse Error: syntax error while parsing: *C(=O)NHOH
[17:12:48] SMILES Parse Error: check for mistakes around position 8:
[17:12:48] *C(=O)NHOH
[17:12:48] ~~~~~~~^
[17:12:48] SMILES Parse Error: Failed parsing SMILES '*C(=O)NHOH' for input: '*C(=O)NHOH'
[17:12:49] SMILES Parse Error: syntax error while parsing: *C(=O)NH2
[17:12:49] SMILES Parse Error: check for mistakes around position 8:
[17:12:49] *C(=O)NH2
[17:12:49] ~~~~~~~^
[17:12:49] SMILES Parse Error: Failed parsing SMILES '*C(=O)NH2' for input: '*C(=O)NH2'
[17:12:49] Can't kekulize mol.  Unkekulized atoms: 22 23 25
[17:12:53] SMILES Parse Error: syntax error while parsing: *C(=O)NHOH
[17:12:53] SMILES Parse Error: check for mistakes around position 8:
[17:12:53] *C(=O)NHOH
[17:12:53] ~~~~~~~^
[17:12:53] SMILES Parse Error: Failed parsing SMILES '*C(=O)NHOH' for input: '*C(=O)NHOH'
[17:12:55] Can't kekulize mol.  Unkekulized atoms: 28 29 30 31 32 33 35
[17:12:56] Can't kekulize mol.  Unkekulized atoms: 19 20 21 22 23 24 25 26 27
[17:13:00] Can't kekulize mol.  Unkekulized atoms: 14 15 16 17 18 19 20 21 22
[17:13:00] Can't kekulize mol.  Unkekulized atoms: 29 30 32
[17:13:01] SMILES Parse Error: syntax error while parsing: *C(=O)NHOH
[17:13:01] SMILES Parse Error: check for mistakes around position 8:
[17:13:01] *C(=O)NHOH
[17:13:01] ~~~~~~~^
[17:13:01] SMILES Parse Error: Failed parsing SMILES '*C(=O)NHOH' for input: '*C(=O)NHOH'
[17:13:02] Can't kekulize mol.  Unkekulized atoms: 9 10 11 12 13
[17:13:02] Can't kekulize mol.  Unkekulized atoms: 6 7 9
[17:13:04] SMILES Parse Error: syntax error while parsing: *C(=O)NHOH
[17:13:04] SMILES Parse Error: check for mistakes around position 8:
[17:13:04] *C(=O)NHOH
[17:13:04] ~~~~~~~^
[17:13:04] SMILES Parse Error: Failed parsing SMILES '*C(=O)NHOH' for input: '*C(=O)NHOH'
[17:13:05] Can't kekulize mol.  Unkekulized atoms: 15 16 17 18 19
[17:13:05] Can't kekulize mol.  Unkekulized atoms: 6 7 9
[17:13:08] SMILES Parse Error: syntax error while parsing: *C(=O)NHOH
[17:13:08] SMILES Parse Error: check for mistakes around position 8:
[17:13:08] *C(=O)NHOH
[17:13:08] ~~~~~~~^
[17:13:08] SMILES Parse Error: Failed parsing SMILES '*C(=O)NHOH' for input: '*C(=O)NHOH'
[17:13:09] Can't kekulize mol.  Unkekulized atoms: 22 23 24 25 26
[17:13:09] Can't kekulize mol.  Unkekulized atoms: 22 23 24 25 26 27 28 29 30
[17:13:10] Can't kekulize mol.  Unkekulized atoms: 7 8 10
[17:13:13] SMILES Parse Error: syntax error while parsing: *C(=O)NHOH
[17:13:13] SMILES Parse Error: check for mistakes around position 8:
[17:13:13] *C(=O)NHOH
[17:13:13] ~~~~~~~^
[17:13:13] SMILES Parse Error: Failed parsing SMILES '*C(=O)NHOH' for input: '*C(=O)NHOH'
[17:13:13] Can't kekulize mol.  Unkekulized atoms: 14 15 17
[17:13:14] Can't kekulize mol.  Unkekulized atoms: 13 14 15 16 17 18 19 20 21
[17:13:15] Can't kekulize mol.  Unkekulized atoms: 27 28 30
[17:13:17] SMILES Parse Error: syntax error while parsing: *C(=O)NHOH
[17:13:17] SMILES Parse Error: check for mistakes around position 8:
[17:13:17] *C(=O)NHOH
[17:13:17] ~~~~~~~^
[17:13:17] SMILES Parse Error: Failed parsing SMILES '*C(=O)NHOH' for input: '*C(=O)NHOH'
[17:13:17] SMILES Parse Error: syntax error while parsing: *C(=O)NH2
[17:13:17] SMILES Parse Error: check for mistakes around position 8:
[17:13:17] *C(=O)NH2
[17:13:17] ~~~~~~~^
[17:13:17] SMILES Parse Error: Failed parsing SMILES '*C(=O)NH2' for input: '*C(=O)NH2'
[17:13:19] Can't kekulize mol.  Unkekulized atoms: 8 9 11
[17:13:20] Can't kekulize mol.  Unkekulized atoms: 19 20 22
[17:13:22] Can't kekulize mol.  Unkekulized atoms: 23 24 25 26 27
[17:13:23] Can't kekulize mol.  Unkekulized atoms: 9 10 12
[17:13:23] SMILES Parse Error: syntax error while parsing: *C(=O)NH2
[17:13:23] SMILES Parse Error: check for mistakes around position 8:
[17:13:23] *C(=O)NH2
[17:13:23] ~~~~~~~^
[17:13:23] SMILES Parse Error: Failed parsing SMILES '*C(=O)NH2' for input: '*C(=O)NH2'
[17:13:24] Can't kekulize mol.  Unkekulized atoms: 12 13 14 15 16 17 19
[17:13:26] Can't kekulize mol.  Unkekulized atoms: 15 16 17 18 19 20 21 22 23
[17:13:27] Can't kekulize mol.  Unkekulized atoms: 7 8 9 10 11
[17:13:28] Can't kekulize mol.  Unkekulized atoms: 19 20 21 22 23 24 25 26 27
[17:13:28] Can't kekulize mol.  Unkekulized atoms: 18 19 20 21 22
[17:13:32] SMILES Parse Error: syntax error while parsing: *C(=O)NHOH
[17:13:32] SMILES Parse Error: check for mistakes around position 8:
[17:13:32] *C(=O)NHOH
[17:13:32] ~~~~~~~^
[17:13:32] SMILES Parse Error: Failed parsing SMILES '*C(=O)NHOH' for input: '*C(=O)NHOH'
[17:13:35] Can't kekulize mol.  Unkekulized atoms: 9 10 12
[17:13:36] Can't kekulize mol.  Unkekulized atoms: 9 10 12
[17:13:37] Can't kekulize mol.  Unkekulized atoms: 20 21 23
[17:13:37] Can't kekulize mol.  Unkekulized atoms: 14 15 17
[17:13:38] Can't kekulize mol.  Unkekulized atoms: 13 14 16
[17:13:40] Can't kekulize mol.  Unkekulized atoms: 8 9 11
[17:13:40] Can't kekulize mol.  Unkekulized atoms: 18 19 20 21 22
[17:13:41] Can't kekulize mol.  Unkekulized atoms: 12 13 15
[17:13:44] Can't kekulize mol.  Unkekulized atoms: 14 15 17
[17:13:44] Can't kekulize mol.  Unkekulized atoms: 19 20 22
[17:13:45] Can't kekulize mol.  Unkekulized atoms: 24 25 26 27 28
[17:13:46] Can't kekulize mol.  Unkekulized atoms: 18 19 21
[17:13:48] Can't kekulize mol.  Unkekulized atoms: 18 19 20 21 22
[17:13:48] Can't kekulize mol.  Unkekulized atoms: 19 20 21 22 23
[17:13:50] Can't kekulize mol.  Unkekulized atoms: 19 20 22
[17:13:50] Can't kekulize mol.  Unkekulized atoms: 24 25 26 27 28 29 30 31 32
[17:13:51] Can't kekulize mol.  Unkekulized atoms: 19 20 21 22 23 24 26
[17:13:52] Can't kekulize mol.  Unkekulized atoms: 24 25 26 27 28 29 31
[17:13:52] Can't kekulize mol.  Unkekulized atoms: 19 20 22
[17:13:54] Can't kekulize mol.  Unkekulized atoms: 12 13 14 15 16 17 18 19 20
[17:13:54] Can't kekulize mol.  Unkekulized atoms: 16 17 19
[17:13:56] Can't kekulize mol.  Unkekulized atoms: 18 19 21
[17:13:57] Can't kekulize mol.  Unkekulized atoms: 18 19 21
[17:13:58] Can't kekulize mol.  Unkekulized atoms: 13 14 16
[17:13:58] Can't kekulize mol.  Unkekulized atoms: 13 14 15 16 17 18 19 20 21
[17:14:00] Can't kekulize mol.  Unkekulized atoms: 18 19 21
[17:14:11] Can't kekulize mol.  Unkekulized atoms: 11 12 13 14 15
[17:14:12] Can't kekulize mol.  Unkekulized atoms: 8 9 10 11 12
[17:14:12] Can't kekulize mol.  Unkekulized atoms: 13 14 16
[17:14:14] Can't kekulize mol.  Unkekulized atoms: 18 19 21
[17:14:15] Can't kekulize mol.  Unkekulized atoms: 9 10 12
[17:14:17] Can't kekulize mol.  Unkekulized atoms: 19 20 21 22 23 24 26
[17:14:18] Can't kekulize mol.  Unkekulized atoms: 14 15 16 17 18 19 21
[17:14:20] SMILES Parse Error: syntax error while parsing: *C(=O)NH2
[17:14:20] SMILES Parse Error: check for mistakes around position 8:
[17:14:20] *C(=O)NH2
[17:14:20] ~~~~~~~^
[17:14:20] SMILES Parse Error: Failed parsing SMILES '*C(=O)NH2' for input: '*C(=O)NH2'
[17:14:23] SMILES Parse Error: syntax error while parsing: *C(=O)NHOH
[17:14:23] SMILES Parse Error: check for mistakes around position 8:
[17:14:23] *C(=O)NHOH
[17:14:23] ~~~~~~~^
[17:14:23] SMILES Parse Error: Failed parsing SMILES '*C(=O)NHOH' for input: '*C(=O)NHOH'
[17:14:25] Can't kekulize mol.  Unkekulized atoms: 15 16 18
[17:14:26] Can't kekulize mol.  Unkekulized atoms: 18 19 20 21 22 23 24 25 26
[17:14:27] SMILES Parse Error: syntax error while parsing: *C(=O)NHOH
[17:14:27] SMILES Parse Error: check for mistakes around position 8:
[17:14:27] *C(=O)NHOH
[17:14:27] ~~~~~~~^
[17:14:27] SMILES Parse Error: Failed parsing SMILES '*C(=O)NHOH' for input: '*C(=O)NHOH'
[17:14:27] Can't kekulize mol.  Unkekulized atoms: 13 14 16
[17:14:38] Can't kekulize mol.  Unkekulized atoms: 15 16 18
[17:14:38] Can't kekulize mol.  Unkekulized atoms: 14 15 17
[17:14:40] Can't kekulize mol.  Unkekulized atoms: 18 19 21
[17:14:40] Can't kekulize mol.  Unkekulized atoms: 12 13 15
[17:14:46] Can't kekulize mol.  Unkekulized atoms: 15 16 18
[17:14:48] Can't kekulize mol.  Unkekulized atoms: 10 11 12 13 14 15 17
[17:14:49] Can't kekulize mol.  Unkekulized atoms: 19 20 22
[17:14:50] Can't kekulize mol.  Unkekulized atoms: 18 19 21
[17:14:50] Can't kekulize mol.  Unkekulized atoms: 19 20 21 22 23 24 25 26 27
[17:14:54] Can't kekulize mol.  Unkekulized atoms: 9 10 12
[17:14:54] Can't kekulize mol.  Unkekulized atoms: 9 10 12
═══ P4 MCTS+RL — seed=15 ═══
  Initial SMILES:  C
  Max steps:       8
  Iterations:      1000
  Fragment set:    all (108 fragments)
  Policy:          ScafVAE
  PUCT c:          1.414
  Host:            penavoraserver
\n═══ Results ═══
  Best state:      COC(C)(c1cccc(-c2cccc(O)c2)c1)C(C)CO
  Best reward:     0.626576
  Output CSV:      /home/nanaengo/Malaria_codesV2/Project4_Advanced_Monte_CarloV2607/results/mcts/p4_mcts_seed_15.csv
