[17:12:13] Can't kekulize mol.  Unkekulized atoms: 0 1 2 3 4
[17:12:13] SMILES Parse Error: syntax error while parsing: *C(=O)NH2
[17:12:13] SMILES Parse Error: check for mistakes around position 8:
[17:12:13] *C(=O)NH2
[17:12:13] ~~~~~~~^
[17:12:13] SMILES Parse Error: Failed parsing SMILES '*C(=O)NH2' for input: '*C(=O)NH2'
[17:12:14] Can't kekulize mol.  Unkekulized atoms: 26 27 29
[17:12:16] SMILES Parse Error: syntax error while parsing: *C(=O)NH2
[17:12:16] SMILES Parse Error: check for mistakes around position 8:
[17:12:16] *C(=O)NH2
[17:12:16] ~~~~~~~^
[17:12:16] SMILES Parse Error: Failed parsing SMILES '*C(=O)NH2' for input: '*C(=O)NH2'
[17:12:17] SMILES Parse Error: syntax error while parsing: *C(=O)NH2
[17:12:17] SMILES Parse Error: check for mistakes around position 8:
[17:12:17] *C(=O)NH2
[17:12:17] ~~~~~~~^
[17:12:17] SMILES Parse Error: Failed parsing SMILES '*C(=O)NH2' for input: '*C(=O)NH2'
[17:12:17] SMILES Parse Error: syntax error while parsing: *C(=O)NHOH
[17:12:17] SMILES Parse Error: check for mistakes around position 8:
[17:12:17] *C(=O)NHOH
[17:12:17] ~~~~~~~^
[17:12:17] SMILES Parse Error: Failed parsing SMILES '*C(=O)NHOH' for input: '*C(=O)NHOH'
[17:12:20] SMILES Parse Error: syntax error while parsing: *C(=O)NH2
[17:12:20] SMILES Parse Error: check for mistakes around position 8:
[17:12:20] *C(=O)NH2
[17:12:20] ~~~~~~~^
[17:12:20] SMILES Parse Error: Failed parsing SMILES '*C(=O)NH2' for input: '*C(=O)NH2'
[17:12:24] SMILES Parse Error: syntax error while parsing: *C(=O)NHOH
[17:12:24] SMILES Parse Error: check for mistakes around position 8:
[17:12:24] *C(=O)NHOH
[17:12:24] ~~~~~~~^
[17:12:24] SMILES Parse Error: Failed parsing SMILES '*C(=O)NHOH' for input: '*C(=O)NHOH'
[17:12:25] Can't kekulize mol.  Unkekulized atoms: 23 24 26
[17:12:27] Can't kekulize mol.  Unkekulized atoms: 10 11 12 13 14 15 17
[17:12:27] SMILES Parse Error: syntax error while parsing: *C(=O)NHOH
[17:12:27] SMILES Parse Error: check for mistakes around position 8:
[17:12:27] *C(=O)NHOH
[17:12:27] ~~~~~~~^
[17:12:27] SMILES Parse Error: Failed parsing SMILES '*C(=O)NHOH' for input: '*C(=O)NHOH'
[17:12:28] Can't kekulize mol.  Unkekulized atoms: 27 28 29 30 31 32 34
[17:12:29] Can't kekulize mol.  Unkekulized atoms: 20 21 22 23 24 25 27
[17:12:29] Can't kekulize mol.  Unkekulized atoms: 30 31 32 33 34 35 36 37 38
[17:12:30] Can't kekulize mol.  Unkekulized atoms: 34 35 37
[17:12:31] Can't kekulize mol.  Unkekulized atoms: 27 28 29 30 31 32 33 34 35
[17:12:31] Can't kekulize mol.  Unkekulized atoms: 27 28 29 30 31 32 34
[17:12:32] Can't kekulize mol.  Unkekulized atoms: 29 30 32
[17:12:34] SMILES Parse Error: syntax error while parsing: *C(=O)NH2
[17:12:34] SMILES Parse Error: check for mistakes around position 8:
[17:12:34] *C(=O)NH2
[17:12:34] ~~~~~~~^
[17:12:34] SMILES Parse Error: Failed parsing SMILES '*C(=O)NH2' for input: '*C(=O)NH2'
[17:12:35] Can't kekulize mol.  Unkekulized atoms: 26 27 28 29 30
[17:12:35] SMILES Parse Error: syntax error while parsing: *C(=O)NH2
[17:12:35] SMILES Parse Error: check for mistakes around position 8:
[17:12:35] *C(=O)NH2
[17:12:35] ~~~~~~~^
[17:12:35] SMILES Parse Error: Failed parsing SMILES '*C(=O)NH2' for input: '*C(=O)NH2'
[17:12:38] Can't kekulize mol.  Unkekulized atoms: 31 32 33 34 35 36 37 38 39
[17:12:39] SMILES Parse Error: syntax error while parsing: *C(=O)NH2
[17:12:39] SMILES Parse Error: check for mistakes around position 8:
[17:12:39] *C(=O)NH2
[17:12:39] ~~~~~~~^
[17:12:39] SMILES Parse Error: Failed parsing SMILES '*C(=O)NH2' for input: '*C(=O)NH2'
[17:12:41] Can't kekulize mol.  Unkekulized atoms: 33 34 35 36 37
[17:12:41] Can't kekulize mol.  Unkekulized atoms: 26 27 28 29 30 31 32 33 34
[17:12:42] SMILES Parse Error: syntax error while parsing: *C(=O)NHOH
[17:12:42] SMILES Parse Error: check for mistakes around position 8:
[17:12:42] *C(=O)NHOH
[17:12:42] ~~~~~~~^
[17:12:42] SMILES Parse Error: Failed parsing SMILES '*C(=O)NHOH' for input: '*C(=O)NHOH'
[17:12:43] SMILES Parse Error: syntax error while parsing: *C(=O)NHOH
[17:12:43] SMILES Parse Error: check for mistakes around position 8:
[17:12:43] *C(=O)NHOH
[17:12:43] ~~~~~~~^
[17:12:43] SMILES Parse Error: Failed parsing SMILES '*C(=O)NHOH' for input: '*C(=O)NHOH'
[17:12:44] Can't kekulize mol.  Unkekulized atoms: 15 16 17 18 19
[17:12:45] Can't kekulize mol.  Unkekulized atoms: 21 22 23 24 25 26 28
[17:12:45] Can't kekulize mol.  Unkekulized atoms: 7 8 10
[17:12:46] Can't kekulize mol.  Unkekulized atoms: 30 31 33
[17:12:47] SMILES Parse Error: syntax error while parsing: *C(=O)NH2
[17:12:47] SMILES Parse Error: check for mistakes around position 8:
[17:12:47] *C(=O)NH2
[17:12:47] ~~~~~~~^
[17:12:47] SMILES Parse Error: Failed parsing SMILES '*C(=O)NH2' for input: '*C(=O)NH2'
[17:12:47] SMILES Parse Error: syntax error while parsing: *C(=O)NHOH
[17:12:47] SMILES Parse Error: check for mistakes around position 8:
[17:12:47] *C(=O)NHOH
[17:12:47] ~~~~~~~^
[17:12:47] SMILES Parse Error: Failed parsing SMILES '*C(=O)NHOH' for input: '*C(=O)NHOH'
[17:12:49] Can't kekulize mol.  Unkekulized atoms: 20 21 23
[17:12:51] SMILES Parse Error: syntax error while parsing: *C(=O)NH2
[17:12:51] SMILES Parse Error: check for mistakes around position 8:
[17:12:51] *C(=O)NH2
[17:12:51] ~~~~~~~^
[17:12:51] SMILES Parse Error: Failed parsing SMILES '*C(=O)NH2' for input: '*C(=O)NH2'
[17:12:52] Can't kekulize mol.  Unkekulized atoms: 23 24 25 26 27
[17:12:57] Can't kekulize mol.  Unkekulized atoms: 12 13 15
[17:13:02] SMILES Parse Error: syntax error while parsing: *C(=O)NHOH
[17:13:02] SMILES Parse Error: check for mistakes around position 8:
[17:13:02] *C(=O)NHOH
[17:13:02] ~~~~~~~^
[17:13:02] SMILES Parse Error: Failed parsing SMILES '*C(=O)NHOH' for input: '*C(=O)NHOH'
[17:13:04] Can't kekulize mol.  Unkekulized atoms: 23 24 25 26 27 28 29 30 31
[17:13:04] Can't kekulize mol.  Unkekulized atoms: 30 31 33
[17:13:05] Can't kekulize mol.  Unkekulized atoms: 17 18 19 20 21 22 23 24 25
[17:13:06] Can't kekulize mol.  Unkekulized atoms: 13 14 16
[17:13:06] Can't kekulize mol.  Unkekulized atoms: 21 22 24
[17:13:07] Can't kekulize mol.  Unkekulized atoms: 19 20 22
[17:13:07] Can't kekulize mol.  Unkekulized atoms: 13 14 16
[17:13:07] Can't kekulize mol.  Unkekulized atoms: 13 14 15 16 17
[17:13:09] Can't kekulize mol.  Unkekulized atoms: 26 27 29
[17:13:09] SMILES Parse Error: syntax error while parsing: *C(=O)NHOH
[17:13:09] SMILES Parse Error: check for mistakes around position 8:
[17:13:09] *C(=O)NHOH
[17:13:09] ~~~~~~~^
[17:13:09] SMILES Parse Error: Failed parsing SMILES '*C(=O)NHOH' for input: '*C(=O)NHOH'
[17:13:09] Can't kekulize mol.  Unkekulized atoms: 20 21 23
[17:13:11] Can't kekulize mol.  Unkekulized atoms: 18 19 20 21 22 23 25
[17:13:12] SMILES Parse Error: syntax error while parsing: *C(=O)NHOH
[17:13:12] SMILES Parse Error: check for mistakes around position 8:
[17:13:12] *C(=O)NHOH
[17:13:12] ~~~~~~~^
[17:13:12] SMILES Parse Error: Failed parsing SMILES '*C(=O)NHOH' for input: '*C(=O)NHOH'
[17:13:13] Can't kekulize mol.  Unkekulized atoms: 31 32 33 34 35
[17:13:14] Can't kekulize mol.  Unkekulized atoms: 16 17 19
[17:13:15] Can't kekulize mol.  Unkekulized atoms: 12 13 14 15 16 17 18 19 20
[17:13:15] Can't kekulize mol.  Unkekulized atoms: 12 13 15
[17:13:17] SMILES Parse Error: syntax error while parsing: *C(=O)NHOH
[17:13:17] SMILES Parse Error: check for mistakes around position 8:
[17:13:17] *C(=O)NHOH
[17:13:17] ~~~~~~~^
[17:13:17] SMILES Parse Error: Failed parsing SMILES '*C(=O)NHOH' for input: '*C(=O)NHOH'
[17:13:17] Can't kekulize mol.  Unkekulized atoms: 20 21 23
[17:13:18] Can't kekulize mol.  Unkekulized atoms: 27 28 30
[17:13:19] Can't kekulize mol.  Unkekulized atoms: 16 17 19
[17:13:19] SMILES Parse Error: syntax error while parsing: *C(=O)NH2
[17:13:19] SMILES Parse Error: check for mistakes around position 8:
[17:13:19] *C(=O)NH2
[17:13:19] ~~~~~~~^
[17:13:19] SMILES Parse Error: Failed parsing SMILES '*C(=O)NH2' for input: '*C(=O)NH2'
[17:13:20] Can't kekulize mol.  Unkekulized atoms: 22 23 24 25 26
[17:13:20] Can't kekulize mol.  Unkekulized atoms: 32 33 34 35 36
[17:13:21] Can't kekulize mol.  Unkekulized atoms: 26 27 29
[17:13:23] SMILES Parse Error: syntax error while parsing: *C(=O)NH2
[17:13:23] SMILES Parse Error: check for mistakes around position 8:
[17:13:23] *C(=O)NH2
[17:13:23] ~~~~~~~^
[17:13:23] SMILES Parse Error: Failed parsing SMILES '*C(=O)NH2' for input: '*C(=O)NH2'
[17:13:23] SMILES Parse Error: syntax error while parsing: *C(=O)NH2
[17:13:23] SMILES Parse Error: check for mistakes around position 8:
[17:13:23] *C(=O)NH2
[17:13:23] ~~~~~~~^
[17:13:23] SMILES Parse Error: Failed parsing SMILES '*C(=O)NH2' for input: '*C(=O)NH2'
[17:13:23] Can't kekulize mol.  Unkekulized atoms: 17 18 20
[17:13:23] SMILES Parse Error: syntax error while parsing: *C(=O)NH2
[17:13:23] SMILES Parse Error: check for mistakes around position 8:
[17:13:23] *C(=O)NH2
[17:13:23] ~~~~~~~^
[17:13:23] SMILES Parse Error: Failed parsing SMILES '*C(=O)NH2' for input: '*C(=O)NH2'
[17:13:29] Can't kekulize mol.  Unkekulized atoms: 28 29 31
[17:13:30] SMILES Parse Error: syntax error while parsing: *C(=O)NHOH
[17:13:30] SMILES Parse Error: check for mistakes around position 8:
[17:13:30] *C(=O)NHOH
[17:13:30] ~~~~~~~^
[17:13:30] SMILES Parse Error: Failed parsing SMILES '*C(=O)NHOH' for input: '*C(=O)NHOH'
[17:13:33] Can't kekulize mol.  Unkekulized atoms: 19 20 22
[17:13:34] SMILES Parse Error: syntax error while parsing: *C(=O)NH2
[17:13:34] SMILES Parse Error: check for mistakes around position 8:
[17:13:34] *C(=O)NH2
[17:13:34] ~~~~~~~^
[17:13:34] SMILES Parse Error: Failed parsing SMILES '*C(=O)NH2' for input: '*C(=O)NH2'
[17:13:34] Can't kekulize mol.  Unkekulized atoms: 14 15 16 17 18 19 20 21 22
[17:13:36] Can't kekulize mol.  Unkekulized atoms: 15 16 18
[17:13:37] Can't kekulize mol.  Unkekulized atoms: 18 19 21
[17:13:37] Can't kekulize mol.  Unkekulized atoms: 13 14 15 16 17 18 19 20 21
[17:13:37] Can't kekulize mol.  Unkekulized atoms: 13 14 15 16 17 18 20
[17:13:39] SMILES Parse Error: syntax error while parsing: *C(=O)NHOH
[17:13:39] SMILES Parse Error: check for mistakes around position 8:
[17:13:39] *C(=O)NHOH
[17:13:39] ~~~~~~~^
[17:13:39] SMILES Parse Error: Failed parsing SMILES '*C(=O)NHOH' for input: '*C(=O)NHOH'
[17:13:39] SMILES Parse Error: syntax error while parsing: *C(=O)NH2
[17:13:39] SMILES Parse Error: check for mistakes around position 8:
[17:13:39] *C(=O)NH2
[17:13:39] ~~~~~~~^
[17:13:39] SMILES Parse Error: Failed parsing SMILES '*C(=O)NH2' for input: '*C(=O)NH2'
[17:13:40] Can't kekulize mol.  Unkekulized atoms: 15 16 17 18 19 20 21 22 23
[17:13:44] SMILES Parse Error: syntax error while parsing: *C(=O)NH2
[17:13:44] SMILES Parse Error: check for mistakes around position 8:
[17:13:44] *C(=O)NH2
[17:13:44] ~~~~~~~^
[17:13:44] SMILES Parse Error: Failed parsing SMILES '*C(=O)NH2' for input: '*C(=O)NH2'
[17:13:44] Can't kekulize mol.  Unkekulized atoms: 18 19 21
[17:13:47] Can't kekulize mol.  Unkekulized atoms: 9 10 12
[17:13:47] Can't kekulize mol.  Unkekulized atoms: 21 22 23 24 25
[17:13:51] SMILES Parse Error: syntax error while parsing: *C(=O)NHOH
[17:13:51] SMILES Parse Error: check for mistakes around position 8:
[17:13:51] *C(=O)NHOH
[17:13:51] ~~~~~~~^
[17:13:51] SMILES Parse Error: Failed parsing SMILES '*C(=O)NHOH' for input: '*C(=O)NHOH'
[17:13:52] Can't kekulize mol.  Unkekulized atoms: 25 26 27 28 29
[17:13:53] Can't kekulize mol.  Unkekulized atoms: 15 16 17 18 19 20 22
[17:13:55] Can't kekulize mol.  Unkekulized atoms: 11 12 13 14 15
[17:13:56] Can't kekulize mol.  Unkekulized atoms: 14 15 16 17 18 19 21
[17:13:57] Can't kekulize mol.  Unkekulized atoms: 20 21 23
[17:13:57] Can't kekulize mol.  Unkekulized atoms: 20 21 22 23 24
[17:13:58] Can't kekulize mol.  Unkekulized atoms: 7 8 10
[17:14:01] Can't kekulize mol.  Unkekulized atoms: 12 13 15
[17:14:01] Can't kekulize mol.  Unkekulized atoms: 16 17 19
[17:14:03] Can't kekulize mol.  Unkekulized atoms: 32 33 34 35 36 37 38 39 40
[17:14:04] Can't kekulize mol.  Unkekulized atoms: 23 24 26
[17:14:05] Can't kekulize mol.  Unkekulized atoms: 26 27 29
[17:14:06] Can't kekulize mol.  Unkekulized atoms: 7 8 10
[17:14:07] Can't kekulize mol.  Unkekulized atoms: 21 22 23 24 25
[17:14:09] Can't kekulize mol.  Unkekulized atoms: 17 18 19 20 21
[17:14:11] Can't kekulize mol.  Unkekulized atoms: 17 18 19 20 21 22 24
[17:14:11] Can't kekulize mol.  Unkekulized atoms: 18 19 21
[17:14:12] Can't kekulize mol.  Unkekulized atoms: 13 14 15 16 17 18 20
[17:14:14] Can't kekulize mol.  Unkekulized atoms: 21 22 24
[17:14:15] Can't kekulize mol.  Unkekulized atoms: 15 16 18
[17:14:17] SMILES Parse Error: syntax error while parsing: *C(=O)NH2
[17:14:17] SMILES Parse Error: check for mistakes around position 8:
[17:14:17] *C(=O)NH2
[17:14:17] ~~~~~~~^
[17:14:17] SMILES Parse Error: Failed parsing SMILES '*C(=O)NH2' for input: '*C(=O)NH2'
[17:14:18] Can't kekulize mol.  Unkekulized atoms: 21 22 24
[17:14:18] Can't kekulize mol.  Unkekulized atoms: 17 18 20
[17:14:19] Can't kekulize mol.  Unkekulized atoms: 19 20 21 22 23
[17:14:19] Can't kekulize mol.  Unkekulized atoms: 23 24 25 26 27 28 30
[17:14:20] Can't kekulize mol.  Unkekulized atoms: 12 13 15
[17:14:21] SMILES Parse Error: syntax error while parsing: *C(=O)NH2
[17:14:21] SMILES Parse Error: check for mistakes around position 8:
[17:14:21] *C(=O)NH2
[17:14:21] ~~~~~~~^
[17:14:21] SMILES Parse Error: Failed parsing SMILES '*C(=O)NH2' for input: '*C(=O)NH2'
[17:14:23] Can't kekulize mol.  Unkekulized atoms: 17 18 19 20 21 22 23 24 25
[17:14:24] Can't kekulize mol.  Unkekulized atoms: 16 17 18 19 20
[17:14:28] Can't kekulize mol.  Unkekulized atoms: 14 15 17
[17:14:31] SMILES Parse Error: syntax error while parsing: *C(=O)NH2
[17:14:31] SMILES Parse Error: check for mistakes around position 8:
[17:14:31] *C(=O)NH2
[17:14:31] ~~~~~~~^
[17:14:31] SMILES Parse Error: Failed parsing SMILES '*C(=O)NH2' for input: '*C(=O)NH2'
[17:14:32] Can't kekulize mol.  Unkekulized atoms: 18 19 21
[17:14:32] Can't kekulize mol.  Unkekulized atoms: 24 25 27
[17:14:33] Can't kekulize mol.  Unkekulized atoms: 12 13 14 15 16
[17:14:34] Can't kekulize mol.  Unkekulized atoms: 21 22 24
[17:14:36] Can't kekulize mol.  Unkekulized atoms: 18 19 21
[17:14:36] Can't kekulize mol.  Unkekulized atoms: 13 14 16
[17:14:38] Can't kekulize mol.  Unkekulized atoms: 19 20 22
[17:14:39] Can't kekulize mol.  Unkekulized atoms: 13 14 16
[17:14:41] Can't kekulize mol.  Unkekulized atoms: 25 26 27 28 29
[17:14:41] Can't kekulize mol.  Unkekulized atoms: 13 14 16
[17:14:43] Can't kekulize mol.  Unkekulized atoms: 11 12 14
[17:14:43] SMILES Parse Error: syntax error while parsing: *C(=O)NHOH
[17:14:43] SMILES Parse Error: check for mistakes around position 8:
[17:14:43] *C(=O)NHOH
[17:14:43] ~~~~~~~^
[17:14:43] SMILES Parse Error: Failed parsing SMILES '*C(=O)NHOH' for input: '*C(=O)NHOH'
[17:14:52] SMILES Parse Error: syntax error while parsing: *C(=O)NHOH
[17:14:52] SMILES Parse Error: check for mistakes around position 8:
[17:14:52] *C(=O)NHOH
[17:14:52] ~~~~~~~^
[17:14:52] SMILES Parse Error: Failed parsing SMILES '*C(=O)NHOH' for input: '*C(=O)NHOH'
[17:14:55] SMILES Parse Error: syntax error while parsing: *C(=O)NH2
[17:14:55] SMILES Parse Error: check for mistakes around position 8:
[17:14:55] *C(=O)NH2
[17:14:55] ~~~~~~~^
[17:14:55] SMILES Parse Error: Failed parsing SMILES '*C(=O)NH2' for input: '*C(=O)NH2'
[17:14:58] SMILES Parse Error: syntax error while parsing: *C(=O)NHOH
[17:14:58] SMILES Parse Error: check for mistakes around position 8:
[17:14:58] *C(=O)NHOH
[17:14:58] ~~~~~~~^
[17:14:58] SMILES Parse Error: Failed parsing SMILES '*C(=O)NHOH' for input: '*C(=O)NHOH'
[17:14:58] Can't kekulize mol.  Unkekulized atoms: 16 17 19
[17:14:58] SMILES Parse Error: syntax error while parsing: *C(=O)NH2
[17:14:58] SMILES Parse Error: check for mistakes around position 8:
[17:14:58] *C(=O)NH2
[17:14:58] ~~~~~~~^
[17:14:58] SMILES Parse Error: Failed parsing SMILES '*C(=O)NH2' for input: '*C(=O)NH2'
[17:15:06] Can't kekulize mol.  Unkekulized atoms: 26 27 28 29 30 31 32 33 34
[17:15:07] SMILES Parse Error: syntax error while parsing: *C(=O)NHOH
[17:15:07] SMILES Parse Error: check for mistakes around position 8:
[17:15:07] *C(=O)NHOH
[17:15:07] ~~~~~~~^
[17:15:07] SMILES Parse Error: Failed parsing SMILES '*C(=O)NHOH' for input: '*C(=O)NHOH'
[17:15:07] Can't kekulize mol.  Unkekulized atoms: 18 19 21
[17:15:08] Can't kekulize mol.  Unkekulized atoms: 17 18 19 20 21 22 24
[17:15:08] Can't kekulize mol.  Unkekulized atoms: 19 20 21 22 23
[17:15:09] Can't kekulize mol.  Unkekulized atoms: 23 24 25 26 27 28 30
[17:15:12] Can't kekulize mol.  Unkekulized atoms: 24 25 27
[17:15:14] Can't kekulize mol.  Unkekulized atoms: 19 20 22
[17:15:18] Can't kekulize mol.  Unkekulized atoms: 14 15 16 17 18
[17:15:18] Can't kekulize mol.  Unkekulized atoms: 14 15 16 17 18
[17:15:21] Can't kekulize mol.  Unkekulized atoms: 18 19 21
[17:15:25] SMILES Parse Error: syntax error while parsing: *C(=O)NHOH
[17:15:25] SMILES Parse Error: check for mistakes around position 8:
[17:15:25] *C(=O)NHOH
[17:15:25] ~~~~~~~^
[17:15:25] SMILES Parse Error: Failed parsing SMILES '*C(=O)NHOH' for input: '*C(=O)NHOH'
[17:15:26] Can't kekulize mol.  Unkekulized atoms: 17 18 20
═══ P4 MCTS+RL — seed=12 ═══
  Initial SMILES:  C
  Max steps:       8
  Iterations:      1000
  Fragment set:    all (108 fragments)
  Policy:          ScafVAE
  PUCT c:          1.414
  Host:            penavoraserver
\n═══ Results ═══
  Best state:      COc1cc(CCO)cc(-c2cccc(C(F)(F)F)c2)c1
  Best reward:     0.632593
  Output CSV:      /home/nanaengo/Malaria_codesV2/Project4_Advanced_Monte_CarloV2607/results/mcts/p4_mcts_seed_12.csv
