
============================================================
Part B: ChEMBL-Confirmed Antimalarial Benchmark
============================================================

  Target: PfDHFR_7F3Y (7F3Y, CHEMBL1939)
  Fetching ChEMBL bioactivities for CHEMBL1939...
  CHEMBL1939: 341 standardised IC50 records (from 1904 total activities).
  Actives (IC₅₀ < 1 µM):   56 unique compounds
  Inactives (IC₅₀ > 10 µM): 18 unique compounds
  Docking 74 compounds against PfDHFR_7F3Y...
/home/nanaengo/miniforge3/envs/malaria_md/lib/python3.11/site-packages/meeko/preparation.py:693: DeprecationWarning: MoleculePreparation.write_pdbqt_string() is deprecated in Meeko v0.5. Pass the MoleculeSetup instance to PDBQTWriterLegacy.write_string(). MoleculePreparation.prepare() returns a list of MoleculeSetup instances.
  warnings.warn(msg, DeprecationWarning)
/home/nanaengo/miniforge3/envs/malaria_md/lib/python3.11/site-packages/meeko/preparation.py:467: DeprecationWarning: MoleculePreparation.setup is deprecated in Meeko v0.5. MoleculePreparation.prepare() returns a list of MoleculeSetup instances.
  warnings.warn(msg, DeprecationWarning)
  Warning: Meeko conversion failed for ligand 10: RDKit molecule has 2 fragments. Must have 1.
  Warning: Meeko conversion failed for ligand 15: RDKit molecule has 2 fragments. Must have 1.
  Warning: Meeko conversion failed for ligand 45: RDKit molecule has 2 fragments. Must have 1.
  GOOD hit rate — Actives: 100.0% | Inactives: 100.0% | Fold: 1.00x
  EXCELLENT hit rate — Actives: 60.4% | Inactives: 11.1% | Fold: 5.43x

  Target: PfATP4_9N10 (9N10, CHEMBL364)
  Fetching ChEMBL bioactivities for CHEMBL364...
  CHEMBL364: 1828 standardised IC50 records (from 3000 total activities).
  Actives (IC₅₀ < 1 µM):   763 unique compounds
  Inactives (IC₅₀ > 10 µM): 125 unique compounds
  Docking 200 compounds against PfATP4_9N10...
/home/nanaengo/miniforge3/envs/malaria_md/lib/python3.11/site-packages/meeko/preparation.py:693: DeprecationWarning: MoleculePreparation.write_pdbqt_string() is deprecated in Meeko v0.5. Pass the MoleculeSetup instance to PDBQTWriterLegacy.write_string(). MoleculePreparation.prepare() returns a list of MoleculeSetup instances.
  warnings.warn(msg, DeprecationWarning)
/home/nanaengo/miniforge3/envs/malaria_md/lib/python3.11/site-packages/meeko/preparation.py:467: DeprecationWarning: MoleculePreparation.setup is deprecated in Meeko v0.5. MoleculePreparation.prepare() returns a list of MoleculeSetup instances.
  warnings.warn(msg, DeprecationWarning)
[RDKit] WARNING:[20:22:06] UFFTYPER: Warning: hybridization set to SP3 for atom 8
  Warning: Meeko conversion failed for ligand 15: RDKit molecule has 2 fragments. Must have 1.
  Warning: Meeko conversion failed for ligand 16: RDKit molecule has 3 fragments. Must have 1.
  Warning: Meeko conversion failed for ligand 21: RDKit molecule has 2 fragments. Must have 1.
  Warning: Meeko conversion failed for ligand 29: RDKit molecule has 2 fragments. Must have 1.
  Warning: Meeko conversion failed for ligand 34: RDKit molecule has 3 fragments. Must have 1.
  Warning: Meeko conversion failed for ligand 46: RDKit molecule has 2 fragments. Must have 1.
  Warning: Meeko conversion failed for ligand 57: RDKit molecule has 3 fragments. Must have 1.
  Warning: Meeko conversion failed for ligand 61: RDKit molecule has 2 fragments. Must have 1.
[RDKit] WARNING:[01:39:28] UFFTYPER: Warning: hybridization set to SP3 for atom 4
  Warning: Meeko conversion failed for ligand 72: RDKit molecule has 3 fragments. Must have 1.
  Warning: Meeko conversion failed for ligand 74: RDKit molecule has 2 fragments. Must have 1.
  Warning: Meeko conversion failed for ligand 76: RDKit molecule has 2 fragments. Must have 1.
  Warning: Meeko conversion failed for ligand 81: RDKit molecule has 3 fragments. Must have 1.
  Warning: Meeko conversion failed for ligand 83: RDKit molecule has 2 fragments. Must have 1.
  Warning: Meeko conversion failed for ligand 90: RDKit molecule has 3 fragments. Must have 1.
  Warning: Meeko conversion failed for ligand 91: RDKit molecule has 2 fragments. Must have 1.
  Warning: Meeko conversion failed for ligand 111: RDKit molecule has 2 fragments. Must have 1.
  Warning: Meeko conversion failed for ligand 115: RDKit molecule has 2 fragments. Must have 1.
  Warning: Meeko conversion failed for ligand 126: RDKit molecule has 2 fragments. Must have 1.
  Warning: Meeko conversion failed for ligand 129: RDKit molecule has 5 fragments. Must have 1.
  Warning: Meeko conversion failed for ligand 137: RDKit molecule has 2 fragments. Must have 1.
  Warning: Meeko conversion failed for ligand 138: RDKit molecule has 5 fragments. Must have 1.
  Warning: Meeko conversion failed for ligand 148: RDKit molecule has 5 fragments. Must have 1.
  Warning: Meeko conversion failed for ligand 157: RDKit molecule has 3 fragments. Must have 1.
  Warning: Meeko conversion failed for ligand 161: RDKit molecule has 5 fragments. Must have 1.
  Warning: Meeko conversion failed for ligand 163: RDKit molecule has 3 fragments. Must have 1.
  Warning: Meeko conversion failed for ligand 183: RDKit molecule has 5 fragments. Must have 1.
  Warning: Meeko conversion failed for ligand 186: RDKit molecule has 4 fragments. Must have 1.
  Warning: Meeko conversion failed for ligand 194: RDKit molecule has 5 fragments. Must have 1.
  GOOD hit rate — Actives: 53.4% | Inactives: 63.2% | Fold: 0.85x
  EXCELLENT hit rate — Actives: 0.0% | Inactives: 0.0% | Fold: infx

  Target: PfCRT_6UKJ (6UKJ, CHEMBL1795182)
  Fetching ChEMBL bioactivities for CHEMBL1795182...
  CHEMBL1795182: 34 standardised IC50 records (from 242 total activities).
  Actives (IC₅₀ < 1 µM):   12 unique compounds
  Inactives (IC₅₀ > 10 µM): 19 unique compounds
  Docking 31 compounds against PfCRT_6UKJ...
/home/nanaengo/miniforge3/envs/malaria_md/lib/python3.11/site-packages/meeko/preparation.py:693: DeprecationWarning: MoleculePreparation.write_pdbqt_string() is deprecated in Meeko v0.5. Pass the MoleculeSetup instance to PDBQTWriterLegacy.write_string(). MoleculePreparation.prepare() returns a list of MoleculeSetup instances.
  warnings.warn(msg, DeprecationWarning)
/home/nanaengo/miniforge3/envs/malaria_md/lib/python3.11/site-packages/meeko/preparation.py:467: DeprecationWarning: MoleculePreparation.setup is deprecated in Meeko v0.5. MoleculePreparation.prepare() returns a list of MoleculeSetup instances.
  warnings.warn(msg, DeprecationWarning)
  GOOD hit rate — Actives: 100.0% | Inactives: 100.0% | Fold: 1.00x
  EXCELLENT hit rate — Actives: 100.0% | Inactives: 68.4% | Fold: 1.46x

  Target: PfClpP_4GM2 (4GM2, CHEMBL4179069)
  Fetching ChEMBL bioactivities for CHEMBL4179069...
  ChEMBL activities fetch failed at offset 0: 500 Server Error: Internal Server Error for url: https://www.ebi.ac.uk/chembl/api/data/activity.json?target_chembl_id=CHEMBL4179069&limit=1000&offset=0
  No activities fetched for CHEMBL4179069.
  WARNING: Insufficient controls (actives=0, inactives=0). Skipping.

  Saved: /home/nanaengo/Malaria_codesV2/Project1_Chem_space_antimalarialV2607/results/p1_enrichment_chembl_benchmark.csv

  Summary saved: /home/nanaengo/Malaria_codesV2/Project1_Chem_space_antimalarialV2607/results/p1_enrichment_summary.txt

============================================================
✅ Enrichment validation complete!
============================================================
