[16:48:19] Can't kekulize mol.  Unkekulized atoms: 0 1 2 3 4
[16:48:20] Can't kekulize mol.  Unkekulized atoms: 16 17 19
[16:48:20] Can't kekulize mol.  Unkekulized atoms: 17 18 20
[16:48:21] Can't kekulize mol.  Unkekulized atoms: 2 3 5
[16:48:22] Can't kekulize mol.  Unkekulized atoms: 33 34 36
[16:48:24] Can't kekulize mol.  Unkekulized atoms: 28 29 30 31 32
[16:48:24] Can't kekulize mol.  Unkekulized atoms: 3 4 6
[16:48:25] Can't kekulize mol.  Unkekulized atoms: 28 29 31
[16:48:26] Can't kekulize mol.  Unkekulized atoms: 16 17 18 19 20 21 22 23 24
[16:48:28] Can't kekulize mol.  Unkekulized atoms: 21 22 24
[16:48:28] Can't kekulize mol.  Unkekulized atoms: 15 16 18
[16:48:35] Can't kekulize mol.  Unkekulized atoms: 8 9 10 11 12
[16:48:35] Can't kekulize mol.  Unkekulized atoms: 8 9 11
[16:48:36] Can't kekulize mol.  Unkekulized atoms: 16 17 19
[16:48:36] Can't kekulize mol.  Unkekulized atoms: 17 18 20
[16:48:38] SMILES Parse Error: syntax error while parsing: *C(=O)NH2
[16:48:38] SMILES Parse Error: check for mistakes around position 8:
[16:48:38] *C(=O)NH2
[16:48:38] ~~~~~~~^
[16:48:38] SMILES Parse Error: Failed parsing SMILES '*C(=O)NH2' for input: '*C(=O)NH2'
[16:48:39] SMILES Parse Error: syntax error while parsing: *C(=O)NH2
[16:48:39] SMILES Parse Error: check for mistakes around position 8:
[16:48:39] *C(=O)NH2
[16:48:39] ~~~~~~~^
[16:48:39] SMILES Parse Error: Failed parsing SMILES '*C(=O)NH2' for input: '*C(=O)NH2'
[16:48:40] Can't kekulize mol.  Unkekulized atoms: 14 15 16 17 18 19 20 21 22
[16:48:40] Can't kekulize mol.  Unkekulized atoms: 13 14 16
[16:48:42] Can't kekulize mol.  Unkekulized atoms: 21 22 24
[16:48:43] SMILES Parse Error: syntax error while parsing: *C(=O)NH2
[16:48:43] SMILES Parse Error: check for mistakes around position 8:
[16:48:43] *C(=O)NH2
[16:48:43] ~~~~~~~^
[16:48:43] SMILES Parse Error: Failed parsing SMILES '*C(=O)NH2' for input: '*C(=O)NH2'
[16:48:44] Can't kekulize mol.  Unkekulized atoms: 28 29 30 31 32
[16:48:45] Can't kekulize mol.  Unkekulized atoms: 13 14 15 16 17
[16:48:45] Can't kekulize mol.  Unkekulized atoms: 9 10 12
[16:48:45] SMILES Parse Error: syntax error while parsing: *C(=O)NH2
[16:48:45] SMILES Parse Error: check for mistakes around position 8:
[16:48:45] *C(=O)NH2
[16:48:45] ~~~~~~~^
[16:48:45] SMILES Parse Error: Failed parsing SMILES '*C(=O)NH2' for input: '*C(=O)NH2'
[16:48:45] Can't kekulize mol.  Unkekulized atoms: 9 10 11 12 13 14 15 16 17
[16:48:45] Can't kekulize mol.  Unkekulized atoms: 14 15 17
[16:48:49] Can't kekulize mol.  Unkekulized atoms: 38 39 40 41 42
[16:48:49] SMILES Parse Error: syntax error while parsing: *C(=O)NHOH
[16:48:49] SMILES Parse Error: check for mistakes around position 8:
[16:48:49] *C(=O)NHOH
[16:48:49] ~~~~~~~^
[16:48:49] SMILES Parse Error: Failed parsing SMILES '*C(=O)NHOH' for input: '*C(=O)NHOH'
[16:48:50] Can't kekulize mol.  Unkekulized atoms: 15 16 18
[16:48:51] SMILES Parse Error: syntax error while parsing: *C(=O)NH2
[16:48:51] SMILES Parse Error: check for mistakes around position 8:
[16:48:51] *C(=O)NH2
[16:48:51] ~~~~~~~^
[16:48:51] SMILES Parse Error: Failed parsing SMILES '*C(=O)NH2' for input: '*C(=O)NH2'
[16:48:51] SMILES Parse Error: syntax error while parsing: *C(=O)NHOH
[16:48:51] SMILES Parse Error: check for mistakes around position 8:
[16:48:51] *C(=O)NHOH
[16:48:51] ~~~~~~~^
[16:48:51] SMILES Parse Error: Failed parsing SMILES '*C(=O)NHOH' for input: '*C(=O)NHOH'
[16:48:52] Can't kekulize mol.  Unkekulized atoms: 15 16 17 18 19 20 21 22 23
[16:48:53] Can't kekulize mol.  Unkekulized atoms: 22 23 24 25 26
[16:48:54] Can't kekulize mol.  Unkekulized atoms: 19 20 22
[16:48:54] Can't kekulize mol.  Unkekulized atoms: 23 24 26
[16:48:55] Can't kekulize mol.  Unkekulized atoms: 11 12 14
[16:48:55] Can't kekulize mol.  Unkekulized atoms: 11 12 14
[16:48:56] SMILES Parse Error: syntax error while parsing: *C(=O)NH2
[16:48:56] SMILES Parse Error: check for mistakes around position 8:
[16:48:56] *C(=O)NH2
[16:48:56] ~~~~~~~^
[16:48:56] SMILES Parse Error: Failed parsing SMILES '*C(=O)NH2' for input: '*C(=O)NH2'
[16:48:58] Can't kekulize mol.  Unkekulized atoms: 12 13 14 15 16 17 19
[16:49:00] Can't kekulize mol.  Unkekulized atoms: 13 14 16
[16:49:01] Can't kekulize mol.  Unkekulized atoms: 17 18 19 20 21 22 24
[16:49:01] Can't kekulize mol.  Unkekulized atoms: 22 23 25
[16:49:04] Can't kekulize mol.  Unkekulized atoms: 24 25 27
[16:49:04] Can't kekulize mol.  Unkekulized atoms: 28 29 31
[16:49:04] Can't kekulize mol.  Unkekulized atoms: 28 29 31
[16:49:06] Can't kekulize mol.  Unkekulized atoms: 42 43 45
[16:49:07] Can't kekulize mol.  Unkekulized atoms: 21 22 24
[16:49:10] Can't kekulize mol.  Unkekulized atoms: 14 15 16 17 18 19 21
[16:49:10] SMILES Parse Error: syntax error while parsing: *C(=O)NH2
[16:49:10] SMILES Parse Error: check for mistakes around position 8:
[16:49:10] *C(=O)NH2
[16:49:10] ~~~~~~~^
[16:49:10] SMILES Parse Error: Failed parsing SMILES '*C(=O)NH2' for input: '*C(=O)NH2'
[16:49:12] Can't kekulize mol.  Unkekulized atoms: 11 12 14
[16:49:13] Can't kekulize mol.  Unkekulized atoms: 26 27 29
[16:49:13] Can't kekulize mol.  Unkekulized atoms: 17 18 20
[16:49:13] Can't kekulize mol.  Unkekulized atoms: 25 26 28
[16:49:15] Can't kekulize mol.  Unkekulized atoms: 17 18 20
[16:49:16] Can't kekulize mol.  Unkekulized atoms: 16 17 18 19 20 21 22 23 24
[16:49:17] Can't kekulize mol.  Unkekulized atoms: 21 22 24
[16:49:17] Can't kekulize mol.  Unkekulized atoms: 26 27 28 29 30 31 32 33 34
[16:49:17] Can't kekulize mol.  Unkekulized atoms: 23 24 26
[16:49:18] SMILES Parse Error: syntax error while parsing: *C(=O)NH2
[16:49:18] SMILES Parse Error: check for mistakes around position 8:
[16:49:18] *C(=O)NH2
[16:49:18] ~~~~~~~^
[16:49:18] SMILES Parse Error: Failed parsing SMILES '*C(=O)NH2' for input: '*C(=O)NH2'
[16:49:18] Can't kekulize mol.  Unkekulized atoms: 17 18 19 20 21 22 23 24 25
[16:49:18] Can't kekulize mol.  Unkekulized atoms: 22 23 24 25 26 27 28 29 30
[16:49:22] Can't kekulize mol.  Unkekulized atoms: 25 26 28
[16:49:23] Can't kekulize mol.  Unkekulized atoms: 16 17 19
[16:49:25] Can't kekulize mol.  Unkekulized atoms: 28 29 30 31 32 33 35
[16:49:26] Can't kekulize mol.  Unkekulized atoms: 29 30 32
[16:49:26] Can't kekulize mol.  Unkekulized atoms: 16 17 19
[16:49:26] Can't kekulize mol.  Unkekulized atoms: 15 16 18
[16:49:27] Can't kekulize mol.  Unkekulized atoms: 15 16 17 18 19 20 22
[16:49:30] Can't kekulize mol.  Unkekulized atoms: 17 18 19 20 21
[16:49:30] Can't kekulize mol.  Unkekulized atoms: 21 22 24
[16:49:31] Can't kekulize mol.  Unkekulized atoms: 26 27 29
[16:49:33] Can't kekulize mol.  Unkekulized atoms: 19 20 21 22 23 24 26
[16:49:38] Can't kekulize mol.  Unkekulized atoms: 18 19 20 21 22 23 24 25 26
[16:49:39] SMILES Parse Error: syntax error while parsing: *C(=O)NHOH
[16:49:39] SMILES Parse Error: check for mistakes around position 8:
[16:49:39] *C(=O)NHOH
[16:49:39] ~~~~~~~^
[16:49:39] SMILES Parse Error: Failed parsing SMILES '*C(=O)NHOH' for input: '*C(=O)NHOH'
[16:49:40] Can't kekulize mol.  Unkekulized atoms: 22 23 24 25 26 27 29
[16:49:40] Can't kekulize mol.  Unkekulized atoms: 13 14 16
[16:49:41] SMILES Parse Error: syntax error while parsing: *C(=O)NHOH
[16:49:41] SMILES Parse Error: check for mistakes around position 8:
[16:49:41] *C(=O)NHOH
[16:49:41] ~~~~~~~^
[16:49:41] SMILES Parse Error: Failed parsing SMILES '*C(=O)NHOH' for input: '*C(=O)NHOH'
[16:49:42] Can't kekulize mol.  Unkekulized atoms: 11 12 13 14 15 16 18
[16:49:44] Can't kekulize mol.  Unkekulized atoms: 22 23 25
[16:49:45] Can't kekulize mol.  Unkekulized atoms: 16 17 19
[16:49:46] SMILES Parse Error: syntax error while parsing: *C(=O)NH2
[16:49:46] SMILES Parse Error: check for mistakes around position 8:
[16:49:46] *C(=O)NH2
[16:49:46] ~~~~~~~^
[16:49:46] SMILES Parse Error: Failed parsing SMILES '*C(=O)NH2' for input: '*C(=O)NH2'
[16:49:46] Can't kekulize mol.  Unkekulized atoms: 19 20 21 22 23 24 26
[16:49:46] Can't kekulize mol.  Unkekulized atoms: 22 23 25
[16:49:47] Can't kekulize mol.  Unkekulized atoms: 7 8 9 10 11
[16:49:47] Can't kekulize mol.  Unkekulized atoms: 16 17 18 19 20 21 23
[16:49:47] SMILES Parse Error: syntax error while parsing: *C(=O)NHOH
[16:49:47] SMILES Parse Error: check for mistakes around position 8:
[16:49:47] *C(=O)NHOH
[16:49:47] ~~~~~~~^
[16:49:47] SMILES Parse Error: Failed parsing SMILES '*C(=O)NHOH' for input: '*C(=O)NHOH'
[16:49:48] Can't kekulize mol.  Unkekulized atoms: 14 15 16 17 18 19 21
[16:49:48] Can't kekulize mol.  Unkekulized atoms: 22 23 24 25 26 27 29
[16:49:49] Can't kekulize mol.  Unkekulized atoms: 18 19 21
[16:49:50] Can't kekulize mol.  Unkekulized atoms: 11 12 14
[16:49:50] Can't kekulize mol.  Unkekulized atoms: 11 12 13 14 15 16 18
[16:49:51] Can't kekulize mol.  Unkekulized atoms: 15 16 18
[16:49:52] SMILES Parse Error: syntax error while parsing: *C(=O)NHOH
[16:49:52] SMILES Parse Error: check for mistakes around position 8:
[16:49:52] *C(=O)NHOH
[16:49:52] ~~~~~~~^
[16:49:52] SMILES Parse Error: Failed parsing SMILES '*C(=O)NHOH' for input: '*C(=O)NHOH'
[16:49:53] SMILES Parse Error: syntax error while parsing: *C(=O)NH2
[16:49:53] SMILES Parse Error: check for mistakes around position 8:
[16:49:53] *C(=O)NH2
[16:49:53] ~~~~~~~^
[16:49:53] SMILES Parse Error: Failed parsing SMILES '*C(=O)NH2' for input: '*C(=O)NH2'
[16:49:53] Can't kekulize mol.  Unkekulized atoms: 19 20 21 22 23 24 25 26 27
[16:49:53] SMILES Parse Error: syntax error while parsing: *C(=O)NH2
[16:49:53] SMILES Parse Error: check for mistakes around position 8:
[16:49:53] *C(=O)NH2
[16:49:53] ~~~~~~~^
[16:49:53] SMILES Parse Error: Failed parsing SMILES '*C(=O)NH2' for input: '*C(=O)NH2'
[16:49:55] Can't kekulize mol.  Unkekulized atoms: 7 8 9 10 11 12 14
[16:49:56] SMILES Parse Error: syntax error while parsing: *C(=O)NHOH
[16:49:56] SMILES Parse Error: check for mistakes around position 8:
[16:49:56] *C(=O)NHOH
[16:49:56] ~~~~~~~^
[16:49:56] SMILES Parse Error: Failed parsing SMILES '*C(=O)NHOH' for input: '*C(=O)NHOH'
[16:49:58] Can't kekulize mol.  Unkekulized atoms: 23 24 26
[16:50:01] SMILES Parse Error: syntax error while parsing: *C(=O)NH2
[16:50:01] SMILES Parse Error: check for mistakes around position 8:
[16:50:01] *C(=O)NH2
[16:50:01] ~~~~~~~^
[16:50:01] SMILES Parse Error: Failed parsing SMILES '*C(=O)NH2' for input: '*C(=O)NH2'
[16:50:03] Can't kekulize mol.  Unkekulized atoms: 13 14 15 16 17 18 20
[16:50:04] Can't kekulize mol.  Unkekulized atoms: 27 28 30
[16:50:04] Can't kekulize mol.  Unkekulized atoms: 17 18 19 20 21
[16:50:05] Can't kekulize mol.  Unkekulized atoms: 24 25 27
[16:50:07] Can't kekulize mol.  Unkekulized atoms: 20 21 23
[16:50:10] Can't kekulize mol.  Unkekulized atoms: 20 21 22 23 24 25 27
[16:50:10] Can't kekulize mol.  Unkekulized atoms: 9 10 12
[16:50:11] Can't kekulize mol.  Unkekulized atoms: 7 8 9 10 11
[16:50:11] Can't kekulize mol.  Unkekulized atoms: 10 11 12 13 14
[16:50:11] Can't kekulize mol.  Unkekulized atoms: 16 17 19
[16:50:12] Can't kekulize mol.  Unkekulized atoms: 7 8 9 10 11 12 14
[16:50:12] Can't kekulize mol.  Unkekulized atoms: 7 8 9 10 11 12 13 14 15
[16:50:12] Can't kekulize mol.  Unkekulized atoms: 12 13 15
[16:50:15] Can't kekulize mol.  Unkekulized atoms: 26 27 29
[16:50:16] SMILES Parse Error: syntax error while parsing: *C(=O)NH2
[16:50:16] SMILES Parse Error: check for mistakes around position 8:
[16:50:16] *C(=O)NH2
[16:50:16] ~~~~~~~^
[16:50:16] SMILES Parse Error: Failed parsing SMILES '*C(=O)NH2' for input: '*C(=O)NH2'
[16:50:19] Can't kekulize mol.  Unkekulized atoms: 17 18 19 20 21 22 24
[16:50:19] Can't kekulize mol.  Unkekulized atoms: 16 17 19
[16:50:19] SMILES Parse Error: syntax error while parsing: *C(=O)NHOH
[16:50:19] SMILES Parse Error: check for mistakes around position 8:
[16:50:19] *C(=O)NHOH
[16:50:19] ~~~~~~~^
[16:50:19] SMILES Parse Error: Failed parsing SMILES '*C(=O)NHOH' for input: '*C(=O)NHOH'
[16:50:22] Can't kekulize mol.  Unkekulized atoms: 12 13 14 15 16 17 18 19 20
[16:50:23] Can't kekulize mol.  Unkekulized atoms: 18 19 21
[16:50:24] Can't kekulize mol.  Unkekulized atoms: 24 25 26 27 28 29 30 31 32
[16:50:24] Can't kekulize mol.  Unkekulized atoms: 12 13 15
[16:50:25] SMILES Parse Error: syntax error while parsing: *C(=O)NH2
[16:50:25] SMILES Parse Error: check for mistakes around position 8:
[16:50:25] *C(=O)NH2
[16:50:25] ~~~~~~~^
[16:50:25] SMILES Parse Error: Failed parsing SMILES '*C(=O)NH2' for input: '*C(=O)NH2'
[16:50:26] Can't kekulize mol.  Unkekulized atoms: 9 10 11 12 13 14 15 16 17
[16:50:26] Can't kekulize mol.  Unkekulized atoms: 9 10 12
[16:50:31] Can't kekulize mol.  Unkekulized atoms: 21 22 23 24 25 26 27 28 29
[16:50:31] Can't kekulize mol.  Unkekulized atoms: 12 13 15
[16:50:32] SMILES Parse Error: syntax error while parsing: *C(=O)NH2
[16:50:32] SMILES Parse Error: check for mistakes around position 8:
[16:50:32] *C(=O)NH2
[16:50:32] ~~~~~~~^
[16:50:32] SMILES Parse Error: Failed parsing SMILES '*C(=O)NH2' for input: '*C(=O)NH2'
[16:50:33] SMILES Parse Error: syntax error while parsing: *C(=O)NH2
[16:50:33] SMILES Parse Error: check for mistakes around position 8:
[16:50:33] *C(=O)NH2
[16:50:33] ~~~~~~~^
[16:50:33] SMILES Parse Error: Failed parsing SMILES '*C(=O)NH2' for input: '*C(=O)NH2'
[16:50:35] Can't kekulize mol.  Unkekulized atoms: 13 14 15 16 17
[16:50:35] Can't kekulize mol.  Unkekulized atoms: 13 14 15 16 17 18 19 20 21
[16:50:41] SMILES Parse Error: syntax error while parsing: *C(=O)NH2
[16:50:41] SMILES Parse Error: check for mistakes around position 8:
[16:50:41] *C(=O)NH2
[16:50:41] ~~~~~~~^
[16:50:41] SMILES Parse Error: Failed parsing SMILES '*C(=O)NH2' for input: '*C(=O)NH2'
[16:50:45] Can't kekulize mol.  Unkekulized atoms: 19 20 21 22 23
[16:50:50] SMILES Parse Error: syntax error while parsing: *C(=O)NH2
[16:50:50] SMILES Parse Error: check for mistakes around position 8:
[16:50:50] *C(=O)NH2
[16:50:50] ~~~~~~~^
[16:50:50] SMILES Parse Error: Failed parsing SMILES '*C(=O)NH2' for input: '*C(=O)NH2'
[16:50:53] Can't kekulize mol.  Unkekulized atoms: 17 18 20
[16:50:53] Can't kekulize mol.  Unkekulized atoms: 16 17 19
[16:50:54] Can't kekulize mol.  Unkekulized atoms: 18 19 21
[16:50:59] Can't kekulize mol.  Unkekulized atoms: 18 19 21
[16:51:00] SMILES Parse Error: syntax error while parsing: *C(=O)NH2
[16:51:00] SMILES Parse Error: check for mistakes around position 8:
[16:51:00] *C(=O)NH2
[16:51:00] ~~~~~~~^
[16:51:00] SMILES Parse Error: Failed parsing SMILES '*C(=O)NH2' for input: '*C(=O)NH2'
[16:51:00] Can't kekulize mol.  Unkekulized atoms: 26 27 29
[16:51:01] SMILES Parse Error: syntax error while parsing: *C(=O)NHOH
[16:51:01] SMILES Parse Error: check for mistakes around position 8:
[16:51:01] *C(=O)NHOH
[16:51:01] ~~~~~~~^
[16:51:01] SMILES Parse Error: Failed parsing SMILES '*C(=O)NHOH' for input: '*C(=O)NHOH'
[16:51:03] Can't kekulize mol.  Unkekulized atoms: 19 20 21 22 23 24 25 26 27
[16:51:04] Can't kekulize mol.  Unkekulized atoms: 22 23 24 25 26
[16:51:04] SMILES Parse Error: syntax error while parsing: *C(=O)NHOH
[16:51:04] SMILES Parse Error: check for mistakes around position 8:
[16:51:04] *C(=O)NHOH
[16:51:04] ~~~~~~~^
[16:51:04] SMILES Parse Error: Failed parsing SMILES '*C(=O)NHOH' for input: '*C(=O)NHOH'
[16:51:07] Can't kekulize mol.  Unkekulized atoms: 7 8 9 10 11 12 14
[16:51:11] Can't kekulize mol.  Unkekulized atoms: 19 20 21 22 23
[16:51:12] Can't kekulize mol.  Unkekulized atoms: 18 19 21
[16:51:16] SMILES Parse Error: syntax error while parsing: *C(=O)NHOH
[16:51:16] SMILES Parse Error: check for mistakes around position 8:
[16:51:16] *C(=O)NHOH
[16:51:16] ~~~~~~~^
[16:51:16] SMILES Parse Error: Failed parsing SMILES '*C(=O)NHOH' for input: '*C(=O)NHOH'
[16:51:16] Can't kekulize mol.  Unkekulized atoms: 9 10 12
[16:51:18] Can't kekulize mol.  Unkekulized atoms: 20 21 23
[16:51:19] Can't kekulize mol.  Unkekulized atoms: 14 15 17
[16:51:23] Can't kekulize mol.  Unkekulized atoms: 9 10 12
[16:51:24] SMILES Parse Error: syntax error while parsing: *C(=O)NHOH
[16:51:24] SMILES Parse Error: check for mistakes around position 8:
[16:51:24] *C(=O)NHOH
[16:51:24] ~~~~~~~^
[16:51:24] SMILES Parse Error: Failed parsing SMILES '*C(=O)NHOH' for input: '*C(=O)NHOH'
[16:51:25] Can't kekulize mol.  Unkekulized atoms: 23 24 26
[16:51:26] Can't kekulize mol.  Unkekulized atoms: 18 19 21
[16:51:37] Can't kekulize mol.  Unkekulized atoms: 18 19 21
[16:51:38] Can't kekulize mol.  Unkekulized atoms: 14 15 17
[16:51:40] Can't kekulize mol.  Unkekulized atoms: 18 19 21
═══ P4 MCTS+RL — seed=7 ═══
  Initial SMILES:  C
  Max steps:       8
  Iterations:      1000
  Fragment set:    expanded (108 fragments)
  Policy:          ScafVAE
  PUCT c:          1.414
  Host:            penavoraserver
\n═══ Results ═══
  Best state:      CC(C)(OCc1ccccc1)c1ccc(O)cc1F
  Best reward:     0.627328
  Output CSV:      /home/nanaengo/Malaria_codesV2/Project4_Advanced_Monte_CarloV2607/results/mcts/p4_mcts_seed_7.csv
