[16:48:20] Can't kekulize mol.  Unkekulized atoms: 0 1 2 3 4
[16:48:22] Can't kekulize mol.  Unkekulized atoms: 14 15 17
[16:48:23] Can't kekulize mol.  Unkekulized atoms: 25 26 27 28 29 30 32
[16:48:24] Can't kekulize mol.  Unkekulized atoms: 19 20 22
[16:48:24] Can't kekulize mol.  Unkekulized atoms: 19 20 22
[16:48:24] SMILES Parse Error: syntax error while parsing: *C(=O)NHOH
[16:48:24] SMILES Parse Error: check for mistakes around position 8:
[16:48:24] *C(=O)NHOH
[16:48:24] ~~~~~~~^
[16:48:24] SMILES Parse Error: Failed parsing SMILES '*C(=O)NHOH' for input: '*C(=O)NHOH'
[16:48:26] SMILES Parse Error: syntax error while parsing: *C(=O)NHOH
[16:48:26] SMILES Parse Error: check for mistakes around position 8:
[16:48:26] *C(=O)NHOH
[16:48:26] ~~~~~~~^
[16:48:26] SMILES Parse Error: Failed parsing SMILES '*C(=O)NHOH' for input: '*C(=O)NHOH'
[16:48:26] SMILES Parse Error: syntax error while parsing: *C(=O)NHOH
[16:48:26] SMILES Parse Error: check for mistakes around position 8:
[16:48:26] *C(=O)NHOH
[16:48:26] ~~~~~~~^
[16:48:26] SMILES Parse Error: Failed parsing SMILES '*C(=O)NHOH' for input: '*C(=O)NHOH'
[16:48:27] Can't kekulize mol.  Unkekulized atoms: 3 4 6
[16:48:28] Can't kekulize mol.  Unkekulized atoms: 12 13 15
[16:48:28] Can't kekulize mol.  Unkekulized atoms: 12 13 14 15 16
[16:48:28] Can't kekulize mol.  Unkekulized atoms: 6 7 8 9 10 11 13
[16:48:28] Can't kekulize mol.  Unkekulized atoms: 6 7 9
[16:48:29] Can't kekulize mol.  Unkekulized atoms: 16 17 19
[16:48:29] Can't kekulize mol.  Unkekulized atoms: 12 13 15
[16:48:31] Can't kekulize mol.  Unkekulized atoms: 35 36 38
[16:48:32] Can't kekulize mol.  Unkekulized atoms: 34 35 36 37 38 39 40 41 42
[16:48:32] SMILES Parse Error: syntax error while parsing: *C(=O)NH2
[16:48:32] SMILES Parse Error: check for mistakes around position 8:
[16:48:32] *C(=O)NH2
[16:48:32] ~~~~~~~^
[16:48:32] SMILES Parse Error: Failed parsing SMILES '*C(=O)NH2' for input: '*C(=O)NH2'
[16:48:34] Can't kekulize mol.  Unkekulized atoms: 22 23 24 25 26 27 28 29 30
[16:48:37] SMILES Parse Error: syntax error while parsing: *C(=O)NHOH
[16:48:37] SMILES Parse Error: check for mistakes around position 8:
[16:48:37] *C(=O)NHOH
[16:48:37] ~~~~~~~^
[16:48:37] SMILES Parse Error: Failed parsing SMILES '*C(=O)NHOH' for input: '*C(=O)NHOH'
[16:48:38] SMILES Parse Error: syntax error while parsing: *C(=O)NHOH
[16:48:38] SMILES Parse Error: check for mistakes around position 8:
[16:48:38] *C(=O)NHOH
[16:48:38] ~~~~~~~^
[16:48:38] SMILES Parse Error: Failed parsing SMILES '*C(=O)NHOH' for input: '*C(=O)NHOH'
[16:48:40] SMILES Parse Error: syntax error while parsing: *C(=O)NHOH
[16:48:40] SMILES Parse Error: check for mistakes around position 8:
[16:48:40] *C(=O)NHOH
[16:48:40] ~~~~~~~^
[16:48:40] SMILES Parse Error: Failed parsing SMILES '*C(=O)NHOH' for input: '*C(=O)NHOH'
[16:48:43] Can't kekulize mol.  Unkekulized atoms: 21 22 24
[16:48:44] Can't kekulize mol.  Unkekulized atoms: 20 21 23
[16:48:45] Can't kekulize mol.  Unkekulized atoms: 18 19 20 21 22 23 24 25 26
[16:48:47] Can't kekulize mol.  Unkekulized atoms: 20 21 22 23 24
[16:48:47] Can't kekulize mol.  Unkekulized atoms: 19 20 21 22 23
[16:48:47] Can't kekulize mol.  Unkekulized atoms: 19 20 21 22 23 24 26
[16:48:50] Can't kekulize mol.  Unkekulized atoms: 20 21 22 23 24
[16:48:50] Can't kekulize mol.  Unkekulized atoms: 26 27 29
[16:48:52] SMILES Parse Error: syntax error while parsing: *C(=O)NHOH
[16:48:52] SMILES Parse Error: check for mistakes around position 8:
[16:48:52] *C(=O)NHOH
[16:48:52] ~~~~~~~^
[16:48:52] SMILES Parse Error: Failed parsing SMILES '*C(=O)NHOH' for input: '*C(=O)NHOH'
[16:48:55] SMILES Parse Error: syntax error while parsing: *C(=O)NH2
[16:48:55] SMILES Parse Error: check for mistakes around position 8:
[16:48:55] *C(=O)NH2
[16:48:55] ~~~~~~~^
[16:48:55] SMILES Parse Error: Failed parsing SMILES '*C(=O)NH2' for input: '*C(=O)NH2'
[16:48:56] Can't kekulize mol.  Unkekulized atoms: 10 11 12 13 14
[16:48:56] Can't kekulize mol.  Unkekulized atoms: 19 20 22
[16:49:00] Can't kekulize mol.  Unkekulized atoms: 21 22 23 24 25
[16:49:01] Can't kekulize mol.  Unkekulized atoms: 29 30 32
[16:49:01] Can't kekulize mol.  Unkekulized atoms: 9 10 12
[16:49:02] Can't kekulize mol.  Unkekulized atoms: 18 19 21
[16:49:02] Can't kekulize mol.  Unkekulized atoms: 15 16 18
[16:49:03] SMILES Parse Error: syntax error while parsing: *C(=O)NH2
[16:49:03] SMILES Parse Error: check for mistakes around position 8:
[16:49:03] *C(=O)NH2
[16:49:03] ~~~~~~~^
[16:49:03] SMILES Parse Error: Failed parsing SMILES '*C(=O)NH2' for input: '*C(=O)NH2'
[16:49:04] SMILES Parse Error: syntax error while parsing: *C(=O)NH2
[16:49:04] SMILES Parse Error: check for mistakes around position 8:
[16:49:04] *C(=O)NH2
[16:49:04] ~~~~~~~^
[16:49:04] SMILES Parse Error: Failed parsing SMILES '*C(=O)NH2' for input: '*C(=O)NH2'
[16:49:04] Can't kekulize mol.  Unkekulized atoms: 32 33 35
[16:49:06] Can't kekulize mol.  Unkekulized atoms: 26 27 29
[16:49:06] Can't kekulize mol.  Unkekulized atoms: 27 28 29 30 31
[16:49:08] Can't kekulize mol.  Unkekulized atoms: 23 24 26
[16:49:09] Can't kekulize mol.  Unkekulized atoms: 22 23 24 25 26 27 28 29 30
[16:49:11] Can't kekulize mol.  Unkekulized atoms: 9 10 12
[16:49:13] Can't kekulize mol.  Unkekulized atoms: 16 17 18 19 20
[16:49:14] Can't kekulize mol.  Unkekulized atoms: 11 12 14
[16:49:14] Can't kekulize mol.  Unkekulized atoms: 11 12 14
[16:49:15] Can't kekulize mol.  Unkekulized atoms: 6 7 9
[16:49:15] Can't kekulize mol.  Unkekulized atoms: 17 18 20
[16:49:18] Can't kekulize mol.  Unkekulized atoms: 20 21 22 23 24 25 26 27 28
[16:49:18] SMILES Parse Error: syntax error while parsing: *C(=O)NHOH
[16:49:18] SMILES Parse Error: check for mistakes around position 8:
[16:49:18] *C(=O)NHOH
[16:49:18] ~~~~~~~^
[16:49:18] SMILES Parse Error: Failed parsing SMILES '*C(=O)NHOH' for input: '*C(=O)NHOH'
[16:49:22] Can't kekulize mol.  Unkekulized atoms: 12 13 14 15 16 17 18 19 20
[16:49:23] Can't kekulize mol.  Unkekulized atoms: 17 18 19 20 21 22 23 24 25
[16:49:26] Can't kekulize mol.  Unkekulized atoms: 18 19 21
[16:49:30] Can't kekulize mol.  Unkekulized atoms: 28 29 30 31 32
[16:49:31] SMILES Parse Error: syntax error while parsing: *C(=O)NH2
[16:49:31] SMILES Parse Error: check for mistakes around position 8:
[16:49:31] *C(=O)NH2
[16:49:31] ~~~~~~~^
[16:49:31] SMILES Parse Error: Failed parsing SMILES '*C(=O)NH2' for input: '*C(=O)NH2'
[16:49:31] Can't kekulize mol.  Unkekulized atoms: 26 27 29
[16:49:34] Can't kekulize mol.  Unkekulized atoms: 22 23 25
[16:49:35] Can't kekulize mol.  Unkekulized atoms: 9 10 12
[16:49:35] Can't kekulize mol.  Unkekulized atoms: 23 24 26
[16:49:36] Can't kekulize mol.  Unkekulized atoms: 14 15 16 17 18 19 21
[16:49:36] SMILES Parse Error: syntax error while parsing: *C(=O)NH2
[16:49:36] SMILES Parse Error: check for mistakes around position 8:
[16:49:36] *C(=O)NH2
[16:49:36] ~~~~~~~^
[16:49:36] SMILES Parse Error: Failed parsing SMILES '*C(=O)NH2' for input: '*C(=O)NH2'
[16:49:37] Can't kekulize mol.  Unkekulized atoms: 29 30 31 32 33 34 36
[16:49:39] Can't kekulize mol.  Unkekulized atoms: 15 16 17 18 19 20 21 22 23
[16:49:42] Can't kekulize mol.  Unkekulized atoms: 16 17 18 19 20
[16:49:43] Can't kekulize mol.  Unkekulized atoms: 19 20 21 22 23 24 25 26 27
[16:49:47] Can't kekulize mol.  Unkekulized atoms: 18 19 21
[16:49:48] Can't kekulize mol.  Unkekulized atoms: 18 19 21
[16:49:49] Can't kekulize mol.  Unkekulized atoms: 26 27 28 29 30 31 32 33 34
[16:49:49] Can't kekulize mol.  Unkekulized atoms: 24 25 27
[16:49:50] SMILES Parse Error: syntax error while parsing: *C(=O)NHOH
[16:49:50] SMILES Parse Error: check for mistakes around position 8:
[16:49:50] *C(=O)NHOH
[16:49:50] ~~~~~~~^
[16:49:50] SMILES Parse Error: Failed parsing SMILES '*C(=O)NHOH' for input: '*C(=O)NHOH'
[16:49:51] SMILES Parse Error: syntax error while parsing: *C(=O)NH2
[16:49:51] SMILES Parse Error: check for mistakes around position 8:
[16:49:51] *C(=O)NH2
[16:49:51] ~~~~~~~^
[16:49:51] SMILES Parse Error: Failed parsing SMILES '*C(=O)NH2' for input: '*C(=O)NH2'
[16:49:55] Can't kekulize mol.  Unkekulized atoms: 19 20 22
[16:49:56] Can't kekulize mol.  Unkekulized atoms: 19 20 22
[16:49:57] Can't kekulize mol.  Unkekulized atoms: 21 22 24
[16:49:57] SMILES Parse Error: syntax error while parsing: *C(=O)NH2
[16:49:57] SMILES Parse Error: check for mistakes around position 8:
[16:49:57] *C(=O)NH2
[16:49:57] ~~~~~~~^
[16:49:57] SMILES Parse Error: Failed parsing SMILES '*C(=O)NH2' for input: '*C(=O)NH2'
[16:49:58] Can't kekulize mol.  Unkekulized atoms: 23 24 26
[16:49:58] Can't kekulize mol.  Unkekulized atoms: 23 24 26
[16:50:01] Can't kekulize mol.  Unkekulized atoms: 18 19 20 21 22 23 25
[16:50:02] Can't kekulize mol.  Unkekulized atoms: 17 18 20
[16:50:02] Can't kekulize mol.  Unkekulized atoms: 21 22 24
[16:50:02] Can't kekulize mol.  Unkekulized atoms: 20 21 23
[16:50:03] Can't kekulize mol.  Unkekulized atoms: 28 29 30 31 32 33 35
[16:50:03] Can't kekulize mol.  Unkekulized atoms: 37 38 40
[16:50:06] Can't kekulize mol.  Unkekulized atoms: 11 12 14
[16:50:08] Can't kekulize mol.  Unkekulized atoms: 32 33 35
[16:50:08] SMILES Parse Error: syntax error while parsing: *C(=O)NH2
[16:50:08] SMILES Parse Error: check for mistakes around position 8:
[16:50:08] *C(=O)NH2
[16:50:08] ~~~~~~~^
[16:50:08] SMILES Parse Error: Failed parsing SMILES '*C(=O)NH2' for input: '*C(=O)NH2'
[16:50:09] Can't kekulize mol.  Unkekulized atoms: 29 30 32
[16:50:11] SMILES Parse Error: syntax error while parsing: *C(=O)NHOH
[16:50:11] SMILES Parse Error: check for mistakes around position 8:
[16:50:11] *C(=O)NHOH
[16:50:11] ~~~~~~~^
[16:50:11] SMILES Parse Error: Failed parsing SMILES '*C(=O)NHOH' for input: '*C(=O)NHOH'
[16:50:11] Can't kekulize mol.  Unkekulized atoms: 31 32 34
[16:50:12] Can't kekulize mol.  Unkekulized atoms: 17 18 20
[16:50:12] SMILES Parse Error: syntax error while parsing: *C(=O)NHOH
[16:50:12] SMILES Parse Error: check for mistakes around position 8:
[16:50:12] *C(=O)NHOH
[16:50:12] ~~~~~~~^
[16:50:12] SMILES Parse Error: Failed parsing SMILES '*C(=O)NHOH' for input: '*C(=O)NHOH'
[16:50:12] Can't kekulize mol.  Unkekulized atoms: 25 26 27 28 29
[16:50:13] Can't kekulize mol.  Unkekulized atoms: 24 25 27
[16:50:15] Can't kekulize mol.  Unkekulized atoms: 20 21 23
[16:50:15] Can't kekulize mol.  Unkekulized atoms: 27 28 30
[16:50:15] Can't kekulize mol.  Unkekulized atoms: 24 25 26 27 28
[16:50:16] Can't kekulize mol.  Unkekulized atoms: 12 13 15
[16:50:16] Can't kekulize mol.  Unkekulized atoms: 12 13 14 15 16 17 18 19 20
[16:50:17] Can't kekulize mol.  Unkekulized atoms: 13 14 16
[16:50:18] Can't kekulize mol.  Unkekulized atoms: 26 27 29
[16:50:18] Can't kekulize mol.  Unkekulized atoms: 13 14 16
[16:50:21] Can't kekulize mol.  Unkekulized atoms: 12 13 15
[16:50:23] Can't kekulize mol.  Unkekulized atoms: 13 14 15 16 17
[16:50:25] Can't kekulize mol.  Unkekulized atoms: 18 19 21
[16:50:25] SMILES Parse Error: syntax error while parsing: *C(=O)NH2
[16:50:25] SMILES Parse Error: check for mistakes around position 8:
[16:50:25] *C(=O)NH2
[16:50:25] ~~~~~~~^
[16:50:25] SMILES Parse Error: Failed parsing SMILES '*C(=O)NH2' for input: '*C(=O)NH2'
[16:50:27] SMILES Parse Error: syntax error while parsing: *C(=O)NHOH
[16:50:27] SMILES Parse Error: check for mistakes around position 8:
[16:50:27] *C(=O)NHOH
[16:50:27] ~~~~~~~^
[16:50:27] SMILES Parse Error: Failed parsing SMILES '*C(=O)NHOH' for input: '*C(=O)NHOH'
[16:50:28] Can't kekulize mol.  Unkekulized atoms: 18 19 21
[16:50:29] Can't kekulize mol.  Unkekulized atoms: 23 24 25 26 27 28 29 30 31
[16:50:30] Can't kekulize mol.  Unkekulized atoms: 18 19 21
[16:50:35] Can't kekulize mol.  Unkekulized atoms: 19 20 21 22 23 24 25 26 27
[16:50:39] SMILES Parse Error: syntax error while parsing: *C(=O)NH2
[16:50:39] SMILES Parse Error: check for mistakes around position 8:
[16:50:39] *C(=O)NH2
[16:50:39] ~~~~~~~^
[16:50:39] SMILES Parse Error: Failed parsing SMILES '*C(=O)NH2' for input: '*C(=O)NH2'
[16:50:40] SMILES Parse Error: syntax error while parsing: *C(=O)NH2
[16:50:40] SMILES Parse Error: check for mistakes around position 8:
[16:50:40] *C(=O)NH2
[16:50:40] ~~~~~~~^
[16:50:40] SMILES Parse Error: Failed parsing SMILES '*C(=O)NH2' for input: '*C(=O)NH2'
[16:50:45] Can't kekulize mol.  Unkekulized atoms: 15 16 17 18 19
[16:50:46] Can't kekulize mol.  Unkekulized atoms: 29 30 31 32 33 34 35 36 37
[16:50:48] Can't kekulize mol.  Unkekulized atoms: 32 33 35
[16:50:49] Can't kekulize mol.  Unkekulized atoms: 18 19 21
[16:50:49] Can't kekulize mol.  Unkekulized atoms: 19 20 22
[16:50:50] Can't kekulize mol.  Unkekulized atoms: 14 15 16 17 18 19 21
[16:51:03] Can't kekulize mol.  Unkekulized atoms: 20 21 22 23 24
[16:51:06] SMILES Parse Error: syntax error while parsing: *C(=O)NHOH
[16:51:06] SMILES Parse Error: check for mistakes around position 8:
[16:51:06] *C(=O)NHOH
[16:51:06] ~~~~~~~^
[16:51:06] SMILES Parse Error: Failed parsing SMILES '*C(=O)NHOH' for input: '*C(=O)NHOH'
[16:51:13] Can't kekulize mol.  Unkekulized atoms: 23 24 25 26 27 28 29 30 31
[16:51:18] Can't kekulize mol.  Unkekulized atoms: 22 23 24 25 26 27 28 29 30
[16:51:21] Can't kekulize mol.  Unkekulized atoms: 25 26 28
[16:51:28] SMILES Parse Error: syntax error while parsing: *C(=O)NHOH
[16:51:28] SMILES Parse Error: check for mistakes around position 8:
[16:51:28] *C(=O)NHOH
[16:51:28] ~~~~~~~^
[16:51:28] SMILES Parse Error: Failed parsing SMILES '*C(=O)NHOH' for input: '*C(=O)NHOH'
[16:51:32] Can't kekulize mol.  Unkekulized atoms: 17 18 19 20 21
═══ P4 MCTS+RL — seed=4 ═══
  Initial SMILES:  C
  Max steps:       8
  Iterations:      1000
  Fragment set:    expanded (108 fragments)
  Policy:          ScafVAE
  PUCT c:          1.414
  Host:            penavoraserver
\n═══ Results ═══
  Best state:      CCc1cc(O)c(C)c(C(C)(OC)c2ccccc2)c1
  Best reward:     0.620155
  Output CSV:      /home/nanaengo/Malaria_codesV2/Project4_Advanced_Monte_CarloV2607/results/mcts/p4_mcts_seed_4.csv
