[17:12:13] Can't kekulize mol.  Unkekulized atoms: 0 1 2 3 4
[17:12:13] Can't kekulize mol.  Unkekulized atoms: 37 38 40
[17:12:15] Can't kekulize mol.  Unkekulized atoms: 9 10 12
[17:12:15] SMILES Parse Error: syntax error while parsing: *C(=O)NH2
[17:12:15] SMILES Parse Error: check for mistakes around position 8:
[17:12:15] *C(=O)NH2
[17:12:15] ~~~~~~~^
[17:12:15] SMILES Parse Error: Failed parsing SMILES '*C(=O)NH2' for input: '*C(=O)NH2'
[17:12:16] Can't kekulize mol.  Unkekulized atoms: 13 14 16
[17:12:16] Can't kekulize mol.  Unkekulized atoms: 32 33 35
[17:12:17] Can't kekulize mol.  Unkekulized atoms: 21 22 23 24 25 26 28
[17:12:19] SMILES Parse Error: syntax error while parsing: *C(=O)NHOH
[17:12:19] SMILES Parse Error: check for mistakes around position 8:
[17:12:19] *C(=O)NHOH
[17:12:19] ~~~~~~~^
[17:12:19] SMILES Parse Error: Failed parsing SMILES '*C(=O)NHOH' for input: '*C(=O)NHOH'
[17:12:20] Can't kekulize mol.  Unkekulized atoms: 31 32 34
[17:12:20] Can't kekulize mol.  Unkekulized atoms: 15 16 18
[17:12:22] SMILES Parse Error: syntax error while parsing: *C(=O)NH2
[17:12:22] SMILES Parse Error: check for mistakes around position 8:
[17:12:22] *C(=O)NH2
[17:12:22] ~~~~~~~^
[17:12:22] SMILES Parse Error: Failed parsing SMILES '*C(=O)NH2' for input: '*C(=O)NH2'
[17:12:24] Can't kekulize mol.  Unkekulized atoms: 22 23 24 25 26 27 29
[17:12:24] Can't kekulize mol.  Unkekulized atoms: 22 23 24 25 26 27 28 29 30
[17:12:26] Can't kekulize mol.  Unkekulized atoms: 31 32 33 34 35
[17:12:27] Can't kekulize mol.  Unkekulized atoms: 12 13 15
[17:12:28] Can't kekulize mol.  Unkekulized atoms: 10 11 13
[17:12:30] Can't kekulize mol.  Unkekulized atoms: 14 15 16 17 18 19 20 21 22
[17:12:30] Can't kekulize mol.  Unkekulized atoms: 25 26 28
[17:12:30] Can't kekulize mol.  Unkekulized atoms: 38 39 41
[17:12:31] Can't kekulize mol.  Unkekulized atoms: 15 16 18
[17:12:31] Can't kekulize mol.  Unkekulized atoms: 15 16 18
[17:12:32] Can't kekulize mol.  Unkekulized atoms: 14 15 16 17 18
[17:12:33] Can't kekulize mol.  Unkekulized atoms: 21 22 23 24 25 26 27 28 29
[17:12:34] Can't kekulize mol.  Unkekulized atoms: 48 49 50 51 52
[17:12:35] Can't kekulize mol.  Unkekulized atoms: 21 22 24
[17:12:36] Can't kekulize mol.  Unkekulized atoms: 25 26 28
[17:12:38] Can't kekulize mol.  Unkekulized atoms: 11 12 14
[17:12:38] Can't kekulize mol.  Unkekulized atoms: 11 12 14
[17:12:38] Can't kekulize mol.  Unkekulized atoms: 11 12 14
[17:12:40] Can't kekulize mol.  Unkekulized atoms: 9 10 12
[17:12:41] SMILES Parse Error: syntax error while parsing: *C(=O)NHOH
[17:12:41] SMILES Parse Error: check for mistakes around position 8:
[17:12:41] *C(=O)NHOH
[17:12:41] ~~~~~~~^
[17:12:41] SMILES Parse Error: Failed parsing SMILES '*C(=O)NHOH' for input: '*C(=O)NHOH'
[17:12:42] SMILES Parse Error: syntax error while parsing: *C(=O)NHOH
[17:12:42] SMILES Parse Error: check for mistakes around position 8:
[17:12:42] *C(=O)NHOH
[17:12:42] ~~~~~~~^
[17:12:42] SMILES Parse Error: Failed parsing SMILES '*C(=O)NHOH' for input: '*C(=O)NHOH'
[17:12:43] Can't kekulize mol.  Unkekulized atoms: 26 27 29
[17:12:43] Can't kekulize mol.  Unkekulized atoms: 25 26 28
[17:12:43] Can't kekulize mol.  Unkekulized atoms: 23 24 25 26 27 28 29 30 31
[17:12:44] SMILES Parse Error: syntax error while parsing: *C(=O)NHOH
[17:12:44] SMILES Parse Error: check for mistakes around position 8:
[17:12:44] *C(=O)NHOH
[17:12:44] ~~~~~~~^
[17:12:44] SMILES Parse Error: Failed parsing SMILES '*C(=O)NHOH' for input: '*C(=O)NHOH'
[17:12:47] Can't kekulize mol.  Unkekulized atoms: 15 16 17 18 19
[17:12:48] Can't kekulize mol.  Unkekulized atoms: 25 26 28
[17:12:49] Can't kekulize mol.  Unkekulized atoms: 26 27 29
[17:12:50] Can't kekulize mol.  Unkekulized atoms: 20 21 23
[17:12:50] Can't kekulize mol.  Unkekulized atoms: 20 21 22 23 24
[17:12:51] Can't kekulize mol.  Unkekulized atoms: 12 13 14 15 16
[17:12:57] Can't kekulize mol.  Unkekulized atoms: 17 18 20
[17:13:00] Can't kekulize mol.  Unkekulized atoms: 11 12 13 14 15 16 17 18 19
[17:13:00] Can't kekulize mol.  Unkekulized atoms: 18 19 21
[17:13:02] Can't kekulize mol.  Unkekulized atoms: 16 17 19
[17:13:05] Can't kekulize mol.  Unkekulized atoms: 21 22 24
[17:13:05] Can't kekulize mol.  Unkekulized atoms: 12 13 15
[17:13:06] Can't kekulize mol.  Unkekulized atoms: 19 20 21 22 23 24 25 26 27
[17:13:06] Can't kekulize mol.  Unkekulized atoms: 18 19 20 21 22
[17:13:06] SMILES Parse Error: syntax error while parsing: *C(=O)NH2
[17:13:06] SMILES Parse Error: check for mistakes around position 8:
[17:13:06] *C(=O)NH2
[17:13:06] ~~~~~~~^
[17:13:06] SMILES Parse Error: Failed parsing SMILES '*C(=O)NH2' for input: '*C(=O)NH2'
[17:13:06] Can't kekulize mol.  Unkekulized atoms: 18 19 21
[17:13:08] Can't kekulize mol.  Unkekulized atoms: 18 19 20 21 22 23 25
[17:13:09] Can't kekulize mol.  Unkekulized atoms: 24 25 27
[17:13:09] SMILES Parse Error: syntax error while parsing: *C(=O)NH2
[17:13:09] SMILES Parse Error: check for mistakes around position 8:
[17:13:09] *C(=O)NH2
[17:13:09] ~~~~~~~^
[17:13:09] SMILES Parse Error: Failed parsing SMILES '*C(=O)NH2' for input: '*C(=O)NH2'
[17:13:10] SMILES Parse Error: syntax error while parsing: *C(=O)NH2
[17:13:10] SMILES Parse Error: check for mistakes around position 8:
[17:13:10] *C(=O)NH2
[17:13:10] ~~~~~~~^
[17:13:10] SMILES Parse Error: Failed parsing SMILES '*C(=O)NH2' for input: '*C(=O)NH2'
[17:13:12] SMILES Parse Error: syntax error while parsing: *C(=O)NHOH
[17:13:12] SMILES Parse Error: check for mistakes around position 8:
[17:13:12] *C(=O)NHOH
[17:13:12] ~~~~~~~^
[17:13:12] SMILES Parse Error: Failed parsing SMILES '*C(=O)NHOH' for input: '*C(=O)NHOH'
[17:13:13] Can't kekulize mol.  Unkekulized atoms: 11 12 14
[17:13:14] SMILES Parse Error: syntax error while parsing: *C(=O)NHOH
[17:13:14] SMILES Parse Error: check for mistakes around position 8:
[17:13:14] *C(=O)NHOH
[17:13:14] ~~~~~~~^
[17:13:14] SMILES Parse Error: Failed parsing SMILES '*C(=O)NHOH' for input: '*C(=O)NHOH'
[17:13:15] Can't kekulize mol.  Unkekulized atoms: 31 32 33 34 35 36 38
[17:13:15] Can't kekulize mol.  Unkekulized atoms: 16 17 19
[17:13:18] Can't kekulize mol.  Unkekulized atoms: 10 11 13
[17:13:21] SMILES Parse Error: syntax error while parsing: *C(=O)NHOH
[17:13:21] SMILES Parse Error: check for mistakes around position 8:
[17:13:21] *C(=O)NHOH
[17:13:21] ~~~~~~~^
[17:13:21] SMILES Parse Error: Failed parsing SMILES '*C(=O)NHOH' for input: '*C(=O)NHOH'
[17:13:25] Can't kekulize mol.  Unkekulized atoms: 13 14 15 16 17 18 19 20 21
[17:13:26] SMILES Parse Error: syntax error while parsing: *C(=O)NHOH
[17:13:26] SMILES Parse Error: check for mistakes around position 8:
[17:13:26] *C(=O)NHOH
[17:13:26] ~~~~~~~^
[17:13:26] SMILES Parse Error: Failed parsing SMILES '*C(=O)NHOH' for input: '*C(=O)NHOH'
[17:13:28] Can't kekulize mol.  Unkekulized atoms: 19 20 22
[17:13:30] Can't kekulize mol.  Unkekulized atoms: 22 23 25
[17:13:30] Can't kekulize mol.  Unkekulized atoms: 13 14 15 16 17 18 19 20 21
[17:13:31] SMILES Parse Error: syntax error while parsing: *C(=O)NH2
[17:13:31] SMILES Parse Error: check for mistakes around position 8:
[17:13:31] *C(=O)NH2
[17:13:31] ~~~~~~~^
[17:13:31] SMILES Parse Error: Failed parsing SMILES '*C(=O)NH2' for input: '*C(=O)NH2'
[17:13:31] Can't kekulize mol.  Unkekulized atoms: 19 20 22
[17:13:33] Can't kekulize mol.  Unkekulized atoms: 22 23 24 25 26 27 29
[17:13:34] SMILES Parse Error: syntax error while parsing: *C(=O)NH2
[17:13:34] SMILES Parse Error: check for mistakes around position 8:
[17:13:34] *C(=O)NH2
[17:13:34] ~~~~~~~^
[17:13:34] SMILES Parse Error: Failed parsing SMILES '*C(=O)NH2' for input: '*C(=O)NH2'
[17:13:34] Can't kekulize mol.  Unkekulized atoms: 22 23 24 25 26 27 28 29 30
[17:13:34] SMILES Parse Error: syntax error while parsing: *C(=O)NH2
[17:13:34] SMILES Parse Error: check for mistakes around position 8:
[17:13:34] *C(=O)NH2
[17:13:34] ~~~~~~~^
[17:13:34] SMILES Parse Error: Failed parsing SMILES '*C(=O)NH2' for input: '*C(=O)NH2'
[17:13:36] Can't kekulize mol.  Unkekulized atoms: 18 19 20 21 22 23 25
[17:13:36] SMILES Parse Error: syntax error while parsing: *C(=O)NHOH
[17:13:36] SMILES Parse Error: check for mistakes around position 8:
[17:13:36] *C(=O)NHOH
[17:13:36] ~~~~~~~^
[17:13:36] SMILES Parse Error: Failed parsing SMILES '*C(=O)NHOH' for input: '*C(=O)NHOH'
[17:13:37] Can't kekulize mol.  Unkekulized atoms: 19 20 22
[17:13:38] Can't kekulize mol.  Unkekulized atoms: 17 18 19 20 21 22 24
[17:13:39] Can't kekulize mol.  Unkekulized atoms: 16 17 18 19 20 21 22 23 24
[17:13:39] Can't kekulize mol.  Unkekulized atoms: 16 17 18 19 20
[17:13:40] SMILES Parse Error: syntax error while parsing: *C(=O)NH2
[17:13:40] SMILES Parse Error: check for mistakes around position 8:
[17:13:40] *C(=O)NH2
[17:13:40] ~~~~~~~^
[17:13:40] SMILES Parse Error: Failed parsing SMILES '*C(=O)NH2' for input: '*C(=O)NH2'
[17:13:40] Can't kekulize mol.  Unkekulized atoms: 24 25 27
[17:13:41] SMILES Parse Error: syntax error while parsing: *C(=O)NHOH
[17:13:41] SMILES Parse Error: check for mistakes around position 8:
[17:13:41] *C(=O)NHOH
[17:13:41] ~~~~~~~^
[17:13:41] SMILES Parse Error: Failed parsing SMILES '*C(=O)NHOH' for input: '*C(=O)NHOH'
[17:13:41] Can't kekulize mol.  Unkekulized atoms: 19 20 22
[17:13:43] Can't kekulize mol.  Unkekulized atoms: 19 20 21 22 23 24 25 26 27
[17:13:44] Can't kekulize mol.  Unkekulized atoms: 17 18 19 20 21
[17:13:47] Can't kekulize mol.  Unkekulized atoms: 14 15 17
[17:13:47] Can't kekulize mol.  Unkekulized atoms: 14 15 16 17 18 19 21
[17:13:48] SMILES Parse Error: syntax error while parsing: *C(=O)NH2
[17:13:48] SMILES Parse Error: check for mistakes around position 8:
[17:13:48] *C(=O)NH2
[17:13:48] ~~~~~~~^
[17:13:48] SMILES Parse Error: Failed parsing SMILES '*C(=O)NH2' for input: '*C(=O)NH2'
[17:13:49] Can't kekulize mol.  Unkekulized atoms: 13 14 15 16 17 18 20
[17:13:56] Can't kekulize mol.  Unkekulized atoms: 18 19 21
[17:13:57] Can't kekulize mol.  Unkekulized atoms: 24 25 27
[17:13:57] Can't kekulize mol.  Unkekulized atoms: 14 15 17
[17:14:00] Can't kekulize mol.  Unkekulized atoms: 13 14 16
[17:14:00] Can't kekulize mol.  Unkekulized atoms: 13 14 15 16 17 18 19 20 21
[17:14:00] Can't kekulize mol.  Unkekulized atoms: 19 20 21 22 23
[17:14:03] Can't kekulize mol.  Unkekulized atoms: 16 17 18 19 20
[17:14:03] Can't kekulize mol.  Unkekulized atoms: 30 31 33
[17:14:05] Can't kekulize mol.  Unkekulized atoms: 28 29 31
[17:14:07] Can't kekulize mol.  Unkekulized atoms: 18 19 21
[17:14:08] SMILES Parse Error: syntax error while parsing: *C(=O)NHOH
[17:14:08] SMILES Parse Error: check for mistakes around position 8:
[17:14:08] *C(=O)NHOH
[17:14:08] ~~~~~~~^
[17:14:08] SMILES Parse Error: Failed parsing SMILES '*C(=O)NHOH' for input: '*C(=O)NHOH'
[17:14:11] Can't kekulize mol.  Unkekulized atoms: 18 19 20 21 22 23 24 25 26
[17:14:14] SMILES Parse Error: syntax error while parsing: *C(=O)NHOH
[17:14:14] SMILES Parse Error: check for mistakes around position 8:
[17:14:14] *C(=O)NHOH
[17:14:14] ~~~~~~~^
[17:14:14] SMILES Parse Error: Failed parsing SMILES '*C(=O)NHOH' for input: '*C(=O)NHOH'
[17:14:14] Can't kekulize mol.  Unkekulized atoms: 21 22 24
[17:14:15] Can't kekulize mol.  Unkekulized atoms: 14 15 16 17 18 19 21
[17:14:16] Can't kekulize mol.  Unkekulized atoms: 10 11 13
[17:14:17] SMILES Parse Error: syntax error while parsing: *C(=O)NH2
[17:14:17] SMILES Parse Error: check for mistakes around position 8:
[17:14:17] *C(=O)NH2
[17:14:17] ~~~~~~~^
[17:14:17] SMILES Parse Error: Failed parsing SMILES '*C(=O)NH2' for input: '*C(=O)NH2'
[17:14:18] Can't kekulize mol.  Unkekulized atoms: 33 34 35 36 37 38 39 40 41
[17:14:19] Can't kekulize mol.  Unkekulized atoms: 24 25 27
[17:14:22] Can't kekulize mol.  Unkekulized atoms: 13 14 15 16 17 18 20
[17:14:26] SMILES Parse Error: syntax error while parsing: *C(=O)NHOH
[17:14:26] SMILES Parse Error: check for mistakes around position 8:
[17:14:26] *C(=O)NHOH
[17:14:26] ~~~~~~~^
[17:14:26] SMILES Parse Error: Failed parsing SMILES '*C(=O)NHOH' for input: '*C(=O)NHOH'
[17:14:30] SMILES Parse Error: syntax error while parsing: *C(=O)NHOH
[17:14:30] SMILES Parse Error: check for mistakes around position 8:
[17:14:30] *C(=O)NHOH
[17:14:30] ~~~~~~~^
[17:14:30] SMILES Parse Error: Failed parsing SMILES '*C(=O)NHOH' for input: '*C(=O)NHOH'
[17:14:31] Can't kekulize mol.  Unkekulized atoms: 27 28 29 30 31 32 33 34 35
[17:14:44] SMILES Parse Error: syntax error while parsing: *C(=O)NHOH
[17:14:44] SMILES Parse Error: check for mistakes around position 8:
[17:14:44] *C(=O)NHOH
[17:14:44] ~~~~~~~^
[17:14:44] SMILES Parse Error: Failed parsing SMILES '*C(=O)NHOH' for input: '*C(=O)NHOH'
[17:14:45] Can't kekulize mol.  Unkekulized atoms: 23 24 25 26 27 28 30
[17:14:48] Can't kekulize mol.  Unkekulized atoms: 23 24 26
[17:14:50] Can't kekulize mol.  Unkekulized atoms: 28 29 31
[17:14:50] Can't kekulize mol.  Unkekulized atoms: 7 8 9 10 11 12 14
[17:14:51] Can't kekulize mol.  Unkekulized atoms: 18 19 20 21 22 23 24 25 26
[17:14:53] Can't kekulize mol.  Unkekulized atoms: 15 16 18
[17:14:53] Can't kekulize mol.  Unkekulized atoms: 19 20 21 22 23
[17:14:54] Can't kekulize mol.  Unkekulized atoms: 18 19 20 21 22 23 25
[17:15:01] SMILES Parse Error: syntax error while parsing: *C(=O)NH2
[17:15:01] SMILES Parse Error: check for mistakes around position 8:
[17:15:01] *C(=O)NH2
[17:15:01] ~~~~~~~^
[17:15:01] SMILES Parse Error: Failed parsing SMILES '*C(=O)NH2' for input: '*C(=O)NH2'
[17:15:01] Can't kekulize mol.  Unkekulized atoms: 18 19 20 21 22 23 24 25 26
[17:15:03] Can't kekulize mol.  Unkekulized atoms: 29 30 32
[17:15:04] Can't kekulize mol.  Unkekulized atoms: 21 22 23 24 25 26 28
[17:15:06] Can't kekulize mol.  Unkekulized atoms: 24 25 27
[17:15:08] SMILES Parse Error: syntax error while parsing: *C(=O)NH2
[17:15:08] SMILES Parse Error: check for mistakes around position 8:
[17:15:08] *C(=O)NH2
[17:15:08] ~~~~~~~^
[17:15:08] SMILES Parse Error: Failed parsing SMILES '*C(=O)NH2' for input: '*C(=O)NH2'
[17:15:09] Can't kekulize mol.  Unkekulized atoms: 17 18 20
[17:15:10] Can't kekulize mol.  Unkekulized atoms: 19 20 22
[17:15:11] SMILES Parse Error: syntax error while parsing: *C(=O)NH2
[17:15:11] SMILES Parse Error: check for mistakes around position 8:
[17:15:11] *C(=O)NH2
[17:15:11] ~~~~~~~^
[17:15:11] SMILES Parse Error: Failed parsing SMILES '*C(=O)NH2' for input: '*C(=O)NH2'
[17:15:15] SMILES Parse Error: syntax error while parsing: *C(=O)NHOH
[17:15:15] SMILES Parse Error: check for mistakes around position 8:
[17:15:15] *C(=O)NHOH
[17:15:15] ~~~~~~~^
[17:15:15] SMILES Parse Error: Failed parsing SMILES '*C(=O)NHOH' for input: '*C(=O)NHOH'
[17:15:15] SMILES Parse Error: syntax error while parsing: *C(=O)NH2
[17:15:15] SMILES Parse Error: check for mistakes around position 8:
[17:15:15] *C(=O)NH2
[17:15:15] ~~~~~~~^
[17:15:15] SMILES Parse Error: Failed parsing SMILES '*C(=O)NH2' for input: '*C(=O)NH2'
[17:15:15] SMILES Parse Error: syntax error while parsing: *C(=O)NHOH
[17:15:15] SMILES Parse Error: check for mistakes around position 8:
[17:15:15] *C(=O)NHOH
[17:15:15] ~~~~~~~^
[17:15:15] SMILES Parse Error: Failed parsing SMILES '*C(=O)NHOH' for input: '*C(=O)NHOH'
[17:15:15] Can't kekulize mol.  Unkekulized atoms: 16 17 18 19 20 21 22 23 24
[17:15:18] SMILES Parse Error: syntax error while parsing: *C(=O)NH2
[17:15:18] SMILES Parse Error: check for mistakes around position 8:
[17:15:18] *C(=O)NH2
[17:15:18] ~~~~~~~^
[17:15:18] SMILES Parse Error: Failed parsing SMILES '*C(=O)NH2' for input: '*C(=O)NH2'
[17:15:20] Can't kekulize mol.  Unkekulized atoms: 26 27 28 29 30 31 33
[17:15:23] Can't kekulize mol.  Unkekulized atoms: 23 24 25 26 27 28 30
═══ P4 MCTS+RL — seed=10 ═══
  Initial SMILES:  C
  Max steps:       8
  Iterations:      1000
  Fragment set:    all (108 fragments)
  Policy:          ScafVAE
  PUCT c:          1.414
  Host:            penavoraserver
\n═══ Results ═══
  Best state:      Cc1c(O)cc(-c2ccccc2)c(C)c1OC1CCCCN1
  Best reward:     0.611854
  Output CSV:      /home/nanaengo/Malaria_codesV2/Project4_Advanced_Monte_CarloV2607/results/mcts/p4_mcts_seed_10.csv
