[16:48:20] Can't kekulize mol.  Unkekulized atoms: 0 1 2 3 4
[16:48:24] SMILES Parse Error: syntax error while parsing: *C(=O)NHOH
[16:48:24] SMILES Parse Error: check for mistakes around position 8:
[16:48:24] *C(=O)NHOH
[16:48:24] ~~~~~~~^
[16:48:24] SMILES Parse Error: Failed parsing SMILES '*C(=O)NHOH' for input: '*C(=O)NHOH'
[16:48:24] Can't kekulize mol.  Unkekulized atoms: 22 23 25
[16:48:26] Can't kekulize mol.  Unkekulized atoms: 36 37 39
[16:48:28] Can't kekulize mol.  Unkekulized atoms: 21 22 24
[16:48:31] SMILES Parse Error: syntax error while parsing: *C(=O)NH2
[16:48:31] SMILES Parse Error: check for mistakes around position 8:
[16:48:31] *C(=O)NH2
[16:48:31] ~~~~~~~^
[16:48:31] SMILES Parse Error: Failed parsing SMILES '*C(=O)NH2' for input: '*C(=O)NH2'
[16:48:32] Can't kekulize mol.  Unkekulized atoms: 5 6 7 8 9
[16:48:34] Can't kekulize mol.  Unkekulized atoms: 17 18 20
[16:48:35] Can't kekulize mol.  Unkekulized atoms: 25 26 27 28 29 30 32
[16:48:36] Can't kekulize mol.  Unkekulized atoms: 22 23 24 25 26 27 28 29 30
[16:48:37] Can't kekulize mol.  Unkekulized atoms: 10 11 12 13 14 15 17
[16:48:40] SMILES Parse Error: syntax error while parsing: *C(=O)NHOH
[16:48:40] SMILES Parse Error: check for mistakes around position 8:
[16:48:40] *C(=O)NHOH
[16:48:40] ~~~~~~~^
[16:48:40] SMILES Parse Error: Failed parsing SMILES '*C(=O)NHOH' for input: '*C(=O)NHOH'
[16:48:41] Can't kekulize mol.  Unkekulized atoms: 16 17 18 19 20
[16:48:43] Can't kekulize mol.  Unkekulized atoms: 30 31 33
[16:48:43] Can't kekulize mol.  Unkekulized atoms: 14 15 16 17 18 19 21
[16:48:45] SMILES Parse Error: syntax error while parsing: *C(=O)NHOH
[16:48:45] SMILES Parse Error: check for mistakes around position 8:
[16:48:45] *C(=O)NHOH
[16:48:45] ~~~~~~~^
[16:48:45] SMILES Parse Error: Failed parsing SMILES '*C(=O)NHOH' for input: '*C(=O)NHOH'
[16:48:45] Can't kekulize mol.  Unkekulized atoms: 15 16 17 18 19
[16:48:45] Can't kekulize mol.  Unkekulized atoms: 27 28 29 30 31 32 33 34 35
[16:48:46] SMILES Parse Error: syntax error while parsing: *C(=O)NH2
[16:48:46] SMILES Parse Error: check for mistakes around position 8:
[16:48:46] *C(=O)NH2
[16:48:46] ~~~~~~~^
[16:48:46] SMILES Parse Error: Failed parsing SMILES '*C(=O)NH2' for input: '*C(=O)NH2'
[16:48:47] SMILES Parse Error: syntax error while parsing: *C(=O)NH2
[16:48:47] SMILES Parse Error: check for mistakes around position 8:
[16:48:47] *C(=O)NH2
[16:48:47] ~~~~~~~^
[16:48:47] SMILES Parse Error: Failed parsing SMILES '*C(=O)NH2' for input: '*C(=O)NH2'
[16:48:50] SMILES Parse Error: syntax error while parsing: *C(=O)NH2
[16:48:50] SMILES Parse Error: check for mistakes around position 8:
[16:48:50] *C(=O)NH2
[16:48:50] ~~~~~~~^
[16:48:50] SMILES Parse Error: Failed parsing SMILES '*C(=O)NH2' for input: '*C(=O)NH2'
[16:48:50] SMILES Parse Error: syntax error while parsing: *C(=O)NHOH
[16:48:50] SMILES Parse Error: check for mistakes around position 8:
[16:48:50] *C(=O)NHOH
[16:48:50] ~~~~~~~^
[16:48:50] SMILES Parse Error: Failed parsing SMILES '*C(=O)NHOH' for input: '*C(=O)NHOH'
[16:48:50] SMILES Parse Error: syntax error while parsing: *C(=O)NHOH
[16:48:50] SMILES Parse Error: check for mistakes around position 8:
[16:48:50] *C(=O)NHOH
[16:48:50] ~~~~~~~^
[16:48:50] SMILES Parse Error: Failed parsing SMILES '*C(=O)NHOH' for input: '*C(=O)NHOH'
[16:48:52] Can't kekulize mol.  Unkekulized atoms: 23 24 26
[16:48:52] Can't kekulize mol.  Unkekulized atoms: 14 15 17
[16:48:52] Can't kekulize mol.  Unkekulized atoms: 12 13 15
[16:48:52] Can't kekulize mol.  Unkekulized atoms: 15 16 18
[16:48:53] Can't kekulize mol.  Unkekulized atoms: 12 13 15
[16:48:53] Can't kekulize mol.  Unkekulized atoms: 12 13 14 15 16
[16:48:55] Can't kekulize mol.  Unkekulized atoms: 18 19 21
[16:48:57] Can't kekulize mol.  Unkekulized atoms: 20 21 23
[16:49:01] Can't kekulize mol.  Unkekulized atoms: 19 20 21 22 23
[16:49:01] Can't kekulize mol.  Unkekulized atoms: 18 19 21
[16:49:02] SMILES Parse Error: syntax error while parsing: *C(=O)NHOH
[16:49:02] SMILES Parse Error: check for mistakes around position 8:
[16:49:02] *C(=O)NHOH
[16:49:02] ~~~~~~~^
[16:49:02] SMILES Parse Error: Failed parsing SMILES '*C(=O)NHOH' for input: '*C(=O)NHOH'
[16:49:02] SMILES Parse Error: syntax error while parsing: *C(=O)NH2
[16:49:02] SMILES Parse Error: check for mistakes around position 8:
[16:49:02] *C(=O)NH2
[16:49:02] ~~~~~~~^
[16:49:02] SMILES Parse Error: Failed parsing SMILES '*C(=O)NH2' for input: '*C(=O)NH2'
[16:49:03] SMILES Parse Error: syntax error while parsing: *C(=O)NHOH
[16:49:03] SMILES Parse Error: check for mistakes around position 8:
[16:49:03] *C(=O)NHOH
[16:49:03] ~~~~~~~^
[16:49:03] SMILES Parse Error: Failed parsing SMILES '*C(=O)NHOH' for input: '*C(=O)NHOH'
[16:49:04] SMILES Parse Error: syntax error while parsing: *C(=O)NH2
[16:49:04] SMILES Parse Error: check for mistakes around position 8:
[16:49:04] *C(=O)NH2
[16:49:04] ~~~~~~~^
[16:49:04] SMILES Parse Error: Failed parsing SMILES '*C(=O)NH2' for input: '*C(=O)NH2'
[16:49:04] Can't kekulize mol.  Unkekulized atoms: 14 15 16 17 18
[16:49:05] SMILES Parse Error: syntax error while parsing: *C(=O)NHOH
[16:49:05] SMILES Parse Error: check for mistakes around position 8:
[16:49:05] *C(=O)NHOH
[16:49:05] ~~~~~~~^
[16:49:05] SMILES Parse Error: Failed parsing SMILES '*C(=O)NHOH' for input: '*C(=O)NHOH'
[16:49:07] Can't kekulize mol.  Unkekulized atoms: 15 16 17 18 19 20 22
[16:49:07] Can't kekulize mol.  Unkekulized atoms: 14 15 17
[16:49:11] Can't kekulize mol.  Unkekulized atoms: 7 8 10
[16:49:11] SMILES Parse Error: syntax error while parsing: *C(=O)NH2
[16:49:11] SMILES Parse Error: check for mistakes around position 8:
[16:49:11] *C(=O)NH2
[16:49:11] ~~~~~~~^
[16:49:11] SMILES Parse Error: Failed parsing SMILES '*C(=O)NH2' for input: '*C(=O)NH2'
[16:49:12] Can't kekulize mol.  Unkekulized atoms: 13 14 16
[16:49:13] Can't kekulize mol.  Unkekulized atoms: 18 19 21
[16:49:14] Can't kekulize mol.  Unkekulized atoms: 9 10 11 12 13
[16:49:17] Can't kekulize mol.  Unkekulized atoms: 14 15 17
[16:49:18] Can't kekulize mol.  Unkekulized atoms: 16 17 19
[16:49:19] Can't kekulize mol.  Unkekulized atoms: 24 25 27
[16:49:20] SMILES Parse Error: syntax error while parsing: *C(=O)NH2
[16:49:20] SMILES Parse Error: check for mistakes around position 8:
[16:49:20] *C(=O)NH2
[16:49:20] ~~~~~~~^
[16:49:20] SMILES Parse Error: Failed parsing SMILES '*C(=O)NH2' for input: '*C(=O)NH2'
[16:49:21] Can't kekulize mol.  Unkekulized atoms: 13 14 16
[16:49:21] SMILES Parse Error: syntax error while parsing: *C(=O)NHOH
[16:49:21] SMILES Parse Error: check for mistakes around position 8:
[16:49:21] *C(=O)NHOH
[16:49:21] ~~~~~~~^
[16:49:21] SMILES Parse Error: Failed parsing SMILES '*C(=O)NHOH' for input: '*C(=O)NHOH'
[16:49:21] Can't kekulize mol.  Unkekulized atoms: 14 15 16 17 18 19 20 21 22
[16:49:23] Can't kekulize mol.  Unkekulized atoms: 20 21 23
[16:49:24] Can't kekulize mol.  Unkekulized atoms: 18 19 21
[16:49:28] Can't kekulize mol.  Unkekulized atoms: 20 21 22 23 24 25 27
[16:49:29] Can't kekulize mol.  Unkekulized atoms: 15 16 17 18 19
[16:49:33] Can't kekulize mol.  Unkekulized atoms: 14 15 16 17 18 19 21
[16:49:38] Can't kekulize mol.  Unkekulized atoms: 20 21 23
[16:49:45] SMILES Parse Error: syntax error while parsing: *C(=O)NH2
[16:49:45] SMILES Parse Error: check for mistakes around position 8:
[16:49:45] *C(=O)NH2
[16:49:45] ~~~~~~~^
[16:49:45] SMILES Parse Error: Failed parsing SMILES '*C(=O)NH2' for input: '*C(=O)NH2'
[16:49:49] Can't kekulize mol.  Unkekulized atoms: 11 12 14
[16:49:50] Can't kekulize mol.  Unkekulized atoms: 20 21 23
[16:49:50] Can't kekulize mol.  Unkekulized atoms: 20 21 22 23 24 25 27
[16:49:55] SMILES Parse Error: syntax error while parsing: *C(=O)NH2
[16:49:55] SMILES Parse Error: check for mistakes around position 8:
[16:49:55] *C(=O)NH2
[16:49:55] ~~~~~~~^
[16:49:55] SMILES Parse Error: Failed parsing SMILES '*C(=O)NH2' for input: '*C(=O)NH2'
[16:49:56] Can't kekulize mol.  Unkekulized atoms: 7 8 10
[16:49:56] Can't kekulize mol.  Unkekulized atoms: 15 16 17 18 19 20 22
[16:49:56] Can't kekulize mol.  Unkekulized atoms: 15 16 17 18 19
[16:49:56] SMILES Parse Error: syntax error while parsing: *C(=O)NHOH
[16:49:56] SMILES Parse Error: check for mistakes around position 8:
[16:49:56] *C(=O)NHOH
[16:49:56] ~~~~~~~^
[16:49:56] SMILES Parse Error: Failed parsing SMILES '*C(=O)NHOH' for input: '*C(=O)NHOH'
[16:50:11] Can't kekulize mol.  Unkekulized atoms: 21 22 24
[16:50:13] SMILES Parse Error: syntax error while parsing: *C(=O)NHOH
[16:50:13] SMILES Parse Error: check for mistakes around position 8:
[16:50:13] *C(=O)NHOH
[16:50:13] ~~~~~~~^
[16:50:13] SMILES Parse Error: Failed parsing SMILES '*C(=O)NHOH' for input: '*C(=O)NHOH'
[16:50:13] SMILES Parse Error: syntax error while parsing: *C(=O)NH2
[16:50:13] SMILES Parse Error: check for mistakes around position 8:
[16:50:13] *C(=O)NH2
[16:50:13] ~~~~~~~^
[16:50:13] SMILES Parse Error: Failed parsing SMILES '*C(=O)NH2' for input: '*C(=O)NH2'
[16:50:13] Can't kekulize mol.  Unkekulized atoms: 18 19 21
[16:50:18] Can't kekulize mol.  Unkekulized atoms: 15 16 17 18 19 20 22
[16:50:19] Can't kekulize mol.  Unkekulized atoms: 17 18 20
[16:50:20] SMILES Parse Error: syntax error while parsing: *C(=O)NH2
[16:50:20] SMILES Parse Error: check for mistakes around position 8:
[16:50:20] *C(=O)NH2
[16:50:20] ~~~~~~~^
[16:50:20] SMILES Parse Error: Failed parsing SMILES '*C(=O)NH2' for input: '*C(=O)NH2'
[16:50:22] Can't kekulize mol.  Unkekulized atoms: 32 33 34 35 36 37 38 39 40
[16:50:26] Can't kekulize mol.  Unkekulized atoms: 20 21 22 23 24 25 27
[16:50:27] Can't kekulize mol.  Unkekulized atoms: 23 24 25 26 27 28 29 30 31
[16:50:27] Can't kekulize mol.  Unkekulized atoms: 24 25 27
[16:50:29] SMILES Parse Error: syntax error while parsing: *C(=O)NH2
[16:50:29] SMILES Parse Error: check for mistakes around position 8:
[16:50:29] *C(=O)NH2
[16:50:29] ~~~~~~~^
[16:50:29] SMILES Parse Error: Failed parsing SMILES '*C(=O)NH2' for input: '*C(=O)NH2'
[16:50:30] SMILES Parse Error: syntax error while parsing: *C(=O)NHOH
[16:50:30] SMILES Parse Error: check for mistakes around position 8:
[16:50:30] *C(=O)NHOH
[16:50:30] ~~~~~~~^
[16:50:30] SMILES Parse Error: Failed parsing SMILES '*C(=O)NHOH' for input: '*C(=O)NHOH'
[16:50:33] SMILES Parse Error: syntax error while parsing: *C(=O)NH2
[16:50:33] SMILES Parse Error: check for mistakes around position 8:
[16:50:33] *C(=O)NH2
[16:50:33] ~~~~~~~^
[16:50:33] SMILES Parse Error: Failed parsing SMILES '*C(=O)NH2' for input: '*C(=O)NH2'
[16:50:35] Can't kekulize mol.  Unkekulized atoms: 17 18 20
[16:50:38] Can't kekulize mol.  Unkekulized atoms: 21 22 24
[16:50:42] SMILES Parse Error: syntax error while parsing: *C(=O)NH2
[16:50:42] SMILES Parse Error: check for mistakes around position 8:
[16:50:42] *C(=O)NH2
[16:50:42] ~~~~~~~^
[16:50:42] SMILES Parse Error: Failed parsing SMILES '*C(=O)NH2' for input: '*C(=O)NH2'
[16:50:43] Can't kekulize mol.  Unkekulized atoms: 15 16 18
[16:50:46] SMILES Parse Error: syntax error while parsing: *C(=O)NHOH
[16:50:46] SMILES Parse Error: check for mistakes around position 8:
[16:50:46] *C(=O)NHOH
[16:50:46] ~~~~~~~^
[16:50:46] SMILES Parse Error: Failed parsing SMILES '*C(=O)NHOH' for input: '*C(=O)NHOH'
[16:50:48] Can't kekulize mol.  Unkekulized atoms: 33 34 36
[16:50:50] SMILES Parse Error: syntax error while parsing: *C(=O)NHOH
[16:50:50] SMILES Parse Error: check for mistakes around position 8:
[16:50:50] *C(=O)NHOH
[16:50:50] ~~~~~~~^
[16:50:50] SMILES Parse Error: Failed parsing SMILES '*C(=O)NHOH' for input: '*C(=O)NHOH'
[16:50:50] Can't kekulize mol.  Unkekulized atoms: 21 22 24
[16:50:53] Can't kekulize mol.  Unkekulized atoms: 18 19 21
[16:50:56] Can't kekulize mol.  Unkekulized atoms: 15 16 18
[16:51:01] Can't kekulize mol.  Unkekulized atoms: 18 19 20 21 22 23 25
[16:51:06] Can't kekulize mol.  Unkekulized atoms: 9 10 11 12 13
═══ P4 MCTS+RL — seed=5 ═══
  Initial SMILES:  C
  Max steps:       8
  Iterations:      1000
  Fragment set:    expanded (108 fragments)
  Policy:          ScafVAE
  PUCT c:          1.414
  Host:            penavoraserver
\n═══ Results ═══
  Best state:      COc1cccc(C(C)(OC)c2cccc(O)c2)c1
  Best reward:     0.635622
  Output CSV:      /home/nanaengo/Malaria_codesV2/Project4_Advanced_Monte_CarloV2607/results/mcts/p4_mcts_seed_5.csv
