============================================================
Paper 3 — Hybrid Framework + Activity Benchmark  (lightning.qubit)
============================================================
  500 molecules  (active=307, inactive=193)

  Loading descriptors...
[04:26:50] DEPRECATION WARNING: please use MorganGenerator
[04:26:50] DEPRECATION WARNING: please use MorganGenerator
[04:26:50] DEPRECATION WARNING: please use MorganGenerator
[04:26:50] DEPRECATION WARNING: please use MorganGenerator
[04:26:50] DEPRECATION WARNING: please use MorganGenerator
[04:26:50] DEPRECATION WARNING: please use MorganGenerator
[04:26:50] DEPRECATION WARNING: please use MorganGenerator
[04:26:50] DEPRECATION WARNING: please use MorganGenerator
[04:26:50] DEPRECATION WARNING: please use MorganGenerator
[04:26:50] DEPRECATION WARNING: please use MorganGenerator
[04:26:50] DEPRECATION WARNING: please use MorganGenerator
[04:26:50] DEPRECATION WARNING: please use MorganGenerator
[04:26:50] DEPRECATION WARNING: please use MorganGenerator
[04:26:50] DEPRECATION WARNING: please use MorganGenerator
[04:26:50] DEPRECATION WARNING: please use MorganGenerator
[04:26:50] DEPRECATION WARNING: please use MorganGenerator
[04:26:50] DEPRECATION WARNING: please use MorganGenerator
[04:26:50] DEPRECATION WARNING: please use MorganGenerator
[04:26:50] DEPRECATION WARNING: please use MorganGenerator
[04:26:50] DEPRECATION WARNING: please use MorganGenerator
[04:26:50] DEPRECATION WARNING: please use MorganGenerator
[04:26:50] DEPRECATION WARNING: please use MorganGenerator
[04:26:50] DEPRECATION WARNING: please use MorganGenerator
[04:26:50] DEPRECATION WARNING: please use MorganGenerator
[04:26:50] DEPRECATION WARNING: please use MorganGenerator
[04:26:50] DEPRECATION WARNING: please use MorganGenerator
[04:26:50] DEPRECATION WARNING: please use MorganGenerator
[04:26:50] DEPRECATION WARNING: please use MorganGenerator
[04:26:50] DEPRECATION WARNING: please use MorganGenerator
[04:26:50] DEPRECATION WARNING: please use MorganGenerator
[04:26:50] DEPRECATION WARNING: please use MorganGenerator
[04:26:50] DEPRECATION WARNING: please use MorganGenerator
[04:26:50] DEPRECATION WARNING: please use MorganGenerator
[04:26:50] DEPRECATION WARNING: please use MorganGenerator
[04:26:50] DEPRECATION WARNING: please use MorganGenerator
[04:26:50] DEPRECATION WARNING: please use MorganGenerator
[04:26:50] DEPRECATION WARNING: please use MorganGenerator
[04:26:50] DEPRECATION WARNING: please use MorganGenerator
[04:26:50] DEPRECATION WARNING: please use MorganGenerator
[04:26:50] DEPRECATION WARNING: please use MorganGenerator
[04:26:50] DEPRECATION WARNING: please use MorganGenerator
[04:26:50] DEPRECATION WARNING: please use MorganGenerator
[04:26:50] DEPRECATION WARNING: please use MorganGenerator
[04:26:50] DEPRECATION WARNING: please use MorganGenerator
[04:26:50] DEPRECATION WARNING: please use MorganGenerator
[04:26:50] DEPRECATION WARNING: please use MorganGenerator
[04:26:50] DEPRECATION WARNING: please use MorganGenerator
[04:26:50] DEPRECATION WARNING: please use MorganGenerator
[04:26:50] DEPRECATION WARNING: please use MorganGenerator
[04:26:50] DEPRECATION WARNING: please use MorganGenerator
[04:26:50] DEPRECATION WARNING: please use MorganGenerator
[04:26:50] DEPRECATION WARNING: please use MorganGenerator
[04:26:50] DEPRECATION WARNING: please use MorganGenerator
[04:26:50] DEPRECATION WARNING: please use MorganGenerator
[04:26:50] DEPRECATION WARNING: please use MorganGenerator
[04:26:50] DEPRECATION WARNING: please use MorganGenerator
[04:26:50] DEPRECATION WARNING: please use MorganGenerator
[04:26:50] DEPRECATION WARNING: please use MorganGenerator
[04:26:50] DEPRECATION WARNING: please use MorganGenerator
[04:26:50] DEPRECATION WARNING: please use MorganGenerator
[04:26:50] DEPRECATION WARNING: please use MorganGenerator
[04:26:50] DEPRECATION WARNING: please use MorganGenerator
[04:26:50] DEPRECATION WARNING: please use MorganGenerator
[04:26:50] DEPRECATION WARNING: please use MorganGenerator
[04:26:50] DEPRECATION WARNING: please use MorganGenerator
[04:26:50] DEPRECATION WARNING: please use MorganGenerator
[04:26:50] DEPRECATION WARNING: please use MorganGenerator
[04:26:50] DEPRECATION WARNING: please use MorganGenerator
[04:26:50] DEPRECATION WARNING: please use MorganGenerator
[04:26:50] DEPRECATION WARNING: please use MorganGenerator
[04:26:50] DEPRECATION WARNING: please use MorganGenerator
[04:26:50] DEPRECATION WARNING: please use MorganGenerator
[04:26:50] DEPRECATION WARNING: please use MorganGenerator
[04:26:50] DEPRECATION WARNING: please use MorganGenerator
[04:26:50] DEPRECATION WARNING: please use MorganGenerator
[04:26:50] DEPRECATION WARNING: please use MorganGenerator
[04:26:50] DEPRECATION WARNING: please use MorganGenerator
[04:26:50] DEPRECATION WARNING: please use MorganGenerator
[04:26:50] DEPRECATION WARNING: please use MorganGenerator
[04:26:50] DEPRECATION WARNING: please use MorganGenerator
[04:26:50] DEPRECATION WARNING: please use MorganGenerator
[04:26:50] DEPRECATION WARNING: please use MorganGenerator
[04:26:50] DEPRECATION WARNING: please use MorganGenerator
[04:26:50] DEPRECATION WARNING: please use MorganGenerator
[04:26:50] DEPRECATION WARNING: please use MorganGenerator
[04:26:50] DEPRECATION WARNING: please use MorganGenerator
[04:26:50] DEPRECATION WARNING: please use MorganGenerator
[04:26:50] DEPRECATION WARNING: please use MorganGenerator
[04:26:50] DEPRECATION WARNING: please use MorganGenerator
[04:26:50] DEPRECATION WARNING: please use MorganGenerator
[04:26:50] DEPRECATION WARNING: please use MorganGenerator
[04:26:50] DEPRECATION WARNING: please use MorganGenerator
[04:26:50] DEPRECATION WARNING: please use MorganGenerator
[04:26:50] DEPRECATION WARNING: please use MorganGenerator
[04:26:50] DEPRECATION WARNING: please use MorganGenerator
[04:26:50] DEPRECATION WARNING: please use MorganGenerator
[04:26:50] DEPRECATION WARNING: please use MorganGenerator
[04:26:50] DEPRECATION WARNING: please use MorganGenerator
[04:26:50] DEPRECATION WARNING: please use MorganGenerator
[04:26:50] DEPRECATION WARNING: please use MorganGenerator
[04:26:50] DEPRECATION WARNING: please use MorganGenerator
[04:26:50] DEPRECATION WARNING: please use MorganGenerator
[04:26:50] DEPRECATION WARNING: please use MorganGenerator
[04:26:50] DEPRECATION WARNING: please use MorganGenerator
[04:26:50] DEPRECATION WARNING: please use MorganGenerator
[04:26:50] DEPRECATION WARNING: please use MorganGenerator
[04:26:50] DEPRECATION WARNING: please use MorganGenerator
[04:26:50] DEPRECATION WARNING: please use MorganGenerator
[04:26:50] DEPRECATION WARNING: please use MorganGenerator
[04:26:50] DEPRECATION WARNING: please use MorganGenerator
[04:26:50] DEPRECATION WARNING: please use MorganGenerator
[04:26:50] DEPRECATION WARNING: please use MorganGenerator
[04:26:50] DEPRECATION WARNING: please use MorganGenerator
[04:26:50] DEPRECATION WARNING: please use MorganGenerator
[04:26:50] DEPRECATION WARNING: please use MorganGenerator
[04:26:50] DEPRECATION WARNING: please use MorganGenerator
[04:26:50] DEPRECATION WARNING: please use MorganGenerator
[04:26:50] DEPRECATION WARNING: please use MorganGenerator
[04:26:50] DEPRECATION WARNING: please use MorganGenerator
[04:26:50] DEPRECATION WARNING: please use MorganGenerator
[04:26:50] DEPRECATION WARNING: please use MorganGenerator
[04:26:50] DEPRECATION WARNING: please use MorganGenerator
[04:26:50] DEPRECATION WARNING: please use MorganGenerator
[04:26:50] DEPRECATION WARNING: please use MorganGenerator
[04:26:50] DEPRECATION WARNING: please use MorganGenerator
[04:26:50] DEPRECATION WARNING: please use MorganGenerator
[04:26:50] DEPRECATION WARNING: please use MorganGenerator
[04:26:50] DEPRECATION WARNING: please use MorganGenerator
[04:26:50] DEPRECATION WARNING: please use MorganGenerator
[04:26:50] DEPRECATION WARNING: please use MorganGenerator
[04:26:50] DEPRECATION WARNING: please use MorganGenerator
[04:26:50] DEPRECATION WARNING: please use MorganGenerator
[04:26:50] DEPRECATION WARNING: please use MorganGenerator
[04:26:50] DEPRECATION WARNING: please use MorganGenerator
[04:26:50] DEPRECATION WARNING: please use MorganGenerator
[04:26:50] DEPRECATION WARNING: please use MorganGenerator
[04:26:50] DEPRECATION WARNING: please use MorganGenerator
[04:26:50] DEPRECATION WARNING: please use MorganGenerator
[04:26:50] DEPRECATION WARNING: please use MorganGenerator
[04:26:50] DEPRECATION WARNING: please use MorganGenerator
[04:26:50] DEPRECATION WARNING: please use MorganGenerator
[04:26:50] DEPRECATION WARNING: please use MorganGenerator
[04:26:50] DEPRECATION WARNING: please use MorganGenerator
[04:26:50] DEPRECATION WARNING: please use MorganGenerator
[04:26:50] DEPRECATION WARNING: please use MorganGenerator
[04:26:50] DEPRECATION WARNING: please use MorganGenerator
[04:26:50] DEPRECATION WARNING: please use MorganGenerator
[04:26:50] DEPRECATION WARNING: please use MorganGenerator
[04:26:50] DEPRECATION WARNING: please use MorganGenerator
[04:26:50] DEPRECATION WARNING: please use MorganGenerator
[04:26:50] DEPRECATION WARNING: please use MorganGenerator
[04:26:50] DEPRECATION WARNING: please use MorganGenerator
[04:26:50] DEPRECATION WARNING: please use MorganGenerator
[04:26:50] DEPRECATION WARNING: please use MorganGenerator
[04:26:50] DEPRECATION WARNING: please use MorganGenerator
[04:26:50] DEPRECATION WARNING: please use MorganGenerator
[04:26:50] DEPRECATION WARNING: please use MorganGenerator
[04:26:50] DEPRECATION WARNING: please use MorganGenerator
[04:26:50] DEPRECATION WARNING: please use MorganGenerator
[04:26:50] DEPRECATION WARNING: please use MorganGenerator
[04:26:50] DEPRECATION WARNING: please use MorganGenerator
[04:26:50] DEPRECATION WARNING: please use MorganGenerator
[04:26:50] DEPRECATION WARNING: please use MorganGenerator
[04:26:50] DEPRECATION WARNING: please use MorganGenerator
[04:26:50] DEPRECATION WARNING: please use MorganGenerator
[04:26:50] DEPRECATION WARNING: please use MorganGenerator
[04:26:50] DEPRECATION WARNING: please use MorganGenerator
[04:26:50] DEPRECATION WARNING: please use MorganGenerator
[04:26:50] DEPRECATION WARNING: please use MorganGenerator
[04:26:50] DEPRECATION WARNING: please use MorganGenerator
[04:26:50] DEPRECATION WARNING: please use MorganGenerator
[04:26:50] DEPRECATION WARNING: please use MorganGenerator
[04:26:50] DEPRECATION WARNING: please use MorganGenerator
[04:26:50] DEPRECATION WARNING: please use MorganGenerator
[04:26:50] DEPRECATION WARNING: please use MorganGenerator
[04:26:50] DEPRECATION WARNING: please use MorganGenerator
[04:26:50] DEPRECATION WARNING: please use MorganGenerator
[04:26:50] DEPRECATION WARNING: please use MorganGenerator
[04:26:50] DEPRECATION WARNING: please use MorganGenerator
[04:26:50] DEPRECATION WARNING: please use MorganGenerator
[04:26:50] DEPRECATION WARNING: please use MorganGenerator
[04:26:50] DEPRECATION WARNING: please use MorganGenerator
[04:26:50] DEPRECATION WARNING: please use MorganGenerator
[04:26:50] DEPRECATION WARNING: please use MorganGenerator
[04:26:50] DEPRECATION WARNING: please use MorganGenerator
[04:26:50] DEPRECATION WARNING: please use MorganGenerator
[04:26:50] DEPRECATION WARNING: please use MorganGenerator
[04:26:50] DEPRECATION WARNING: please use MorganGenerator
[04:26:50] DEPRECATION WARNING: please use MorganGenerator
[04:26:50] DEPRECATION WARNING: please use MorganGenerator
[04:26:50] DEPRECATION WARNING: please use MorganGenerator
[04:26:50] DEPRECATION WARNING: please use MorganGenerator
[04:26:50] DEPRECATION WARNING: please use MorganGenerator
[04:26:50] DEPRECATION WARNING: please use MorganGenerator
[04:26:50] DEPRECATION WARNING: please use MorganGenerator
[04:26:50] DEPRECATION WARNING: please use MorganGenerator
[04:26:50] DEPRECATION WARNING: please use MorganGenerator
[04:26:50] DEPRECATION WARNING: please use MorganGenerator
[04:26:50] DEPRECATION WARNING: please use MorganGenerator
[04:26:50] DEPRECATION WARNING: please use MorganGenerator
[04:26:50] DEPRECATION WARNING: please use MorganGenerator
[04:26:50] DEPRECATION WARNING: please use MorganGenerator
[04:26:50] DEPRECATION WARNING: please use MorganGenerator
[04:26:50] DEPRECATION WARNING: please use MorganGenerator
[04:26:50] DEPRECATION WARNING: please use MorganGenerator
[04:26:50] DEPRECATION WARNING: please use MorganGenerator
[04:26:50] DEPRECATION WARNING: please use MorganGenerator
[04:26:50] DEPRECATION WARNING: please use MorganGenerator
[04:26:50] DEPRECATION WARNING: please use MorganGenerator
[04:26:50] DEPRECATION WARNING: please use MorganGenerator
[04:26:50] DEPRECATION WARNING: please use MorganGenerator
[04:26:50] DEPRECATION WARNING: please use MorganGenerator
[04:26:50] DEPRECATION WARNING: please use MorganGenerator
[04:26:50] DEPRECATION WARNING: please use MorganGenerator
[04:26:50] DEPRECATION WARNING: please use MorganGenerator
[04:26:50] DEPRECATION WARNING: please use MorganGenerator
[04:26:50] DEPRECATION WARNING: please use MorganGenerator
[04:26:50] DEPRECATION WARNING: please use MorganGenerator
[04:26:50] DEPRECATION WARNING: please use MorganGenerator
[04:26:50] DEPRECATION WARNING: please use MorganGenerator
[04:26:50] DEPRECATION WARNING: please use MorganGenerator
[04:26:50] DEPRECATION WARNING: please use MorganGenerator
[04:26:50] DEPRECATION WARNING: please use MorganGenerator
[04:26:50] DEPRECATION WARNING: please use MorganGenerator
[04:26:50] DEPRECATION WARNING: please use MorganGenerator
[04:26:50] DEPRECATION WARNING: please use MorganGenerator
[04:26:50] DEPRECATION WARNING: please use MorganGenerator
[04:26:50] DEPRECATION WARNING: please use MorganGenerator
[04:26:50] DEPRECATION WARNING: please use MorganGenerator
[04:26:50] DEPRECATION WARNING: please use MorganGenerator
[04:26:50] DEPRECATION WARNING: please use MorganGenerator
[04:26:50] DEPRECATION WARNING: please use MorganGenerator
[04:26:50] DEPRECATION WARNING: please use MorganGenerator
[04:26:50] DEPRECATION WARNING: please use MorganGenerator
[04:26:50] DEPRECATION WARNING: please use MorganGenerator
[04:26:50] DEPRECATION WARNING: please use MorganGenerator
[04:26:50] DEPRECATION WARNING: please use MorganGenerator
[04:26:50] DEPRECATION WARNING: please use MorganGenerator
[04:26:50] DEPRECATION WARNING: please use MorganGenerator
[04:26:50] DEPRECATION WARNING: please use MorganGenerator
[04:26:50] DEPRECATION WARNING: please use MorganGenerator
[04:26:50] DEPRECATION WARNING: please use MorganGenerator
[04:26:50] DEPRECATION WARNING: please use MorganGenerator
[04:26:50] DEPRECATION WARNING: please use MorganGenerator
[04:26:50] DEPRECATION WARNING: please use MorganGenerator
[04:26:50] DEPRECATION WARNING: please use MorganGenerator
[04:26:50] DEPRECATION WARNING: please use MorganGenerator
[04:26:50] DEPRECATION WARNING: please use MorganGenerator
[04:26:50] DEPRECATION WARNING: please use MorganGenerator
[04:26:50] DEPRECATION WARNING: please use MorganGenerator
[04:26:50] DEPRECATION WARNING: please use MorganGenerator
[04:26:50] DEPRECATION WARNING: please use MorganGenerator
[04:26:50] DEPRECATION WARNING: please use MorganGenerator
[04:26:50] DEPRECATION WARNING: please use MorganGenerator
[04:26:50] DEPRECATION WARNING: please use MorganGenerator
[04:26:50] DEPRECATION WARNING: please use MorganGenerator
[04:26:50] DEPRECATION WARNING: please use MorganGenerator
[04:26:50] DEPRECATION WARNING: please use MorganGenerator
[04:26:50] DEPRECATION WARNING: please use MorganGenerator
[04:26:50] DEPRECATION WARNING: please use MorganGenerator
[04:26:50] DEPRECATION WARNING: please use MorganGenerator
[04:26:50] DEPRECATION WARNING: please use MorganGenerator
[04:26:50] DEPRECATION WARNING: please use MorganGenerator
[04:26:50] DEPRECATION WARNING: please use MorganGenerator
[04:26:50] DEPRECATION WARNING: please use MorganGenerator
[04:26:50] DEPRECATION WARNING: please use MorganGenerator
[04:26:50] DEPRECATION WARNING: please use MorganGenerator
[04:26:50] DEPRECATION WARNING: please use MorganGenerator
[04:26:50] DEPRECATION WARNING: please use MorganGenerator
[04:26:50] DEPRECATION WARNING: please use MorganGenerator
[04:26:50] DEPRECATION WARNING: please use MorganGenerator
[04:26:50] DEPRECATION WARNING: please use MorganGenerator
[04:26:50] DEPRECATION WARNING: please use MorganGenerator
[04:26:50] DEPRECATION WARNING: please use MorganGenerator
[04:26:50] DEPRECATION WARNING: please use MorganGenerator
[04:26:50] DEPRECATION WARNING: please use MorganGenerator
[04:26:50] DEPRECATION WARNING: please use MorganGenerator
[04:26:50] DEPRECATION WARNING: please use MorganGenerator
[04:26:50] DEPRECATION WARNING: please use MorganGenerator
[04:26:50] DEPRECATION WARNING: please use MorganGenerator
[04:26:50] DEPRECATION WARNING: please use MorganGenerator
[04:26:50] DEPRECATION WARNING: please use MorganGenerator
[04:26:50] DEPRECATION WARNING: please use MorganGenerator
[04:26:50] DEPRECATION WARNING: please use MorganGenerator
[04:26:50] DEPRECATION WARNING: please use MorganGenerator
[04:26:50] DEPRECATION WARNING: please use MorganGenerator
[04:26:50] DEPRECATION WARNING: please use MorganGenerator
[04:26:50] DEPRECATION WARNING: please use MorganGenerator
[04:26:50] DEPRECATION WARNING: please use MorganGenerator
[04:26:50] DEPRECATION WARNING: please use MorganGenerator
[04:26:50] DEPRECATION WARNING: please use MorganGenerator
[04:26:50] DEPRECATION WARNING: please use MorganGenerator
[04:26:50] DEPRECATION WARNING: please use MorganGenerator
[04:26:50] DEPRECATION WARNING: please use MorganGenerator
[04:26:50] DEPRECATION WARNING: please use MorganGenerator
[04:26:50] DEPRECATION WARNING: please use MorganGenerator
[04:26:50] DEPRECATION WARNING: please use MorganGenerator
[04:26:50] DEPRECATION WARNING: please use MorganGenerator
[04:26:50] DEPRECATION WARNING: please use MorganGenerator
[04:26:50] DEPRECATION WARNING: please use MorganGenerator
[04:26:50] DEPRECATION WARNING: please use MorganGenerator
[04:26:50] DEPRECATION WARNING: please use MorganGenerator
[04:26:50] DEPRECATION WARNING: please use MorganGenerator
[04:26:50] DEPRECATION WARNING: please use MorganGenerator
[04:26:50] DEPRECATION WARNING: please use MorganGenerator
[04:26:50] DEPRECATION WARNING: please use MorganGenerator
[04:26:50] DEPRECATION WARNING: please use MorganGenerator
[04:26:50] DEPRECATION WARNING: please use MorganGenerator
[04:26:50] DEPRECATION WARNING: please use MorganGenerator
[04:26:50] DEPRECATION WARNING: please use MorganGenerator
[04:26:50] DEPRECATION WARNING: please use MorganGenerator
[04:26:50] DEPRECATION WARNING: please use MorganGenerator
[04:26:50] DEPRECATION WARNING: please use MorganGenerator
[04:26:50] DEPRECATION WARNING: please use MorganGenerator
[04:26:50] DEPRECATION WARNING: please use MorganGenerator
[04:26:50] DEPRECATION WARNING: please use MorganGenerator
[04:26:50] DEPRECATION WARNING: please use MorganGenerator
[04:26:50] DEPRECATION WARNING: please use MorganGenerator
[04:26:50] DEPRECATION WARNING: please use MorganGenerator
[04:26:50] DEPRECATION WARNING: please use MorganGenerator
[04:26:50] DEPRECATION WARNING: please use MorganGenerator
[04:26:50] DEPRECATION WARNING: please use MorganGenerator
[04:26:50] DEPRECATION WARNING: please use MorganGenerator
[04:26:50] DEPRECATION WARNING: please use MorganGenerator
[04:26:50] DEPRECATION WARNING: please use MorganGenerator
[04:26:50] DEPRECATION WARNING: please use MorganGenerator
[04:26:50] DEPRECATION WARNING: please use MorganGenerator
[04:26:50] DEPRECATION WARNING: please use MorganGenerator
[04:26:50] DEPRECATION WARNING: please use MorganGenerator
[04:26:50] DEPRECATION WARNING: please use MorganGenerator
[04:26:50] DEPRECATION WARNING: please use MorganGenerator
[04:26:50] DEPRECATION WARNING: please use MorganGenerator
[04:26:50] DEPRECATION WARNING: please use MorganGenerator
[04:26:50] DEPRECATION WARNING: please use MorganGenerator
[04:26:50] DEPRECATION WARNING: please use MorganGenerator
[04:26:50] DEPRECATION WARNING: please use MorganGenerator
[04:26:50] DEPRECATION WARNING: please use MorganGenerator
[04:26:50] DEPRECATION WARNING: please use MorganGenerator
[04:26:50] DEPRECATION WARNING: please use MorganGenerator
[04:26:50] DEPRECATION WARNING: please use MorganGenerator
[04:26:50] DEPRECATION WARNING: please use MorganGenerator
[04:26:50] DEPRECATION WARNING: please use MorganGenerator
[04:26:50] DEPRECATION WARNING: please use MorganGenerator
[04:26:50] DEPRECATION WARNING: please use MorganGenerator
[04:26:50] DEPRECATION WARNING: please use MorganGenerator
[04:26:50] DEPRECATION WARNING: please use MorganGenerator
[04:26:50] DEPRECATION WARNING: please use MorganGenerator
[04:26:50] DEPRECATION WARNING: please use MorganGenerator
[04:26:50] DEPRECATION WARNING: please use MorganGenerator
[04:26:50] DEPRECATION WARNING: please use MorganGenerator
[04:26:50] DEPRECATION WARNING: please use MorganGenerator
[04:26:50] DEPRECATION WARNING: please use MorganGenerator
[04:26:50] DEPRECATION WARNING: please use MorganGenerator
[04:26:50] DEPRECATION WARNING: please use MorganGenerator
[04:26:50] DEPRECATION WARNING: please use MorganGenerator
[04:26:50] DEPRECATION WARNING: please use MorganGenerator
[04:26:50] DEPRECATION WARNING: please use MorganGenerator
[04:26:50] DEPRECATION WARNING: please use MorganGenerator
[04:26:50] DEPRECATION WARNING: please use MorganGenerator
[04:26:50] DEPRECATION WARNING: please use MorganGenerator
[04:26:50] DEPRECATION WARNING: please use MorganGenerator
[04:26:50] DEPRECATION WARNING: please use MorganGenerator
[04:26:50] DEPRECATION WARNING: please use MorganGenerator
[04:26:50] DEPRECATION WARNING: please use MorganGenerator
[04:26:50] DEPRECATION WARNING: please use MorganGenerator
[04:26:50] DEPRECATION WARNING: please use MorganGenerator
[04:26:50] DEPRECATION WARNING: please use MorganGenerator
[04:26:50] DEPRECATION WARNING: please use MorganGenerator
[04:26:50] DEPRECATION WARNING: please use MorganGenerator
[04:26:50] DEPRECATION WARNING: please use MorganGenerator
[04:26:50] DEPRECATION WARNING: please use MorganGenerator
[04:26:50] DEPRECATION WARNING: please use MorganGenerator
[04:26:50] DEPRECATION WARNING: please use MorganGenerator
[04:26:50] DEPRECATION WARNING: please use MorganGenerator
[04:26:50] DEPRECATION WARNING: please use MorganGenerator
[04:26:50] DEPRECATION WARNING: please use MorganGenerator
[04:26:50] DEPRECATION WARNING: please use MorganGenerator
[04:26:50] DEPRECATION WARNING: please use MorganGenerator
[04:26:50] DEPRECATION WARNING: please use MorganGenerator
[04:26:50] DEPRECATION WARNING: please use MorganGenerator
[04:26:50] DEPRECATION WARNING: please use MorganGenerator
[04:26:50] DEPRECATION WARNING: please use MorganGenerator
[04:26:50] DEPRECATION WARNING: please use MorganGenerator
[04:26:50] DEPRECATION WARNING: please use MorganGenerator
[04:26:50] DEPRECATION WARNING: please use MorganGenerator
[04:26:50] DEPRECATION WARNING: please use MorganGenerator
[04:26:50] DEPRECATION WARNING: please use MorganGenerator
[04:26:50] DEPRECATION WARNING: please use MorganGenerator
[04:26:50] DEPRECATION WARNING: please use MorganGenerator
[04:26:50] DEPRECATION WARNING: please use MorganGenerator
[04:26:50] DEPRECATION WARNING: please use MorganGenerator
[04:26:50] DEPRECATION WARNING: please use MorganGenerator
[04:26:50] DEPRECATION WARNING: please use MorganGenerator
[04:26:50] DEPRECATION WARNING: please use MorganGenerator
[04:26:50] DEPRECATION WARNING: please use MorganGenerator
[04:26:50] DEPRECATION WARNING: please use MorganGenerator
[04:26:50] DEPRECATION WARNING: please use MorganGenerator
[04:26:50] DEPRECATION WARNING: please use MorganGenerator
[04:26:50] DEPRECATION WARNING: please use MorganGenerator
[04:26:50] DEPRECATION WARNING: please use MorganGenerator
[04:26:50] DEPRECATION WARNING: please use MorganGenerator
[04:26:50] DEPRECATION WARNING: please use MorganGenerator
[04:26:50] DEPRECATION WARNING: please use MorganGenerator
[04:26:50] DEPRECATION WARNING: please use MorganGenerator
[04:26:50] DEPRECATION WARNING: please use MorganGenerator
[04:26:50] DEPRECATION WARNING: please use MorganGenerator
[04:26:50] DEPRECATION WARNING: please use MorganGenerator
[04:26:50] DEPRECATION WARNING: please use MorganGenerator
[04:26:50] DEPRECATION WARNING: please use MorganGenerator
[04:26:50] DEPRECATION WARNING: please use MorganGenerator
[04:26:50] DEPRECATION WARNING: please use MorganGenerator
[04:26:50] DEPRECATION WARNING: please use MorganGenerator
[04:26:50] DEPRECATION WARNING: please use MorganGenerator
[04:26:50] DEPRECATION WARNING: please use MorganGenerator
[04:26:50] DEPRECATION WARNING: please use MorganGenerator
[04:26:50] DEPRECATION WARNING: please use MorganGenerator
[04:26:50] DEPRECATION WARNING: please use MorganGenerator
[04:26:50] DEPRECATION WARNING: please use MorganGenerator
[04:26:50] DEPRECATION WARNING: please use MorganGenerator
[04:26:50] DEPRECATION WARNING: please use MorganGenerator
[04:26:50] DEPRECATION WARNING: please use MorganGenerator
[04:26:50] DEPRECATION WARNING: please use MorganGenerator
[04:26:50] DEPRECATION WARNING: please use MorganGenerator
[04:26:50] DEPRECATION WARNING: please use MorganGenerator
[04:26:50] DEPRECATION WARNING: please use MorganGenerator
[04:26:50] DEPRECATION WARNING: please use MorganGenerator
[04:26:50] DEPRECATION WARNING: please use MorganGenerator
[04:26:50] DEPRECATION WARNING: please use MorganGenerator
[04:26:50] DEPRECATION WARNING: please use MorganGenerator
[04:26:50] DEPRECATION WARNING: please use MorganGenerator
[04:26:50] DEPRECATION WARNING: please use MorganGenerator
[04:26:50] DEPRECATION WARNING: please use MorganGenerator
[04:26:50] DEPRECATION WARNING: please use MorganGenerator
[04:26:50] DEPRECATION WARNING: please use MorganGenerator
[04:26:50] DEPRECATION WARNING: please use MorganGenerator
[04:26:50] DEPRECATION WARNING: please use MorganGenerator
[04:26:50] DEPRECATION WARNING: please use MorganGenerator
[04:26:50] DEPRECATION WARNING: please use MorganGenerator
[04:26:50] DEPRECATION WARNING: please use MorganGenerator
[04:26:50] DEPRECATION WARNING: please use MorganGenerator
[04:26:50] DEPRECATION WARNING: please use MorganGenerator
[04:26:50] DEPRECATION WARNING: please use MorganGenerator
[04:26:50] DEPRECATION WARNING: please use MorganGenerator
[04:26:50] DEPRECATION WARNING: please use MorganGenerator
[04:26:50] DEPRECATION WARNING: please use MorganGenerator
[04:26:50] DEPRECATION WARNING: please use MorganGenerator
[04:26:50] DEPRECATION WARNING: please use MorganGenerator
[04:26:50] DEPRECATION WARNING: please use MorganGenerator
[04:26:50] DEPRECATION WARNING: please use MorganGenerator
[04:26:50] DEPRECATION WARNING: please use MorganGenerator
[04:26:50] DEPRECATION WARNING: please use MorganGenerator
[04:26:50] DEPRECATION WARNING: please use MorganGenerator
[04:26:50] DEPRECATION WARNING: please use MorganGenerator
[04:26:50] DEPRECATION WARNING: please use MorganGenerator
[04:26:50] DEPRECATION WARNING: please use MorganGenerator
[04:26:50] DEPRECATION WARNING: please use MorganGenerator
[04:26:50] DEPRECATION WARNING: please use MorganGenerator
[04:26:50] DEPRECATION WARNING: please use MorganGenerator
[04:26:50] DEPRECATION WARNING: please use MorganGenerator
[04:26:50] DEPRECATION WARNING: please use MorganGenerator
[04:26:50] DEPRECATION WARNING: please use MorganGenerator
[04:26:50] DEPRECATION WARNING: please use MorganGenerator
[04:26:50] DEPRECATION WARNING: please use MorganGenerator
[04:26:50] DEPRECATION WARNING: please use MorganGenerator
[04:26:50] DEPRECATION WARNING: please use MorganGenerator
[04:26:50] DEPRECATION WARNING: please use MorganGenerator
[04:26:50] DEPRECATION WARNING: please use MorganGenerator
[04:26:50] DEPRECATION WARNING: please use MorganGenerator
[04:26:50] DEPRECATION WARNING: please use MorganGenerator
[04:26:50] DEPRECATION WARNING: please use MorganGenerator
[04:26:50] DEPRECATION WARNING: please use MorganGenerator
[04:26:50] DEPRECATION WARNING: please use MorganGenerator
[04:26:50] DEPRECATION WARNING: please use MorganGenerator
[04:26:50] DEPRECATION WARNING: please use MorganGenerator
[04:26:50] DEPRECATION WARNING: please use MorganGenerator
[04:26:50] DEPRECATION WARNING: please use MorganGenerator
[04:26:50] DEPRECATION WARNING: please use MorganGenerator
[04:26:50] DEPRECATION WARNING: please use MorganGenerator
[04:26:50] DEPRECATION WARNING: please use MorganGenerator
[04:26:50] DEPRECATION WARNING: please use MorganGenerator
[04:26:50] DEPRECATION WARNING: please use MorganGenerator
[04:26:50] DEPRECATION WARNING: please use MorganGenerator
[04:26:50] DEPRECATION WARNING: please use MorganGenerator
[04:26:50] DEPRECATION WARNING: please use MorganGenerator
[04:26:50] DEPRECATION WARNING: please use MorganGenerator
[04:26:50] DEPRECATION WARNING: please use MorganGenerator
[04:26:50] DEPRECATION WARNING: please use MorganGenerator
[04:26:50] DEPRECATION WARNING: please use MorganGenerator
[04:26:50] DEPRECATION WARNING: please use MorganGenerator
[04:26:50] DEPRECATION WARNING: please use MorganGenerator
[04:26:50] DEPRECATION WARNING: please use MorganGenerator
[04:26:50] DEPRECATION WARNING: please use MorganGenerator
[04:26:50] DEPRECATION WARNING: please use MorganGenerator
[04:26:50] DEPRECATION WARNING: please use MorganGenerator
[04:26:50] DEPRECATION WARNING: please use MorganGenerator
[04:26:50] DEPRECATION WARNING: please use MorganGenerator
[04:26:50] DEPRECATION WARNING: please use MorganGenerator
[04:26:50] DEPRECATION WARNING: please use MorganGenerator
[04:26:50] DEPRECATION WARNING: please use MorganGenerator
[04:26:50] DEPRECATION WARNING: please use MorganGenerator
    TFP enriched: 78 features (33 H + 25 pers_img + 20 betti)

  Hybrid: QK features computed per-fold (UMAP + kernel PCA on train only).
    No data leakage; no ECFP4 proxy weight search.

  Running benchmark (5-fold CV)...
    ECFP4...
    FCFP4...
    MACCS...
    AP...
    PHCO...
    BPF...
    TFP...
    TNE...
    Hybrid (per-fold QK)...
    Hybrid fold 1/5...
    Hybrid fold 2/5...
    Hybrid fold 3/5...
    Hybrid fold 4/5...
    Hybrid fold 5/5...

  Saved: /home/nanaengo/Malaria_codesV2/Project3_Quantum_Inspired_RepresentationsV2607/results/p3_hybrid_benchmark.csv  (total wall time: 2867.2s)

  Running ablation study...
    Hybrid-TFP fold 1/5...
    Hybrid-TFP fold 2/5...
    Hybrid-TFP fold 3/5...
    Hybrid-TFP fold 4/5...
    Hybrid-TFP fold 5/5...
    Hybrid-TNE fold 1/5...
    Hybrid-TNE fold 2/5...
    Hybrid-TNE fold 3/5...
    Hybrid-TNE fold 4/5...
    Hybrid-TNE fold 5/5...
    Hybrid-QK fold 1/5...
    Hybrid-QK fold 2/5...
    Hybrid-QK fold 3/5...
    Hybrid-QK fold 4/5...
    Hybrid-QK fold 5/5...
  Saved: /home/nanaengo/Malaria_codesV2/Project3_Quantum_Inspired_RepresentationsV2607/results/p3_ablation.csv

Hybrid: per-fold QK (no data leakage); RF is scale-invariant (no weights)

ECFP4        RF  AUC=0.8192±0.0482
FCFP4        RF  AUC=0.8166±0.0465
MACCS        RF  AUC=0.8006±0.0411
AP           RF  AUC=0.8230±0.0576
PHCO         RF  AUC=0.5000±0.0000
BPF          RF  AUC=0.7712±0.0408
TFP          RF  AUC=0.5827±0.0346
TNE          RF  AUC=0.5596±0.0258
Hybrid       RF  AUC=0.7455±0.0533

Paired t-test Hybrid vs ECFP4: t=-8.156, p=0.0012
Significant (p<0.05)

  Summary saved: /home/nanaengo/Malaria_codesV2/Project3_Quantum_Inspired_RepresentationsV2607/results/p3_hybrid_summary.txt
