/home/nanaengo/miniforge3/envs/malaria_md/lib/python3.11/site-packages/pennylane/__init__.py:219: PennyLaneDeprecationWarning: PennyLane v0.44 has dropped maintainence support for NumPy < 2.0.0. You have version 1.26.4 installed. Future versions of PennyLane will not work with NumPy<2.0. Please consider upgrading NumPy using `python -m pip install numpy --upgrade`. 
  warnings.warn(
============================================================
Paper 3 — Hybrid Framework + Activity Benchmark
  Device: lightning.qubit
============================================================
  200 molecules  (active=105, inactive=95)

  Loading descriptors...
[15:57:22] DEPRECATION WARNING: please use AtomPairGenerator
[15:57:22] DEPRECATION WARNING: please use AtomPairGenerator
[15:57:22] DEPRECATION WARNING: please use AtomPairGenerator
[15:57:22] DEPRECATION WARNING: please use AtomPairGenerator
[15:57:22] DEPRECATION WARNING: please use AtomPairGenerator
[15:57:22] DEPRECATION WARNING: please use AtomPairGenerator
[15:57:22] DEPRECATION WARNING: please use AtomPairGenerator
[15:57:22] DEPRECATION WARNING: please use AtomPairGenerator
[15:57:22] DEPRECATION WARNING: please use AtomPairGenerator
[15:57:22] DEPRECATION WARNING: please use AtomPairGenerator
[15:57:22] DEPRECATION WARNING: please use AtomPairGenerator
[15:57:22] DEPRECATION WARNING: please use AtomPairGenerator
[15:57:22] DEPRECATION WARNING: please use AtomPairGenerator
[15:57:22] DEPRECATION WARNING: please use AtomPairGenerator
[15:57:22] DEPRECATION WARNING: please use AtomPairGenerator
[15:57:22] DEPRECATION WARNING: please use AtomPairGenerator
[15:57:22] DEPRECATION WARNING: please use AtomPairGenerator
[15:57:22] DEPRECATION WARNING: please use AtomPairGenerator
[15:57:22] DEPRECATION WARNING: please use AtomPairGenerator
[15:57:22] DEPRECATION WARNING: please use AtomPairGenerator
[15:57:22] DEPRECATION WARNING: please use AtomPairGenerator
[15:57:22] DEPRECATION WARNING: please use AtomPairGenerator
[15:57:22] DEPRECATION WARNING: please use AtomPairGenerator
[15:57:22] DEPRECATION WARNING: please use AtomPairGenerator
[15:57:22] DEPRECATION WARNING: please use AtomPairGenerator
[15:57:22] DEPRECATION WARNING: please use AtomPairGenerator
[15:57:22] DEPRECATION WARNING: please use AtomPairGenerator
[15:57:22] DEPRECATION WARNING: please use AtomPairGenerator
[15:57:22] DEPRECATION WARNING: please use AtomPairGenerator
[15:57:22] DEPRECATION WARNING: please use AtomPairGenerator
[15:57:22] DEPRECATION WARNING: please use AtomPairGenerator
[15:57:22] DEPRECATION WARNING: please use AtomPairGenerator
[15:57:22] DEPRECATION WARNING: please use AtomPairGenerator
[15:57:22] DEPRECATION WARNING: please use AtomPairGenerator
[15:57:22] DEPRECATION WARNING: please use AtomPairGenerator
[15:57:22] DEPRECATION WARNING: please use AtomPairGenerator
[15:57:22] DEPRECATION WARNING: please use AtomPairGenerator
[15:57:22] DEPRECATION WARNING: please use AtomPairGenerator
[15:57:22] DEPRECATION WARNING: please use AtomPairGenerator
[15:57:22] DEPRECATION WARNING: please use AtomPairGenerator
[15:57:22] DEPRECATION WARNING: please use AtomPairGenerator
[15:57:22] DEPRECATION WARNING: please use AtomPairGenerator
[15:57:22] DEPRECATION WARNING: please use AtomPairGenerator
[15:57:22] DEPRECATION WARNING: please use AtomPairGenerator
[15:57:22] DEPRECATION WARNING: please use AtomPairGenerator
[15:57:22] DEPRECATION WARNING: please use AtomPairGenerator
[15:57:22] DEPRECATION WARNING: please use AtomPairGenerator
[15:57:22] DEPRECATION WARNING: please use AtomPairGenerator
[15:57:22] DEPRECATION WARNING: please use AtomPairGenerator
[15:57:22] DEPRECATION WARNING: please use AtomPairGenerator
[15:57:22] DEPRECATION WARNING: please use AtomPairGenerator
[15:57:22] DEPRECATION WARNING: please use AtomPairGenerator
[15:57:22] DEPRECATION WARNING: please use AtomPairGenerator
[15:57:22] DEPRECATION WARNING: please use AtomPairGenerator
[15:57:22] DEPRECATION WARNING: please use AtomPairGenerator
[15:57:22] DEPRECATION WARNING: please use AtomPairGenerator
[15:57:22] DEPRECATION WARNING: please use AtomPairGenerator
[15:57:22] DEPRECATION WARNING: please use AtomPairGenerator
[15:57:22] DEPRECATION WARNING: please use AtomPairGenerator
[15:57:22] DEPRECATION WARNING: please use AtomPairGenerator
[15:57:22] DEPRECATION WARNING: please use AtomPairGenerator
[15:57:22] DEPRECATION WARNING: please use AtomPairGenerator
[15:57:22] DEPRECATION WARNING: please use AtomPairGenerator
[15:57:22] DEPRECATION WARNING: please use AtomPairGenerator
[15:57:22] DEPRECATION WARNING: please use AtomPairGenerator
[15:57:22] DEPRECATION WARNING: please use AtomPairGenerator
[15:57:22] DEPRECATION WARNING: please use AtomPairGenerator
[15:57:22] DEPRECATION WARNING: please use AtomPairGenerator
[15:57:22] DEPRECATION WARNING: please use AtomPairGenerator
[15:57:22] DEPRECATION WARNING: please use AtomPairGenerator
[15:57:22] DEPRECATION WARNING: please use AtomPairGenerator
[15:57:22] DEPRECATION WARNING: please use AtomPairGenerator
[15:57:22] DEPRECATION WARNING: please use AtomPairGenerator
[15:57:22] DEPRECATION WARNING: please use AtomPairGenerator
[15:57:22] DEPRECATION WARNING: please use AtomPairGenerator
[15:57:22] DEPRECATION WARNING: please use AtomPairGenerator
[15:57:22] DEPRECATION WARNING: please use AtomPairGenerator
[15:57:22] DEPRECATION WARNING: please use AtomPairGenerator
[15:57:22] DEPRECATION WARNING: please use AtomPairGenerator
[15:57:22] DEPRECATION WARNING: please use AtomPairGenerator
[15:57:22] DEPRECATION WARNING: please use AtomPairGenerator
[15:57:22] DEPRECATION WARNING: please use AtomPairGenerator
[15:57:22] DEPRECATION WARNING: please use AtomPairGenerator
[15:57:22] DEPRECATION WARNING: please use AtomPairGenerator
[15:57:22] DEPRECATION WARNING: please use AtomPairGenerator
[15:57:22] DEPRECATION WARNING: please use AtomPairGenerator
[15:57:22] DEPRECATION WARNING: please use AtomPairGenerator
[15:57:22] DEPRECATION WARNING: please use AtomPairGenerator
[15:57:22] DEPRECATION WARNING: please use AtomPairGenerator
[15:57:22] DEPRECATION WARNING: please use AtomPairGenerator
[15:57:22] DEPRECATION WARNING: please use AtomPairGenerator
[15:57:22] DEPRECATION WARNING: please use AtomPairGenerator
[15:57:22] DEPRECATION WARNING: please use AtomPairGenerator
[15:57:22] DEPRECATION WARNING: please use AtomPairGenerator
[15:57:22] DEPRECATION WARNING: please use AtomPairGenerator
[15:57:22] DEPRECATION WARNING: please use AtomPairGenerator
[15:57:22] DEPRECATION WARNING: please use AtomPairGenerator
[15:57:22] DEPRECATION WARNING: please use AtomPairGenerator
[15:57:22] DEPRECATION WARNING: please use AtomPairGenerator
[15:57:22] DEPRECATION WARNING: please use AtomPairGenerator
[15:57:22] DEPRECATION WARNING: please use AtomPairGenerator
[15:57:22] DEPRECATION WARNING: please use AtomPairGenerator
[15:57:22] DEPRECATION WARNING: please use AtomPairGenerator
[15:57:22] DEPRECATION WARNING: please use AtomPairGenerator
[15:57:22] DEPRECATION WARNING: please use AtomPairGenerator
[15:57:22] DEPRECATION WARNING: please use AtomPairGenerator
[15:57:22] DEPRECATION WARNING: please use AtomPairGenerator
[15:57:22] DEPRECATION WARNING: please use AtomPairGenerator
[15:57:22] DEPRECATION WARNING: please use AtomPairGenerator
[15:57:22] DEPRECATION WARNING: please use AtomPairGenerator
[15:57:22] DEPRECATION WARNING: please use AtomPairGenerator
[15:57:22] DEPRECATION WARNING: please use AtomPairGenerator
[15:57:22] DEPRECATION WARNING: please use AtomPairGenerator
[15:57:22] DEPRECATION WARNING: please use AtomPairGenerator
[15:57:22] DEPRECATION WARNING: please use AtomPairGenerator
[15:57:22] DEPRECATION WARNING: please use AtomPairGenerator
[15:57:22] DEPRECATION WARNING: please use AtomPairGenerator
[15:57:22] DEPRECATION WARNING: please use AtomPairGenerator
[15:57:22] DEPRECATION WARNING: please use AtomPairGenerator
[15:57:22] DEPRECATION WARNING: please use AtomPairGenerator
[15:57:22] DEPRECATION WARNING: please use AtomPairGenerator
[15:57:22] DEPRECATION WARNING: please use AtomPairGenerator
[15:57:22] DEPRECATION WARNING: please use AtomPairGenerator
[15:57:22] DEPRECATION WARNING: please use AtomPairGenerator
[15:57:22] DEPRECATION WARNING: please use AtomPairGenerator
[15:57:22] DEPRECATION WARNING: please use AtomPairGenerator
[15:57:22] DEPRECATION WARNING: please use AtomPairGenerator
[15:57:22] DEPRECATION WARNING: please use AtomPairGenerator
[15:57:22] DEPRECATION WARNING: please use AtomPairGenerator
[15:57:22] DEPRECATION WARNING: please use AtomPairGenerator
[15:57:22] DEPRECATION WARNING: please use AtomPairGenerator
[15:57:22] DEPRECATION WARNING: please use AtomPairGenerator
[15:57:22] DEPRECATION WARNING: please use AtomPairGenerator
[15:57:22] DEPRECATION WARNING: please use AtomPairGenerator
[15:57:22] DEPRECATION WARNING: please use AtomPairGenerator
[15:57:22] DEPRECATION WARNING: please use AtomPairGenerator
[15:57:22] DEPRECATION WARNING: please use AtomPairGenerator
[15:57:22] DEPRECATION WARNING: please use AtomPairGenerator
[15:57:22] DEPRECATION WARNING: please use AtomPairGenerator
[15:57:22] DEPRECATION WARNING: please use AtomPairGenerator
[15:57:22] DEPRECATION WARNING: please use AtomPairGenerator
[15:57:22] DEPRECATION WARNING: please use AtomPairGenerator
[15:57:22] DEPRECATION WARNING: please use AtomPairGenerator
[15:57:22] DEPRECATION WARNING: please use AtomPairGenerator
[15:57:22] DEPRECATION WARNING: please use AtomPairGenerator
[15:57:22] DEPRECATION WARNING: please use AtomPairGenerator
[15:57:22] DEPRECATION WARNING: please use AtomPairGenerator
[15:57:22] DEPRECATION WARNING: please use AtomPairGenerator
[15:57:22] DEPRECATION WARNING: please use AtomPairGenerator
[15:57:22] DEPRECATION WARNING: please use AtomPairGenerator
[15:57:22] DEPRECATION WARNING: please use AtomPairGenerator
[15:57:22] DEPRECATION WARNING: please use AtomPairGenerator
[15:57:22] DEPRECATION WARNING: please use AtomPairGenerator
[15:57:22] DEPRECATION WARNING: please use AtomPairGenerator
[15:57:22] DEPRECATION WARNING: please use AtomPairGenerator
[15:57:22] DEPRECATION WARNING: please use AtomPairGenerator
[15:57:22] DEPRECATION WARNING: please use AtomPairGenerator
[15:57:22] DEPRECATION WARNING: please use AtomPairGenerator
[15:57:22] DEPRECATION WARNING: please use AtomPairGenerator
[15:57:22] DEPRECATION WARNING: please use AtomPairGenerator
[15:57:22] DEPRECATION WARNING: please use AtomPairGenerator
[15:57:22] DEPRECATION WARNING: please use AtomPairGenerator
[15:57:22] DEPRECATION WARNING: please use AtomPairGenerator
[15:57:22] DEPRECATION WARNING: please use AtomPairGenerator
[15:57:22] DEPRECATION WARNING: please use AtomPairGenerator
[15:57:22] DEPRECATION WARNING: please use AtomPairGenerator
[15:57:22] DEPRECATION WARNING: please use AtomPairGenerator
[15:57:22] DEPRECATION WARNING: please use AtomPairGenerator
[15:57:22] DEPRECATION WARNING: please use AtomPairGenerator
[15:57:22] DEPRECATION WARNING: please use AtomPairGenerator
[15:57:22] DEPRECATION WARNING: please use AtomPairGenerator
[15:57:22] DEPRECATION WARNING: please use AtomPairGenerator
[15:57:22] DEPRECATION WARNING: please use AtomPairGenerator
[15:57:22] DEPRECATION WARNING: please use AtomPairGenerator
[15:57:22] DEPRECATION WARNING: please use AtomPairGenerator
[15:57:22] DEPRECATION WARNING: please use AtomPairGenerator
[15:57:22] DEPRECATION WARNING: please use AtomPairGenerator
[15:57:22] DEPRECATION WARNING: please use AtomPairGenerator
[15:57:22] DEPRECATION WARNING: please use AtomPairGenerator
[15:57:22] DEPRECATION WARNING: please use AtomPairGenerator
[15:57:22] DEPRECATION WARNING: please use AtomPairGenerator
[15:57:22] DEPRECATION WARNING: please use AtomPairGenerator
[15:57:22] DEPRECATION WARNING: please use AtomPairGenerator
[15:57:22] DEPRECATION WARNING: please use AtomPairGenerator
[15:57:22] DEPRECATION WARNING: please use AtomPairGenerator
[15:57:22] DEPRECATION WARNING: please use AtomPairGenerator
[15:57:22] DEPRECATION WARNING: please use AtomPairGenerator
[15:57:22] DEPRECATION WARNING: please use AtomPairGenerator
[15:57:22] DEPRECATION WARNING: please use AtomPairGenerator
[15:57:22] DEPRECATION WARNING: please use AtomPairGenerator
[15:57:22] DEPRECATION WARNING: please use AtomPairGenerator
[15:57:22] DEPRECATION WARNING: please use AtomPairGenerator
[15:57:22] DEPRECATION WARNING: please use AtomPairGenerator
[15:57:22] DEPRECATION WARNING: please use AtomPairGenerator
[15:57:22] DEPRECATION WARNING: please use AtomPairGenerator
[15:57:22] DEPRECATION WARNING: please use AtomPairGenerator
[15:57:22] DEPRECATION WARNING: please use AtomPairGenerator
[15:57:22] DEPRECATION WARNING: please use AtomPairGenerator
[15:57:22] DEPRECATION WARNING: please use AtomPairGenerator
[15:57:22] DEPRECATION WARNING: please use AtomPairGenerator
[15:57:27] DEPRECATION WARNING: please use MorganGenerator
[15:57:27] DEPRECATION WARNING: please use MorganGenerator
[15:57:27] DEPRECATION WARNING: please use MorganGenerator
[15:57:27] DEPRECATION WARNING: please use MorganGenerator
[15:57:27] DEPRECATION WARNING: please use MorganGenerator
[15:57:27] DEPRECATION WARNING: please use MorganGenerator
[15:57:27] DEPRECATION WARNING: please use MorganGenerator
[15:57:27] DEPRECATION WARNING: please use MorganGenerator
[15:57:27] DEPRECATION WARNING: please use MorganGenerator
[15:57:27] DEPRECATION WARNING: please use MorganGenerator
[15:57:27] DEPRECATION WARNING: please use MorganGenerator
[15:57:27] DEPRECATION WARNING: please use MorganGenerator
[15:57:27] DEPRECATION WARNING: please use MorganGenerator
[15:57:27] DEPRECATION WARNING: please use MorganGenerator
[15:57:27] DEPRECATION WARNING: please use MorganGenerator
[15:57:27] DEPRECATION WARNING: please use MorganGenerator
[15:57:27] DEPRECATION WARNING: please use MorganGenerator
[15:57:27] DEPRECATION WARNING: please use MorganGenerator
[15:57:27] DEPRECATION WARNING: please use MorganGenerator
[15:57:27] DEPRECATION WARNING: please use MorganGenerator
[15:57:27] DEPRECATION WARNING: please use MorganGenerator
[15:57:27] DEPRECATION WARNING: please use MorganGenerator
[15:57:27] DEPRECATION WARNING: please use MorganGenerator
[15:57:27] DEPRECATION WARNING: please use MorganGenerator
[15:57:27] DEPRECATION WARNING: please use MorganGenerator
[15:57:27] DEPRECATION WARNING: please use MorganGenerator
[15:57:27] DEPRECATION WARNING: please use MorganGenerator
[15:57:27] DEPRECATION WARNING: please use MorganGenerator
[15:57:27] DEPRECATION WARNING: please use MorganGenerator
[15:57:27] DEPRECATION WARNING: please use MorganGenerator
[15:57:27] DEPRECATION WARNING: please use MorganGenerator
[15:57:27] DEPRECATION WARNING: please use MorganGenerator
[15:57:27] DEPRECATION WARNING: please use MorganGenerator
[15:57:27] DEPRECATION WARNING: please use MorganGenerator
[15:57:27] DEPRECATION WARNING: please use MorganGenerator
[15:57:27] DEPRECATION WARNING: please use MorganGenerator
[15:57:27] DEPRECATION WARNING: please use MorganGenerator
[15:57:27] DEPRECATION WARNING: please use MorganGenerator
[15:57:27] DEPRECATION WARNING: please use MorganGenerator
[15:57:27] DEPRECATION WARNING: please use MorganGenerator
[15:57:27] DEPRECATION WARNING: please use MorganGenerator
[15:57:27] DEPRECATION WARNING: please use MorganGenerator
[15:57:27] DEPRECATION WARNING: please use MorganGenerator
[15:57:27] DEPRECATION WARNING: please use MorganGenerator
[15:57:27] DEPRECATION WARNING: please use MorganGenerator
[15:57:27] DEPRECATION WARNING: please use MorganGenerator
[15:57:27] DEPRECATION WARNING: please use MorganGenerator
[15:57:27] DEPRECATION WARNING: please use MorganGenerator
[15:57:27] DEPRECATION WARNING: please use MorganGenerator
[15:57:27] DEPRECATION WARNING: please use MorganGenerator
[15:57:27] DEPRECATION WARNING: please use MorganGenerator
[15:57:27] DEPRECATION WARNING: please use MorganGenerator
[15:57:27] DEPRECATION WARNING: please use MorganGenerator
[15:57:27] DEPRECATION WARNING: please use MorganGenerator
[15:57:27] DEPRECATION WARNING: please use MorganGenerator
[15:57:27] DEPRECATION WARNING: please use MorganGenerator
[15:57:27] DEPRECATION WARNING: please use MorganGenerator
[15:57:27] DEPRECATION WARNING: please use MorganGenerator
[15:57:27] DEPRECATION WARNING: please use MorganGenerator
[15:57:27] DEPRECATION WARNING: please use MorganGenerator
[15:57:27] DEPRECATION WARNING: please use MorganGenerator
[15:57:27] DEPRECATION WARNING: please use MorganGenerator
[15:57:27] DEPRECATION WARNING: please use MorganGenerator
[15:57:27] DEPRECATION WARNING: please use MorganGenerator
[15:57:27] DEPRECATION WARNING: please use MorganGenerator
[15:57:27] DEPRECATION WARNING: please use MorganGenerator
[15:57:27] DEPRECATION WARNING: please use MorganGenerator
[15:57:27] DEPRECATION WARNING: please use MorganGenerator
[15:57:27] DEPRECATION WARNING: please use MorganGenerator
[15:57:27] DEPRECATION WARNING: please use MorganGenerator
[15:57:27] DEPRECATION WARNING: please use MorganGenerator
[15:57:27] DEPRECATION WARNING: please use MorganGenerator
[15:57:27] DEPRECATION WARNING: please use MorganGenerator
[15:57:27] DEPRECATION WARNING: please use MorganGenerator
[15:57:27] DEPRECATION WARNING: please use MorganGenerator
[15:57:27] DEPRECATION WARNING: please use MorganGenerator
[15:57:27] DEPRECATION WARNING: please use MorganGenerator
[15:57:27] DEPRECATION WARNING: please use MorganGenerator
[15:57:27] DEPRECATION WARNING: please use MorganGenerator
[15:57:27] DEPRECATION WARNING: please use MorganGenerator
[15:57:27] DEPRECATION WARNING: please use MorganGenerator
[15:57:27] DEPRECATION WARNING: please use MorganGenerator
[15:57:27] DEPRECATION WARNING: please use MorganGenerator
[15:57:27] DEPRECATION WARNING: please use MorganGenerator
[15:57:27] DEPRECATION WARNING: please use MorganGenerator
[15:57:27] DEPRECATION WARNING: please use MorganGenerator
[15:57:27] DEPRECATION WARNING: please use MorganGenerator
[15:57:27] DEPRECATION WARNING: please use MorganGenerator
[15:57:27] DEPRECATION WARNING: please use MorganGenerator
[15:57:27] DEPRECATION WARNING: please use MorganGenerator
[15:57:27] DEPRECATION WARNING: please use MorganGenerator
[15:57:27] DEPRECATION WARNING: please use MorganGenerator
[15:57:27] DEPRECATION WARNING: please use MorganGenerator
[15:57:27] DEPRECATION WARNING: please use MorganGenerator
[15:57:27] DEPRECATION WARNING: please use MorganGenerator
[15:57:27] DEPRECATION WARNING: please use MorganGenerator
[15:57:27] DEPRECATION WARNING: please use MorganGenerator
[15:57:27] DEPRECATION WARNING: please use MorganGenerator
[15:57:27] DEPRECATION WARNING: please use MorganGenerator
[15:57:27] DEPRECATION WARNING: please use MorganGenerator
[15:57:27] DEPRECATION WARNING: please use MorganGenerator
[15:57:27] DEPRECATION WARNING: please use MorganGenerator
[15:57:27] DEPRECATION WARNING: please use MorganGenerator
[15:57:27] DEPRECATION WARNING: please use MorganGenerator
[15:57:27] DEPRECATION WARNING: please use MorganGenerator
[15:57:27] DEPRECATION WARNING: please use MorganGenerator
[15:57:27] DEPRECATION WARNING: please use MorganGenerator
[15:57:27] DEPRECATION WARNING: please use MorganGenerator
[15:57:27] DEPRECATION WARNING: please use MorganGenerator
[15:57:27] DEPRECATION WARNING: please use MorganGenerator
[15:57:27] DEPRECATION WARNING: please use MorganGenerator
[15:57:27] DEPRECATION WARNING: please use MorganGenerator
[15:57:27] DEPRECATION WARNING: please use MorganGenerator
[15:57:27] DEPRECATION WARNING: please use MorganGenerator
[15:57:27] DEPRECATION WARNING: please use MorganGenerator
[15:57:27] DEPRECATION WARNING: please use MorganGenerator
[15:57:27] DEPRECATION WARNING: please use MorganGenerator
[15:57:27] DEPRECATION WARNING: please use MorganGenerator
[15:57:27] DEPRECATION WARNING: please use MorganGenerator
[15:57:27] DEPRECATION WARNING: please use MorganGenerator
[15:57:27] DEPRECATION WARNING: please use MorganGenerator
[15:57:27] DEPRECATION WARNING: please use MorganGenerator
[15:57:27] DEPRECATION WARNING: please use MorganGenerator
[15:57:27] DEPRECATION WARNING: please use MorganGenerator
[15:57:27] DEPRECATION WARNING: please use MorganGenerator
[15:57:27] DEPRECATION WARNING: please use MorganGenerator
[15:57:27] DEPRECATION WARNING: please use MorganGenerator
[15:57:27] DEPRECATION WARNING: please use MorganGenerator
[15:57:27] DEPRECATION WARNING: please use MorganGenerator
[15:57:27] DEPRECATION WARNING: please use MorganGenerator
[15:57:27] DEPRECATION WARNING: please use MorganGenerator
[15:57:27] DEPRECATION WARNING: please use MorganGenerator
[15:57:27] DEPRECATION WARNING: please use MorganGenerator
[15:57:27] DEPRECATION WARNING: please use MorganGenerator
[15:57:27] DEPRECATION WARNING: please use MorganGenerator
[15:57:27] DEPRECATION WARNING: please use MorganGenerator
[15:57:27] DEPRECATION WARNING: please use MorganGenerator
[15:57:27] DEPRECATION WARNING: please use MorganGenerator
[15:57:27] DEPRECATION WARNING: please use MorganGenerator
[15:57:27] DEPRECATION WARNING: please use MorganGenerator
[15:57:27] DEPRECATION WARNING: please use MorganGenerator
[15:57:27] DEPRECATION WARNING: please use MorganGenerator
[15:57:27] DEPRECATION WARNING: please use MorganGenerator
[15:57:27] DEPRECATION WARNING: please use MorganGenerator
[15:57:27] DEPRECATION WARNING: please use MorganGenerator
[15:57:27] DEPRECATION WARNING: please use MorganGenerator
[15:57:27] DEPRECATION WARNING: please use MorganGenerator
[15:57:27] DEPRECATION WARNING: please use MorganGenerator
[15:57:27] DEPRECATION WARNING: please use MorganGenerator
[15:57:27] DEPRECATION WARNING: please use MorganGenerator
[15:57:27] DEPRECATION WARNING: please use MorganGenerator
[15:57:27] DEPRECATION WARNING: please use MorganGenerator
[15:57:27] DEPRECATION WARNING: please use MorganGenerator
[15:57:27] DEPRECATION WARNING: please use MorganGenerator
[15:57:27] DEPRECATION WARNING: please use MorganGenerator
[15:57:27] DEPRECATION WARNING: please use MorganGenerator
[15:57:27] DEPRECATION WARNING: please use MorganGenerator
[15:57:27] DEPRECATION WARNING: please use MorganGenerator
[15:57:27] DEPRECATION WARNING: please use MorganGenerator
[15:57:27] DEPRECATION WARNING: please use MorganGenerator
[15:57:27] DEPRECATION WARNING: please use MorganGenerator
[15:57:27] DEPRECATION WARNING: please use MorganGenerator
[15:57:27] DEPRECATION WARNING: please use MorganGenerator
[15:57:27] DEPRECATION WARNING: please use MorganGenerator
[15:57:27] DEPRECATION WARNING: please use MorganGenerator
[15:57:27] DEPRECATION WARNING: please use MorganGenerator
[15:57:27] DEPRECATION WARNING: please use MorganGenerator
[15:57:27] DEPRECATION WARNING: please use MorganGenerator
[15:57:27] DEPRECATION WARNING: please use MorganGenerator
[15:57:27] DEPRECATION WARNING: please use MorganGenerator
[15:57:27] DEPRECATION WARNING: please use MorganGenerator
[15:57:27] DEPRECATION WARNING: please use MorganGenerator
[15:57:27] DEPRECATION WARNING: please use MorganGenerator
[15:57:27] DEPRECATION WARNING: please use MorganGenerator
[15:57:27] DEPRECATION WARNING: please use MorganGenerator
[15:57:27] DEPRECATION WARNING: please use MorganGenerator
[15:57:27] DEPRECATION WARNING: please use MorganGenerator
[15:57:27] DEPRECATION WARNING: please use MorganGenerator
[15:57:27] DEPRECATION WARNING: please use MorganGenerator
[15:57:27] DEPRECATION WARNING: please use MorganGenerator
[15:57:27] DEPRECATION WARNING: please use MorganGenerator
[15:57:27] DEPRECATION WARNING: please use MorganGenerator
[15:57:27] DEPRECATION WARNING: please use MorganGenerator
[15:57:27] DEPRECATION WARNING: please use MorganGenerator
[15:57:27] DEPRECATION WARNING: please use MorganGenerator
[15:57:27] DEPRECATION WARNING: please use MorganGenerator
[15:57:27] DEPRECATION WARNING: please use MorganGenerator
[15:57:27] DEPRECATION WARNING: please use MorganGenerator
[15:57:27] DEPRECATION WARNING: please use MorganGenerator
[15:57:27] DEPRECATION WARNING: please use MorganGenerator
[15:57:27] DEPRECATION WARNING: please use MorganGenerator
[15:57:27] DEPRECATION WARNING: please use MorganGenerator
[15:57:28] DEPRECATION WARNING: please use MorganGenerator
[15:57:28] DEPRECATION WARNING: please use MorganGenerator
[15:57:28] DEPRECATION WARNING: please use MorganGenerator
[15:57:28] DEPRECATION WARNING: please use MorganGenerator
[15:57:28] DEPRECATION WARNING: please use MorganGenerator
[15:57:28] DEPRECATION WARNING: please use MorganGenerator
[15:57:28] DEPRECATION WARNING: please use MorganGenerator
[15:57:28] DEPRECATION WARNING: please use MorganGenerator
    TFP enriched: 78 features (33 H + 25 pers_img + 20 betti)

  Optimising hybrid weights...
  Best weights: α=0.1, β=0.1, γ=0.8  (AUC=0.8579)

  Computing QK features via PennyLane IQPEmbedding kernel PCA (N_QUBITS=8, device=lightning.qubit)...
    Full kernel matrix: 200x200 = 40,000 kernel evals.
    Reducing ECFP4 to 8D via UMAP (Jaccard)...
    Full kernel matrix (200×200) via pennylane.kernels.kernel_matrix...
    Ensuring PSD and extracting top 10 kernel PCA components...
    QK features shape: (200, 10)  (explained variance ratio: 1.000)
    QK features done in 133.4s

  Running benchmark (5-fold CV)...
    ECFP4...
    FCFP4...
    MACCS...
    AP...
    PHCO...
    BPF...
    Hybrid...
    TFP...
    TNE...

  Saved: /home/nanaengo/Malaria_codesV2/Project3_Quantum_Inspired_RepresentationsV2607/results/p3_hybrid_benchmark.csv  (total wall time: 315.5s)

  Running ablation study...
  Saved: /home/nanaengo/Malaria_codesV2/Project3_Quantum_Inspired_RepresentationsV2607/results/p3_ablation.csv

Hybrid weights: α(TFP)=0.1, β(TNE)=0.1, γ(QK)=0.8

ECFP4      RF  AUC=0.8677±0.0549
FCFP4      RF  AUC=0.8454±0.0438
MACCS      RF  AUC=0.8311±0.0475
AP         RF  AUC=0.8396±0.0516
PHCO       RF  AUC=0.5000±0.0000
BPF        RF  AUC=0.8216±0.0394
Hybrid     RF  AUC=0.8421±0.0501
TFP        RF  AUC=0.5867±0.0485
TNE        RF  AUC=0.6063±0.0388

Paired t-test Hybrid vs ECFP4: t=-2.039, p=0.1110
Not significant

  Summary saved: /home/nanaengo/Malaria_codesV2/Project3_Quantum_Inspired_RepresentationsV2607/results/p3_hybrid_summary.txt
