============================================================
P3 — MC Dropout Uncertainty Quantification
  Molecules:      5000
  MC samples:     100
  Dropout rate:   0.3
============================================================

  Loading data...
  5000 molecules (active=3732, inactive=1268)
  Loading features...
    TFP loaded: (5000, 12)
    TNE loaded: (5000, 192)
  Feature matrix: (5000, 204)
  Train: 4000  Test: 1000

  Training Random Forest (n_estimators=200)...
  Standard RF AUC: 0.6819

  Running MC Dropout (100 samples, dropout=0.3)...
  MC done in 8.4s

  MC Dropout AUC:     0.6840
  Accuracy:           0.7750
  F1:                 0.8682
  Mean uncertainty:   0.0123
  95% CI coverage:    0.000
  Uncertainty-error ρ: 0.151 (p=0.0000)

  Saved: /home/nanaengo/Malaria_codesV2/Project3_Quantum_Inspired_RepresentationsV2607/results/p3_mc_uncertainty.csv
  Computing calibration curve...
  Saved: /home/nanaengo/Malaria_codesV2/Project3_Quantum_Inspired_RepresentationsV2607/results/p3_mc_uncertainty.png

MC Dropout Uncertainty Quantification
==================================================
Descriptor:         TFP+TNE
Test molecules:     1000
MC samples:         100
Dropout rate:       0.3
RF trees:           200

Standard RF:
  AUC:              0.6819

RF MC-Dropout:
  AUC:              0.6840
  Accuracy:         0.7750
  F1:               0.8682
  Mean uncertainty: 0.0123
  95% CI coverage:  0.000
  Uncertainty-error Spearman ρ: 0.151 (p=0.0000)

Interpretation:
  △ Coverage < 85% — uncertainty may be under-estimated.
  △ Weak or non-significant uncertainty-error correlation.
  Expected Calibration Error (ECE): 0.0040
  ✓ ECE < 0.05 — probabilities are well-calibrated.
  Saved: /home/nanaengo/Malaria_codesV2/Project3_Quantum_Inspired_RepresentationsV2607/results/p3_mc_uncertainty_summary.txt

  Total wall time: 15.9s
