[Parallel(n_jobs=8)]: Using backend LokyBackend with 8 concurrent workers.
============================================================
Paper 3 — TDA Pipeline
============================================================
  Loaded 19849 molecules
  [PILOT] Using first 100 molecules
  Processing 100 molecules (n_jobs=8, n_conf=50)...
  [MC-TDA] Generating 50 conformers per molecule, Boltzmann-weighting via MMFF94 energies...
joblib.externals.loky.process_executor._RemoteTraceback: 
"""
Traceback (most recent call last):
  File "/home/nanaengo/miniforge3/envs/malaria_md/lib/python3.11/site-packages/joblib/externals/loky/process_executor.py", line 490, in _process_worker
    r = call_item()
        ^^^^^^^^^^^
  File "/home/nanaengo/miniforge3/envs/malaria_md/lib/python3.11/site-packages/joblib/externals/loky/process_executor.py", line 291, in __call__
    return self.fn(*self.args, **self.kwargs)
           ^^^^^^^^^^^^^^^^^^^^^^^^^^^^^^^^^^
  File "/home/nanaengo/miniforge3/envs/malaria_md/lib/python3.11/site-packages/joblib/parallel.py", line 607, in __call__
    return [func(*args, **kwargs) for func, args, kwargs in self.items]
           ^^^^^^^^^^^^^^^^^^^^^^^^^^^^^^^^^^^^^^^^^^^^^^^^^^^^^^^^^^^^
  File "/home/nanaengo/miniforge3/envs/malaria_md/lib/python3.11/site-packages/joblib/parallel.py", line 607, in <listcomp>
    return [func(*args, **kwargs) for func, args, kwargs in self.items]
            ^^^^^^^^^^^^^^^^^^^^^
  File "/home/nanaengo/Malaria_codesV2/Project3_Quantum_Inspired_RepresentationsV2607/scripts/p3_tda_pipeline.py", line 251, in process_molecule
    weights = np.exp(-beta * rel_energies)
                             ^^^^^^^^^^^^
NameError: name 'rel_energies' is not defined
"""

The above exception was the direct cause of the following exception:

Traceback (most recent call last):
  File "/home/nanaengo/Malaria_codesV2/Project3_Quantum_Inspired_RepresentationsV2607/scripts/p3_tda_pipeline.py", line 353, in <module>
    main()
  File "/home/nanaengo/Malaria_codesV2/Project3_Quantum_Inspired_RepresentationsV2607/scripts/p3_tda_pipeline.py", line 317, in main
    tfp_df = run_pipeline(df, n_jobs=args.n_jobs, n_conf=args.n_conf)
             ^^^^^^^^^^^^^^^^^^^^^^^^^^^^^^^^^^^^^^^^^^^^^^^^^^^^^^^^
  File "/home/nanaengo/Malaria_codesV2/Project3_Quantum_Inspired_RepresentationsV2607/scripts/p3_tda_pipeline.py", line 271, in run_pipeline
    results = Parallel(n_jobs=n_jobs, verbose=5)(
              ^^^^^^^^^^^^^^^^^^^^^^^^^^^^^^^^^^^
  File "/home/nanaengo/miniforge3/envs/malaria_md/lib/python3.11/site-packages/joblib/parallel.py", line 2072, in __call__
    return output if self.return_generator else list(output)
                                                ^^^^^^^^^^^^
  File "/home/nanaengo/miniforge3/envs/malaria_md/lib/python3.11/site-packages/joblib/parallel.py", line 1682, in _get_outputs
    yield from self._retrieve()
  File "/home/nanaengo/miniforge3/envs/malaria_md/lib/python3.11/site-packages/joblib/parallel.py", line 1784, in _retrieve
    self._raise_error_fast()
  File "/home/nanaengo/miniforge3/envs/malaria_md/lib/python3.11/site-packages/joblib/parallel.py", line 1859, in _raise_error_fast
    error_job.get_result(self.timeout)
  File "/home/nanaengo/miniforge3/envs/malaria_md/lib/python3.11/site-packages/joblib/parallel.py", line 758, in get_result
    return self._return_or_raise()
           ^^^^^^^^^^^^^^^^^^^^^^^
  File "/home/nanaengo/miniforge3/envs/malaria_md/lib/python3.11/site-packages/joblib/parallel.py", line 773, in _return_or_raise
    raise self._result
NameError: name 'rel_energies' is not defined
