============================================================
P3 — MC Dropout Uncertainty Quantification
  Molecules:      5000
  MC samples:     100
  Dropout rate:   0.3
============================================================

  Loading data...
  5000 molecules (active=3732, inactive=1268)
  Loading features...
    TFP loaded: (5000, 12)
    TNE loaded: (5000, 192)
  Feature matrix: (5000, 204)
  Train: 4000  Test: 1000

  Training Random Forest (n_estimators=200)...
  Standard RF AUC: 0.6819

  Running MC Dropout (100 samples, dropout=0.3)...
  MC done in 4.0s

  MC Dropout AUC:     0.6840
  Accuracy:           0.7750
  F1:                 0.8682
  Mean uncertainty:   0.0123
  95% CI coverage:    0.000
  Uncertainty-error ρ: 0.151 (p=0.0000)

  Saved: /home/nanaengo/Malaria_codesV2/Project3_Quantum_Inspired_RepresentationsV2607/results/p3_mc_uncertainty.csv
  Computing calibration curve...
Traceback (most recent call last):
  File "/home/nanaengo/Malaria_codesV2/Project3_Quantum_Inspired_RepresentationsV2607/scripts/p3_mc_uncertainty.py", line 421, in <module>
    main()
  File "/home/nanaengo/Malaria_codesV2/Project3_Quantum_Inspired_RepresentationsV2607/scripts/p3_mc_uncertainty.py", line 352, in main
    correct_mask = np.array(records, dtype=object)[:, -1].astype(bool)
                   ~~~~~~~~~~~~~~~~~~~~~~~~~~~~~~~^^^^^^^
IndexError: too many indices for array: array is 1-dimensional, but 2 were indexed
