/home/nanaengo/miniforge3/envs/malaria_md/lib/python3.11/site-packages/pennylane/__init__.py:219: PennyLaneDeprecationWarning: PennyLane v0.44 has dropped maintainence support for NumPy < 2.0.0. You have version 1.26.4 installed. Future versions of PennyLane will not work with NumPy<2.0. Please consider upgrading NumPy using `python -m pip install numpy --upgrade`. 
  warnings.warn(
============================================================
Paper 3 — Quantum Kernel Benchmark  (lightning.qubit)
============================================================
  Circuit: IQPEmbedding (1 repeat(s))
  Qubits:  8
  Device:  lightning.qubit
  Noise:   none
  Block:   200
  Jobs:    24

  Loaded 3000 molecules  (active: 2424, inactive: 576)
  Fold 1/5...
    Building quantum kernel (2400x2400, ~7,200,000 evals)...
    Block size=200, n_jobs=24
    Chunked mode: 2400x2400 matrix, 200 blocks, 24 jobs
        Blocks: 78/144 computed (symmetry saves 66/144 = 46%)
/home/nanaengo/miniforge3/envs/malaria_md/lib/python3.11/site-packages/pennylane/__init__.py:219: PennyLaneDeprecationWarning: PennyLane v0.44 has dropped maintainence support for NumPy < 2.0.0. You have version 1.26.4 installed. Future versions of PennyLane will not work with NumPy<2.0. Please consider upgrading NumPy using `python -m pip install numpy --upgrade`. 
  warnings.warn(
/home/nanaengo/miniforge3/envs/malaria_md/lib/python3.11/site-packages/pennylane/__init__.py:219: PennyLaneDeprecationWarning: PennyLane v0.44 has dropped maintainence support for NumPy < 2.0.0. You have version 1.26.4 installed. Future versions of PennyLane will not work with NumPy<2.0. Please consider upgrading NumPy using `python -m pip install numpy --upgrade`. 
  warnings.warn(
/home/nanaengo/miniforge3/envs/malaria_md/lib/python3.11/site-packages/pennylane/__init__.py:219: PennyLaneDeprecationWarning: PennyLane v0.44 has dropped maintainence support for NumPy < 2.0.0. You have version 1.26.4 installed. Future versions of PennyLane will not work with NumPy<2.0. Please consider upgrading NumPy using `python -m pip install numpy --upgrade`. 
  warnings.warn(
/home/nanaengo/miniforge3/envs/malaria_md/lib/python3.11/site-packages/pennylane/__init__.py:219: PennyLaneDeprecationWarning: PennyLane v0.44 has dropped maintainence support for NumPy < 2.0.0. You have version 1.26.4 installed. Future versions of PennyLane will not work with NumPy<2.0. Please consider upgrading NumPy using `python -m pip install numpy --upgrade`. 
  warnings.warn(
/home/nanaengo/miniforge3/envs/malaria_md/lib/python3.11/site-packages/pennylane/__init__.py:219: PennyLaneDeprecationWarning: PennyLane v0.44 has dropped maintainence support for NumPy < 2.0.0. You have version 1.26.4 installed. Future versions of PennyLane will not work with NumPy<2.0. Please consider upgrading NumPy using `python -m pip install numpy --upgrade`. 
  warnings.warn(
/home/nanaengo/miniforge3/envs/malaria_md/lib/python3.11/site-packages/pennylane/__init__.py:219: PennyLaneDeprecationWarning: PennyLane v0.44 has dropped maintainence support for NumPy < 2.0.0. You have version 1.26.4 installed. Future versions of PennyLane will not work with NumPy<2.0. Please consider upgrading NumPy using `python -m pip install numpy --upgrade`. 
  warnings.warn(
/home/nanaengo/miniforge3/envs/malaria_md/lib/python3.11/site-packages/pennylane/__init__.py:219: PennyLaneDeprecationWarning: PennyLane v0.44 has dropped maintainence support for NumPy < 2.0.0. You have version 1.26.4 installed. Future versions of PennyLane will not work with NumPy<2.0. Please consider upgrading NumPy using `python -m pip install numpy --upgrade`. 
  warnings.warn(
/home/nanaengo/miniforge3/envs/malaria_md/lib/python3.11/site-packages/pennylane/__init__.py:219: PennyLaneDeprecationWarning: PennyLane v0.44 has dropped maintainence support for NumPy < 2.0.0. You have version 1.26.4 installed. Future versions of PennyLane will not work with NumPy<2.0. Please consider upgrading NumPy using `python -m pip install numpy --upgrade`. 
  warnings.warn(
/home/nanaengo/miniforge3/envs/malaria_md/lib/python3.11/site-packages/pennylane/__init__.py:219: PennyLaneDeprecationWarning: PennyLane v0.44 has dropped maintainence support for NumPy < 2.0.0. You have version 1.26.4 installed. Future versions of PennyLane will not work with NumPy<2.0. Please consider upgrading NumPy using `python -m pip install numpy --upgrade`. 
  warnings.warn(
/home/nanaengo/miniforge3/envs/malaria_md/lib/python3.11/site-packages/pennylane/__init__.py:219: PennyLaneDeprecationWarning: PennyLane v0.44 has dropped maintainence support for NumPy < 2.0.0. You have version 1.26.4 installed. Future versions of PennyLane will not work with NumPy<2.0. Please consider upgrading NumPy using `python -m pip install numpy --upgrade`. 
  warnings.warn(
/home/nanaengo/miniforge3/envs/malaria_md/lib/python3.11/site-packages/pennylane/__init__.py:219: PennyLaneDeprecationWarning: PennyLane v0.44 has dropped maintainence support for NumPy < 2.0.0. You have version 1.26.4 installed. Future versions of PennyLane will not work with NumPy<2.0. Please consider upgrading NumPy using `python -m pip install numpy --upgrade`. 
  warnings.warn(
/home/nanaengo/miniforge3/envs/malaria_md/lib/python3.11/site-packages/pennylane/__init__.py:219: PennyLaneDeprecationWarning: PennyLane v0.44 has dropped maintainence support for NumPy < 2.0.0. You have version 1.26.4 installed. Future versions of PennyLane will not work with NumPy<2.0. Please consider upgrading NumPy using `python -m pip install numpy --upgrade`. 
  warnings.warn(
/home/nanaengo/miniforge3/envs/malaria_md/lib/python3.11/site-packages/pennylane/__init__.py:219: PennyLaneDeprecationWarning: PennyLane v0.44 has dropped maintainence support for NumPy < 2.0.0. You have version 1.26.4 installed. Future versions of PennyLane will not work with NumPy<2.0. Please consider upgrading NumPy using `python -m pip install numpy --upgrade`. 
  warnings.warn(
/home/nanaengo/miniforge3/envs/malaria_md/lib/python3.11/site-packages/pennylane/__init__.py:219: PennyLaneDeprecationWarning: PennyLane v0.44 has dropped maintainence support for NumPy < 2.0.0. You have version 1.26.4 installed. Future versions of PennyLane will not work with NumPy<2.0. Please consider upgrading NumPy using `python -m pip install numpy --upgrade`. 
  warnings.warn(
/home/nanaengo/miniforge3/envs/malaria_md/lib/python3.11/site-packages/pennylane/__init__.py:219: PennyLaneDeprecationWarning: PennyLane v0.44 has dropped maintainence support for NumPy < 2.0.0. You have version 1.26.4 installed. Future versions of PennyLane will not work with NumPy<2.0. Please consider upgrading NumPy using `python -m pip install numpy --upgrade`. 
  warnings.warn(
/home/nanaengo/miniforge3/envs/malaria_md/lib/python3.11/site-packages/pennylane/__init__.py:219: PennyLaneDeprecationWarning: PennyLane v0.44 has dropped maintainence support for NumPy < 2.0.0. You have version 1.26.4 installed. Future versions of PennyLane will not work with NumPy<2.0. Please consider upgrading NumPy using `python -m pip install numpy --upgrade`. 
  warnings.warn(
/home/nanaengo/miniforge3/envs/malaria_md/lib/python3.11/site-packages/pennylane/__init__.py:219: PennyLaneDeprecationWarning: PennyLane v0.44 has dropped maintainence support for NumPy < 2.0.0. You have version 1.26.4 installed. Future versions of PennyLane will not work with NumPy<2.0. Please consider upgrading NumPy using `python -m pip install numpy --upgrade`. 
  warnings.warn(
/home/nanaengo/miniforge3/envs/malaria_md/lib/python3.11/site-packages/pennylane/__init__.py:219: PennyLaneDeprecationWarning: PennyLane v0.44 has dropped maintainence support for NumPy < 2.0.0. You have version 1.26.4 installed. Future versions of PennyLane will not work with NumPy<2.0. Please consider upgrading NumPy using `python -m pip install numpy --upgrade`. 
  warnings.warn(
/home/nanaengo/miniforge3/envs/malaria_md/lib/python3.11/site-packages/pennylane/__init__.py:219: PennyLaneDeprecationWarning: PennyLane v0.44 has dropped maintainence support for NumPy < 2.0.0. You have version 1.26.4 installed. Future versions of PennyLane will not work with NumPy<2.0. Please consider upgrading NumPy using `python -m pip install numpy --upgrade`. 
  warnings.warn(
/home/nanaengo/miniforge3/envs/malaria_md/lib/python3.11/site-packages/pennylane/__init__.py:219: PennyLaneDeprecationWarning: PennyLane v0.44 has dropped maintainence support for NumPy < 2.0.0. You have version 1.26.4 installed. Future versions of PennyLane will not work with NumPy<2.0. Please consider upgrading NumPy using `python -m pip install numpy --upgrade`. 
  warnings.warn(
/home/nanaengo/miniforge3/envs/malaria_md/lib/python3.11/site-packages/pennylane/__init__.py:219: PennyLaneDeprecationWarning: PennyLane v0.44 has dropped maintainence support for NumPy < 2.0.0. You have version 1.26.4 installed. Future versions of PennyLane will not work with NumPy<2.0. Please consider upgrading NumPy using `python -m pip install numpy --upgrade`. 
  warnings.warn(
/home/nanaengo/miniforge3/envs/malaria_md/lib/python3.11/site-packages/pennylane/__init__.py:219: PennyLaneDeprecationWarning: PennyLane v0.44 has dropped maintainence support for NumPy < 2.0.0. You have version 1.26.4 installed. Future versions of PennyLane will not work with NumPy<2.0. Please consider upgrading NumPy using `python -m pip install numpy --upgrade`. 
  warnings.warn(
/home/nanaengo/miniforge3/envs/malaria_md/lib/python3.11/site-packages/pennylane/__init__.py:219: PennyLaneDeprecationWarning: PennyLane v0.44 has dropped maintainence support for NumPy < 2.0.0. You have version 1.26.4 installed. Future versions of PennyLane will not work with NumPy<2.0. Please consider upgrading NumPy using `python -m pip install numpy --upgrade`. 
  warnings.warn(
/home/nanaengo/miniforge3/envs/malaria_md/lib/python3.11/site-packages/pennylane/__init__.py:219: PennyLaneDeprecationWarning: PennyLane v0.44 has dropped maintainence support for NumPy < 2.0.0. You have version 1.26.4 installed. Future versions of PennyLane will not work with NumPy<2.0. Please consider upgrading NumPy using `python -m pip install numpy --upgrade`. 
  warnings.warn(
