[21:38:20] UFFTYPER: Unrecognized atom type: B_1 (1)
[21:38:20] UFFTYPER: Unrecognized charge state for atom: 2
[21:38:22] UFFTYPER: Unrecognized atom type: B_1 (2)
[21:38:23] UFFTYPER: Unrecognized atom type: B_1 (5)
[21:38:24] UFFTYPER: Unrecognized atom type: B_1 (4)
[21:38:29] UFFTYPER: Unrecognized atom type: B_1 (12)
[21:38:46] UFFTYPER: Warning: hybridization set to SP3 for atom 11
[21:38:46] UFFTYPER: Unrecognized charge state for atom: 11
[21:38:56] UFFTYPER: Unrecognized charge state for atom: 0
[21:38:56] UFFTYPER: Unrecognized atom type: S_1+6 (0)
[21:38:57] UFFTYPER: Unrecognized atom type: B_1 (3)
[21:38:57] UFFTYPER: Unrecognized atom type: B_1 (1)
[21:38:58] UFFTYPER: Warning: hybridization set to SP3 for atom 8
[21:38:59] UFFTYPER: Warning: hybridization set to SP3 for atom 3
[21:38:59] Can't kekulize mol.  Unkekulized atoms: 2 4 5 9 10 20 21 22
[21:39:13] UFFTYPER: Unrecognized atom type: B_1 (0)
[21:39:13] UFFTYPER: Unrecognized atom type: B_1 (8)
[21:39:15] UFFTYPER: Unrecognized atom type: B_ (0)
[21:39:18] UFFTYPER: Unrecognized charge state for atom: 6
[21:39:20] UFFTYPER: Unrecognized atom type: B_1 (0)
[21:39:21] UFFTYPER: Unrecognized atom type: B_1 (16)
[21:39:21] UFFTYPER: Unrecognized charge state for atom: 7
[21:39:22] UFFTYPER: Unrecognized atom type: B_1 (2)
[21:39:23] UFFTYPER: Warning: hybridization set to SP3 for atom 2
[21:39:23] UFFTYPER: Warning: hybridization set to SP3 for atom 16
[21:39:23] Can't kekulize mol.  Unkekulized atoms: 4 5 6 17 18 19 20 21 22
[21:39:24] UFFTYPER: Warning: hybridization set to SP3 for atom 16
[21:39:25] UFFTYPER: Unrecognized atom type: B_1 (10)
[21:39:25] UFFTYPER: Unrecognized atom type: S_5+4 (4)
[21:39:36] UFFTYPER: Unrecognized atom type: B_ (0)
[21:39:37] UFFTYPER: Unrecognized atom type: B_ (0)
[21:39:37] UFFTYPER: Unrecognized atom type: B_1 (10)
[21:39:51] UFFTYPER: Unrecognized atom type: B_ (0)
[21:39:51] UFFTYPER: Warning: hybridization set to SP3 for atom 9
[21:39:53] UFFTYPER: Unrecognized atom type: B_1 (3)
[21:39:53] UFFTYPER: Unrecognized atom type: B_1 (3)
[21:39:54] UFFTYPER: Unrecognized atom type: B_1 (19)
[21:39:56] UFFTYPER: Warning: hybridization set to SP3 for atom 1
[21:39:57] UFFTYPER: Unrecognized atom type: B_1 (12)
[21:40:21] UFFTYPER: Warning: hybridization set to SP3 for atom 7
[21:40:30] UFFTYPER: Unrecognized atom type: B_1 (2)
[21:40:32] UFFTYPER: Unrecognized charge state for atom: 4
[21:40:42] UFFTYPER: Unrecognized atom type: B_1 (11)
[21:41:04] UFFTYPER: Warning: hybridization set to SP3 for atom 6
[21:41:04] UFFTYPER: Unrecognized charge state for atom: 6
============================================================
Paper 3 — TDA Pipeline
============================================================
  Loaded 19849 molecules
  Processing 19849 molecules (n_jobs=1)...
    0/19849...
    500/19849...
    1000/19849...
    1500/19849...
    2000/19849...
    2500/19849...
    3000/19849...
    3500/19849...
    4000/19849...
    4500/19849...
    5000/19849...
    5500/19849...
    6000/19849...
    6500/19849...
    7000/19849...
    7500/19849...
    8000/19849...
    8500/19849...
    9000/19849...
    9500/19849...
    10000/19849...
    10500/19849...
    11000/19849...
    11500/19849...
    12000/19849...
    12500/19849...
    13000/19849...
    13500/19849...
    14000/19849...
    14500/19849...
    15000/19849...
    15500/19849...
    16000/19849...
    16500/19849...
    17000/19849...
    17500/19849...
    18000/19849...
    18500/19849...
    19000/19849...
    19500/19849...
  Completed: 19836/19849 molecules (13 failed 3D embedding)

  Saved: /home/nanaengo/Malaria_codesV2/Project3_Quantum_Inspired_RepresentationsV2607/results/p3_tda_fingerprints.csv

Molecules processed : 19849
Valid TFPs          : 19836
Failed (no 3D)      : 13

TFP feature statistics (valid molecules):
  H0_entropy            mean=3.5781  std=0.2014  min=2.2887  max=4.1943
  H0_count              mean=38.0452  std=7.3462  min=11.0000  max=69.0000
  H0_max_pers           mean=2.7171  std=0.6725  min=1.9857  max=5.9491
  H0_mean_pers          mean=1.6140  std=0.0632  min=1.4414  max=2.0281
  H1_entropy            mean=1.6357  std=0.3349  min=-0.0000  max=2.7234
  H1_count              mean=3.6063  std=1.3431  min=1.0000  max=10.0000
  H1_max_pers           mean=1.3918  std=0.0572  min=0.6238  max=2.7075
  H1_mean_pers          mean=0.6136  std=0.1339  min=0.2356  max=1.4000
  H2_entropy            mean=0.6955  std=0.3527  min=-0.0000  max=1.9579
  H2_count              mean=0.0291  std=0.1690  min=0.0000  max=2.0000
  H2_max_pers           mean=0.4669  std=0.0490  min=0.0000  max=1.0522
  H2_mean_pers          mean=0.3841  std=0.0885  min=0.0000  max=0.7344

  Summary saved: /home/nanaengo/Malaria_codesV2/Project3_Quantum_Inspired_RepresentationsV2607/results/p3_tda_summary.txt
