[21:38:58] UFFTYPER: Unrecognized atom type: B_1 (1)
[21:38:58] UFFTYPER: Unrecognized charge state for atom: 2
[21:39:00] UFFTYPER: Unrecognized atom type: B_1 (2)
[21:39:01] UFFTYPER: Unrecognized atom type: B_1 (5)
[21:39:02] UFFTYPER: Unrecognized atom type: B_1 (4)
[21:39:08] UFFTYPER: Unrecognized atom type: B_1 (12)
[21:39:25] UFFTYPER: Warning: hybridization set to SP3 for atom 11
[21:39:25] UFFTYPER: Unrecognized charge state for atom: 11
[21:39:35] UFFTYPER: Unrecognized charge state for atom: 0
[21:39:35] UFFTYPER: Unrecognized atom type: S_1+6 (0)
[21:39:36] UFFTYPER: Unrecognized atom type: B_1 (3)
[21:39:36] UFFTYPER: Unrecognized atom type: B_1 (1)
[21:39:37] UFFTYPER: Warning: hybridization set to SP3 for atom 8
[21:39:39] UFFTYPER: Warning: hybridization set to SP3 for atom 3
[21:39:39] Can't kekulize mol.  Unkekulized atoms: 2 4 5 9 10 20 21 22
[21:39:53] UFFTYPER: Unrecognized atom type: B_1 (0)
[21:39:54] UFFTYPER: Unrecognized atom type: B_1 (8)
[21:39:55] UFFTYPER: Unrecognized atom type: B_ (0)
[21:39:59] UFFTYPER: Unrecognized charge state for atom: 6
[21:40:01] UFFTYPER: Unrecognized atom type: B_1 (0)
[21:40:01] UFFTYPER: Unrecognized atom type: B_1 (16)
[21:40:02] UFFTYPER: Unrecognized charge state for atom: 7
[21:40:02] UFFTYPER: Unrecognized atom type: B_1 (2)
[21:40:04] UFFTYPER: Warning: hybridization set to SP3 for atom 2
[21:40:04] UFFTYPER: Warning: hybridization set to SP3 for atom 16
[21:40:04] Can't kekulize mol.  Unkekulized atoms: 4 5 6 17 18 19 20 21 22
[21:40:05] UFFTYPER: Warning: hybridization set to SP3 for atom 16
[21:40:05] UFFTYPER: Unrecognized atom type: B_1 (10)
[21:40:06] UFFTYPER: Unrecognized atom type: S_5+4 (4)
[21:40:17] UFFTYPER: Unrecognized atom type: B_ (0)
[21:40:19] UFFTYPER: Unrecognized atom type: B_ (0)
[21:40:19] UFFTYPER: Unrecognized atom type: B_1 (10)
[21:40:33] UFFTYPER: Unrecognized atom type: B_ (0)
[21:40:33] UFFTYPER: Warning: hybridization set to SP3 for atom 9
[21:40:36] UFFTYPER: Unrecognized atom type: B_1 (3)
[21:40:36] UFFTYPER: Unrecognized atom type: B_1 (3)
[21:40:36] UFFTYPER: Unrecognized atom type: B_1 (19)
[21:40:38] UFFTYPER: Warning: hybridization set to SP3 for atom 1
[21:40:40] UFFTYPER: Unrecognized atom type: B_1 (12)
[21:41:05] UFFTYPER: Warning: hybridization set to SP3 for atom 7
[21:41:15] UFFTYPER: Unrecognized atom type: B_1 (2)
[21:41:17] UFFTYPER: Unrecognized charge state for atom: 4
[21:41:27] UFFTYPER: Unrecognized atom type: B_1 (11)
[21:41:50] UFFTYPER: Warning: hybridization set to SP3 for atom 6
[21:41:50] UFFTYPER: Unrecognized charge state for atom: 6
============================================================
Paper 3 — Tensor Network Embedding (bond_dim=8)
============================================================
  Loaded 19849 molecules
  Tensor shape: (100, 10, 3)  →  core dim: 192
  Compression ratio: 15.6×
    0/19849...
    500/19849...
    1000/19849...
    1500/19849...
    2000/19849...
    2500/19849...
    3000/19849...
    3500/19849...
    4000/19849...
    4500/19849...
    5000/19849...
    5500/19849...
    6000/19849...
    6500/19849...
    7000/19849...
    7500/19849...
    8000/19849...
    8500/19849...
    9000/19849...
    9500/19849...
    10000/19849...
    10500/19849...
    11000/19849...
    11500/19849...
    12000/19849...
    12500/19849...
    13000/19849...
    13500/19849...
    14000/19849...
    14500/19849...
    15000/19849...
    15500/19849...
    16000/19849...
    16500/19849...
    17000/19849...
    17500/19849...
    18000/19849...
    18500/19849...
    19000/19849...
    19500/19849...
  Completed: 19836/19849 (13 failed)

  Saved: /home/nanaengo/Malaria_codesV2/Project3_Quantum_Inspired_RepresentationsV2607/results/p3_tne_embeddings.csv

Molecules processed  : 19849
Valid embeddings     : 19836
Failed               : 13
Bond dimension       : 8
Input tensor size    : 3000
Core descriptor dim  : 192
Compression ratio    : 15.6×
Mean recon. error    : 0.1130
Max  recon. error    : 0.2196

  Summary saved: /home/nanaengo/Malaria_codesV2/Project3_Quantum_Inspired_RepresentationsV2607/results/p3_tne_summary.txt
